Archive member included to satisfy reference by file (symbol)

h:/embedded/clion/gcc-arm-none-eabi-10.3-2021.10-win32/gcc-arm-none-eabi-10.3-2021.10/bin/../lib/gcc/arm-none-eabi/10.3.1/thumb/v7e-m/nofp\libgcc.a(_aeabi_uldivmod.o)
                              CMakeFiles/HAL_T.elf.dir/Drivers/STM32G4xx_HAL_Driver/Src/stm32g4xx_hal_uart.c.obj (__aeabi_uldivmod)
h:/embedded/clion/gcc-arm-none-eabi-10.3-2021.10-win32/gcc-arm-none-eabi-10.3-2021.10/bin/../lib/gcc/arm-none-eabi/10.3.1/thumb/v7e-m/nofp\libgcc.a(_udivmoddi4.o)
                              h:/embedded/clion/gcc-arm-none-eabi-10.3-2021.10-win32/gcc-arm-none-eabi-10.3-2021.10/bin/../lib/gcc/arm-none-eabi/10.3.1/thumb/v7e-m/nofp\libgcc.a(_aeabi_uldivmod.o) (__udivmoddi4)
h:/embedded/clion/gcc-arm-none-eabi-10.3-2021.10-win32/gcc-arm-none-eabi-10.3-2021.10/bin/../lib/gcc/arm-none-eabi/10.3.1/thumb/v7e-m/nofp\libgcc.a(_dvmd_tls.o)
                              h:/embedded/clion/gcc-arm-none-eabi-10.3-2021.10-win32/gcc-arm-none-eabi-10.3-2021.10/bin/../lib/gcc/arm-none-eabi/10.3.1/thumb/v7e-m/nofp\libgcc.a(_aeabi_uldivmod.o) (__aeabi_ldiv0)
h:/embedded/clion/gcc-arm-none-eabi-10.3-2021.10-win32/gcc-arm-none-eabi-10.3-2021.10/bin/../lib/gcc/arm-none-eabi/10.3.1/../../../../arm-none-eabi/lib/thumb/v7e-m/nofp\libc.a(lib_a-errno.o)
                              CMakeFiles/HAL_T.elf.dir/Core/Src/syscalls.c.obj (__errno)
h:/embedded/clion/gcc-arm-none-eabi-10.3-2021.10-win32/gcc-arm-none-eabi-10.3-2021.10/bin/../lib/gcc/arm-none-eabi/10.3.1/../../../../arm-none-eabi/lib/thumb/v7e-m/nofp\libc.a(lib_a-exit.o)
                              h:/embedded/clion/gcc-arm-none-eabi-10.3-2021.10-win32/gcc-arm-none-eabi-10.3-2021.10/bin/../lib/gcc/arm-none-eabi/10.3.1/../../../../arm-none-eabi/lib/thumb/v7e-m/nofp/crt0.o (exit)
h:/embedded/clion/gcc-arm-none-eabi-10.3-2021.10-win32/gcc-arm-none-eabi-10.3-2021.10/bin/../lib/gcc/arm-none-eabi/10.3.1/../../../../arm-none-eabi/lib/thumb/v7e-m/nofp\libc.a(lib_a-impure.o)
                              h:/embedded/clion/gcc-arm-none-eabi-10.3-2021.10-win32/gcc-arm-none-eabi-10.3-2021.10/bin/../lib/gcc/arm-none-eabi/10.3.1/../../../../arm-none-eabi/lib/thumb/v7e-m/nofp\libc.a(lib_a-exit.o) (_global_impure_ptr)
h:/embedded/clion/gcc-arm-none-eabi-10.3-2021.10-win32/gcc-arm-none-eabi-10.3-2021.10/bin/../lib/gcc/arm-none-eabi/10.3.1/../../../../arm-none-eabi/lib/thumb/v7e-m/nofp\libc.a(lib_a-init.o)
                              h:/embedded/clion/gcc-arm-none-eabi-10.3-2021.10-win32/gcc-arm-none-eabi-10.3-2021.10/bin/../lib/gcc/arm-none-eabi/10.3.1/../../../../arm-none-eabi/lib/thumb/v7e-m/nofp/crt0.o (__libc_init_array)
h:/embedded/clion/gcc-arm-none-eabi-10.3-2021.10-win32/gcc-arm-none-eabi-10.3-2021.10/bin/../lib/gcc/arm-none-eabi/10.3.1/../../../../arm-none-eabi/lib/thumb/v7e-m/nofp\libc.a(lib_a-memset.o)
                              h:/embedded/clion/gcc-arm-none-eabi-10.3-2021.10-win32/gcc-arm-none-eabi-10.3-2021.10/bin/../lib/gcc/arm-none-eabi/10.3.1/../../../../arm-none-eabi/lib/thumb/v7e-m/nofp/crt0.o (memset)
h:/embedded/clion/gcc-arm-none-eabi-10.3-2021.10-win32/gcc-arm-none-eabi-10.3-2021.10/bin/../lib/gcc/arm-none-eabi/10.3.1/../../../../arm-none-eabi/lib/thumb/v7e-m/nofp\libc.a(lib_a-puts.o)
                              CMakeFiles/HAL_T.elf.dir/Core/Src/main.c.obj (puts)
h:/embedded/clion/gcc-arm-none-eabi-10.3-2021.10-win32/gcc-arm-none-eabi-10.3-2021.10/bin/../lib/gcc/arm-none-eabi/10.3.1/../../../../arm-none-eabi/lib/thumb/v7e-m/nofp\libc.a(lib_a-strlen.o)
                              h:/embedded/clion/gcc-arm-none-eabi-10.3-2021.10-win32/gcc-arm-none-eabi-10.3-2021.10/bin/../lib/gcc/arm-none-eabi/10.3.1/../../../../arm-none-eabi/lib/thumb/v7e-m/nofp\libc.a(lib_a-puts.o) (strlen)
h:/embedded/clion/gcc-arm-none-eabi-10.3-2021.10-win32/gcc-arm-none-eabi-10.3-2021.10/bin/../lib/gcc/arm-none-eabi/10.3.1/../../../../arm-none-eabi/lib/thumb/v7e-m/nofp\libc.a(lib_a-__call_atexit.o)
                              h:/embedded/clion/gcc-arm-none-eabi-10.3-2021.10-win32/gcc-arm-none-eabi-10.3-2021.10/bin/../lib/gcc/arm-none-eabi/10.3.1/../../../../arm-none-eabi/lib/thumb/v7e-m/nofp\libc.a(lib_a-exit.o) (__call_exitprocs)
h:/embedded/clion/gcc-arm-none-eabi-10.3-2021.10-win32/gcc-arm-none-eabi-10.3-2021.10/bin/../lib/gcc/arm-none-eabi/10.3.1/../../../../arm-none-eabi/lib/thumb/v7e-m/nofp\libc.a(lib_a-atexit.o)
                              h:/embedded/clion/gcc-arm-none-eabi-10.3-2021.10-win32/gcc-arm-none-eabi-10.3-2021.10/bin/../lib/gcc/arm-none-eabi/10.3.1/../../../../arm-none-eabi/lib/thumb/v7e-m/nofp\libc.a(lib_a-__call_atexit.o) (atexit)
h:/embedded/clion/gcc-arm-none-eabi-10.3-2021.10-win32/gcc-arm-none-eabi-10.3-2021.10/bin/../lib/gcc/arm-none-eabi/10.3.1/../../../../arm-none-eabi/lib/thumb/v7e-m/nofp\libc.a(lib_a-findfp.o)
[...]
Memory Configuration

Name             Origin             Length             Attributes
RAM              0x20000000         0x00020000         xrw
FLASH            0x08000000         0x00080000         xr
*default*        0x00000000         0xffffffff

Linker script and memory map

LOAD h:/embedded/clion/gcc-arm-none-eabi-10.3-2021.10-win32/gcc-arm-none-eabi-10.3-2021.10/bin/../lib/gcc/arm-none-eabi/10.3.1/thumb/v7e-m/nofp/crti.o
LOAD h:/embedded/clion/gcc-arm-none-eabi-10.3-2021.10-win32/gcc-arm-none-eabi-10.3-2021.10/bin/../lib/gcc/arm-none-eabi/10.3.1/thumb/v7e-m/nofp/crtbegin.o
LOAD h:/embedded/clion/gcc-arm-none-eabi-10.3-2021.10-win32/gcc-arm-none-eabi-10.3-2021.10/bin/../lib/gcc/arm-none-eabi/10.3.1/../../../../arm-none-eabi/lib/thumb/v7e-m/nofp/crt0.o
LOAD CMakeFiles/HAL_T.elf.dir/Core/Src/dma.c.obj
LOAD CMakeFiles/HAL_T.elf.dir/Core/Src/gpio.c.obj
LOAD CMakeFiles/HAL_T.elf.dir/Core/Src/main.c.obj
LOAD CMakeFiles/HAL_T.elf.dir/Core/Src/stm32g4xx_hal_msp.c.obj
LOAD CMakeFiles/HAL_T.elf.dir/Core/Src/stm32g4xx_hal_timebase_tim.c.obj
LOAD CMakeFiles/HAL_T.elf.dir/Core/Src/stm32g4xx_it.c.obj
LOAD CMakeFiles/HAL_T.elf.dir/Core/Src/syscalls.c.obj
LOAD CMakeFiles/HAL_T.elf.dir/Core/Src/sysmem.c.obj
LOAD CMakeFiles/HAL_T.elf.dir/Core/Src/system_stm32g4xx.c.obj
LOAD CMakeFiles/HAL_T.elf.dir/Core/Src/usart.c.obj
LOAD CMakeFiles/HAL_T.elf.dir/Core/Startup/startup_stm32g474retx.s.obj
LOAD CMakeFiles/HAL_T.elf.dir/Drivers/STM32G4xx_HAL_Driver/Src/stm32g4xx_hal.c.obj
LOAD CMakeFiles/HAL_T.elf.dir/Drivers/STM32G4xx_HAL_Driver/Src/stm32g4xx_hal_cortex.c.obj
LOAD CMakeFiles/HAL_T.elf.dir/Drivers/STM32G4xx_HAL_Driver/Src/stm32g4xx_hal_dma.c.obj
LOAD CMakeFiles/HAL_T.elf.dir/Drivers/STM32G4xx_HAL_Driver/Src/stm32g4xx_hal_dma_ex.c.obj
LOAD CMakeFiles/HAL_T.elf.dir/Drivers/STM32G4xx_HAL_Driver/Src/stm32g4xx_hal_exti.c.obj
LOAD CMakeFiles/HAL_T.elf.dir/Drivers/STM32G4xx_HAL_Driver/Src/stm32g4xx_hal_flash.c.obj
LOAD CMakeFiles/HAL_T.elf.dir/Drivers/STM32G4xx_HAL_Driver/Src/stm32g4xx_hal_flash_ex.c.obj
LOAD CMakeFiles/HAL_T.elf.dir/Drivers/STM32G4xx_HAL_Driver/Src/stm32g4xx_hal_flash_ramfunc.c.obj
LOAD CMakeFiles/HAL_T.elf.dir/Drivers/STM32G4xx_HAL_Driver/Src/stm32g4xx_hal_gpio.c.obj
LOAD CMakeFiles/HAL_T.elf.dir/Drivers/STM32G4xx_HAL_Driver/Src/stm32g4xx_hal_pwr.c.obj
LOAD CMakeFiles/HAL_T.elf.dir/Drivers/STM32G4xx_HAL_Driver/Src/stm32g4xx_hal_pwr_ex.c.obj
LOAD CMakeFiles/HAL_T.elf.dir/Drivers/STM32G4xx_HAL_Driver/Src/stm32g4xx_hal_rcc.c.obj
LOAD CMakeFiles/HAL_T.elf.dir/Drivers/STM32G4xx_HAL_Driver/Src/stm32g4xx_hal_rcc_ex.c.obj
LOAD CMakeFiles/HAL_T.elf.dir/Drivers/STM32G4xx_HAL_Driver/Src/stm32g4xx_hal_tim.c.obj
LOAD CMakeFiles/HAL_T.elf.dir/Drivers/STM32G4xx_HAL_Driver/Src/stm32g4xx_hal_tim_ex.c.obj
LOAD CMakeFiles/HAL_T.elf.dir/Drivers/STM32G4xx_HAL_Driver/Src/stm32g4xx_hal_uart.c.obj
LOAD CMakeFiles/HAL_T.elf.dir/Drivers/STM32G4xx_HAL_Driver/Src/stm32g4xx_hal_uart_ex.c.obj
LOAD CMakeFiles/HAL_T.elf.dir/User/Src/led.c.obj
LOAD CMakeFiles/HAL_T.elf.dir/User/Src/uart.c.obj
START GROUP
LOAD h:/embedded/clion/gcc-arm-none-eabi-10.3-2021.10-win32/gcc-arm-none-eabi-10.3-2021.10/bin/../lib/gcc/arm-none-eabi/10.3.1/thumb/v7e-m/nofp\libgcc.a
LOAD h:/embedded/clion/gcc-arm-none-eabi-10.3-2021.10-win32/gcc-arm-none-eabi-10.3-2021.10/bin/../lib/gcc/arm-none-eabi/10.3.1/../../../../arm-none-eabi/lib/thumb/v7e-m/nofp\libc.a
END GROUP
LOAD h:/embedded/clion/gcc-arm-none-eabi-10.3-2021.10-win32/gcc-arm-none-eabi-10.3-2021.10/bin/../lib/gcc/arm-none-eabi/10.3.1/thumb/v7e-m/nofp/crtend.o
LOAD h:/embedded/clion/gcc-arm-none-eabi-10.3-2021.10-win32/gcc-arm-none-eabi-10.3-2021.10/bin/../lib/gcc/arm-none-eabi/10.3.1/thumb/v7e-m/nofp/crtn.o
                0x20020000                _estack = (ORIGIN (RAM) + LENGTH (RAM))
                0x00000200                _Min_Heap_Size = 0x200
                0x00000400                _Min_Stack_Size = 0x400

.isr_vector     0x08000000      0x1d8
                0x08000000                . = ALIGN (0x4)
 *(.isr_vector)
 .isr_vector    0x08000000      0x1d8 CMakeFiles/HAL_T.elf.dir/Core/Startup/startup_stm32g474retx.s.obj
                0x08000000                g_pfnVectors
                0x080001d8                . = ALIGN (0x4)

.text           0x08000200     0x4908
                0x08000200                . = ALIGN (0x4)
 *(.text)
 .text          0x08000200       0x40 h:/embedded/clion/gcc-arm-none-eabi-10.3-2021.10-win32/gcc-arm-none-eabi-10.3-2021.10/bin/../lib/gcc/arm-none-eabi/10.3.1/thumb/v7e-m/nofp/crtbegin.o
 .text          0x08000240       0x30 h:/embedded/clion/gcc-arm-none-eabi-10.3-2021.10-win32/gcc-arm-none-eabi-10.3-2021.10/bin/../lib/gcc/arm-none-eabi/10.3.1/thumb/v7e-m/nofp\libgcc.a(_aeabi_uldivmod.o)
                0x08000240                __aeabi_uldivmod
 .text          0x08000270      0x2d0 h:/embedded/clion/gcc-arm-none-eabi-10.3-2021.10-win32/gcc-arm-none-eabi-10.3-2021.10/bin/../lib/gcc/arm-none-eabi/10.3.1/thumb/v7e-m/nofp\libgcc.a(_udivmoddi4.o)
                0x08000270                __udivmoddi4
 .text          0x08000540        0x4 h:/embedded/clion/gcc-arm-none-eabi-10.3-2021.10-win32/gcc-arm-none-eabi-10.3-2021.10/bin/../lib/gcc/arm-none-eabi/10.3.1/thumb/v7e-m/nofp\libgcc.a(_dvmd_tls.o)
                0x08000540                __aeabi_idiv0
                0x08000540                __aeabi_ldiv0
 *fill*         0x08000544       0x3c 
 .text          0x08000580       0xdc h:/embedded/clion/gcc-arm-none-eabi-10.3-2021.10-win32/gcc-arm-none-eabi-10.3-2021.10/bin/../lib/gcc/arm-none-eabi/10.3.1/../../../../arm-none-eabi/lib/thumb/v7e-m/nofp\libc.a(lib_a-strlen.o)
                0x08000580                strlen
 *fill*         0x0800065c        0x4 
 .text          0x08000660       0xa0 h:/embedded/clion/gcc-arm-none-eabi-10.3-2021.10-win32/gcc-arm-none-eabi-10.3-2021.10/bin/../lib/gcc/arm-none-eabi/10.3.1/../../../../arm-none-eabi/lib/thumb/v7e-m/nofp\libc.a(lib_a-memchr.o)
                0x08000660                memchr
 .text          0x08000700      0x134 h:/embedded/clion/gcc-arm-none-eabi-10.3-2021.10-win32/gcc-arm-none-eabi-10.3-2021.10/bin/../lib/gcc/arm-none-eabi/10.3.1/../../../../arm-none-eabi/lib/thumb/v7e-m/nofp\libc.a(lib_a-memcpy.o)
                0x08000700                memcpy
 *(.text*)
 .text.MX_DMA_Init
                0x08000834       0x54 CMakeFiles/HAL_T.elf.dir/Core/Src/dma.c.obj
                0x08000834                MX_DMA_Init
 .text.MX_GPIO_Init
                0x08000888       0x78 CMakeFiles/HAL_T.elf.dir/Core/Src/gpio.c.obj
                0x08000888                MX_GPIO_Init
 .text.__io_putchar
                0x08000900       0x20 CMakeFiles/HAL_T.elf.dir/Core/Src/main.c.obj
                0x08000900                __io_putchar
 .text.HAL_TIM_PeriodElapsedCallback
                0x08000920       0x18 CMakeFiles/HAL_T.elf.dir/Core/Src/main.c.obj
                0x08000920                HAL_TIM_PeriodElapsedCallback
 .text.Error_Handler
                0x08000938        0x4 CMakeFiles/HAL_T.elf.dir/Core/Src/main.c.obj
                0x08000938                Error_Handler
 .text.SystemClock_Config
                0x0800093c       0x70 CMakeFiles/HAL_T.elf.dir/Core/Src/main.c.obj
                0x0800093c                SystemClock_Config
 .text.main     0x080009ac       0x34 CMakeFiles/HAL_T.elf.dir/Core/Src/main.c.obj
                0x080009ac                main
 .text.HAL_MspInit
                0x080009e0       0x38 CMakeFiles/HAL_T.elf.dir/Core/Src/stm32g4xx_hal_msp.c.obj
                0x080009e0                HAL_MspInit
 .text.HAL_InitTick
                0x08000a18       0x94 CMakeFiles/HAL_T.elf.dir/Core/Src/stm32g4xx_hal_timebase_tim.c.obj
                0x08000a18                HAL_InitTick
 .text.NMI_Handler
                0x08000aac        0x2 CMakeFiles/HAL_T.elf.dir/Core/Src/stm32g4xx_it.c.obj
                0x08000aac                NMI_Handler
 .text.HardFault_Handler
                0x08000aae        0x2 CMakeFiles/HAL_T.elf.dir/Core/Src/stm32g4xx_it.c.obj
                0x08000aae                HardFault_Handler
 .text.MemManage_Handler
                0x08000ab0        0x2 CMakeFiles/HAL_T.elf.dir/Core/Src/stm32g4xx_it.c.obj
                0x08000ab0                MemManage_Handler
 .text.BusFault_Handler
                0x08000ab2        0x2 CMakeFiles/HAL_T.elf.dir/Core/Src/stm32g4xx_it.c.obj
                0x08000ab2                BusFault_Handler
 .text.UsageFault_Handler
                0x08000ab4        0x2 CMakeFiles/HAL_T.elf.dir/Core/Src/stm32g4xx_it.c.obj
                0x08000ab4                UsageFault_Handler
 .text.SVC_Handler
                0x08000ab6        0x2 CMakeFiles/HAL_T.elf.dir/Core/Src/stm32g4xx_it.c.obj
                0x08000ab6                SVC_Handler
 .text.DebugMon_Handler
                0x08000ab8        0x2 CMakeFiles/HAL_T.elf.dir/Core/Src/stm32g4xx_it.c.obj
                0x08000ab8                DebugMon_Handler
 .text.PendSV_Handler
                0x08000aba        0x2 CMakeFiles/HAL_T.elf.dir/Core/Src/stm32g4xx_it.c.obj
                0x08000aba                PendSV_Handler
 .text.SysTick_Handler
                0x08000abc        0x2 CMakeFiles/HAL_T.elf.dir/Core/Src/stm32g4xx_it.c.obj
                0x08000abc                SysTick_Handler
 *fill*         0x08000abe        0x2 
 .text.DMA1_Channel1_IRQHandler
                0x08000ac0       0x10 CMakeFiles/HAL_T.elf.dir/Core/Src/stm32g4xx_it.c.obj
                0x08000ac0                DMA1_Channel1_IRQHandler
 .text.DMA1_Channel2_IRQHandler
                0x08000ad0       0x10 CMakeFiles/HAL_T.elf.dir/Core/Src/stm32g4xx_it.c.obj
                0x08000ad0                DMA1_Channel2_IRQHandler
 .text.TIM1_UP_TIM16_IRQHandler
                0x08000ae0       0x10 CMakeFiles/HAL_T.elf.dir/Core/Src/stm32g4xx_it.c.obj
                0x08000ae0                TIM1_UP_TIM16_IRQHandler
 .text.USART1_IRQHandler
                0x08000af0       0x10 CMakeFiles/HAL_T.elf.dir/Core/Src/stm32g4xx_it.c.obj
                0x08000af0                USART1_IRQHandler
 .text._read    0x08000b00       0x20 CMakeFiles/HAL_T.elf.dir/Core/Src/syscalls.c.obj
                0x08000b00                _read
 .text._write   0x08000b20       0x1c CMakeFiles/HAL_T.elf.dir/Core/Src/syscalls.c.obj
                0x08000b20                _write
 .text._close   0x08000b3c        0x6 CMakeFiles/HAL_T.elf.dir/Core/Src/syscalls.c.obj
                0x08000b3c                _close
 .text._fstat   0x08000b42        0xa CMakeFiles/HAL_T.elf.dir/Core/Src/syscalls.c.obj
                0x08000b42                _fstat
 .text._isatty  0x08000b4c        0x4 CMakeFiles/HAL_T.elf.dir/Core/Src/syscalls.c.obj
                0x08000b4c                _isatty
 .text._lseek   0x08000b50        0x4 CMakeFiles/HAL_T.elf.dir/Core/Src/syscalls.c.obj
                0x08000b50                _lseek
 .text._sbrk    0x08000b54       0x48 CMakeFiles/HAL_T.elf.dir/Core/Src/sysmem.c.obj
                0x08000b54                _sbrk
 .text.SystemInit
                0x08000b9c        0x2 CMakeFiles/HAL_T.elf.dir/Core/Src/system_stm32g4xx.c.obj
                0x08000b9c                SystemInit
 *fill*         0x08000b9e        0x2 
 .text.MX_USART1_UART_Init
                0x08000ba0       0x68 CMakeFiles/HAL_T.elf.dir/Core/Src/usart.c.obj
                0x08000ba0                MX_USART1_UART_Init
 .text.HAL_UART_MspInit
                0x08000c08      0x104 CMakeFiles/HAL_T.elf.dir/Core/Src/usart.c.obj
                0x08000c08                HAL_UART_MspInit
 .text.Reset_Handler
                0x08000d0c       0x50 CMakeFiles/HAL_T.elf.dir/Core/Startup/startup_stm32g474retx.s.obj
                0x08000d0c                Reset_Handler
 .text.Default_Handler
                0x08000d5c        0x2 CMakeFiles/HAL_T.elf.dir/Core/Startup/startup_stm32g474retx.s.obj
                0x08000d5c                RTC_Alarm_IRQHandler
                0x08000d5c                EXTI2_IRQHandler
                0x08000d5c                TIM8_TRG_COM_IRQHandler
                0x08000d5c                TIM8_CC_IRQHandler
                0x08000d5c                HRTIM1_Master_IRQHandler
                0x08000d5c                SPI4_IRQHandler
                0x08000d5c                FDCAN3_IT0_IRQHandler
                0x08000d5c                TIM1_CC_IRQHandler
                0x08000d5c                HRTIM1_FLT_IRQHandler
                0x08000d5c                HRTIM1_TIMF_IRQHandler
                0x08000d5c                USB_HP_IRQHandler
                0x08000d5c                CORDIC_IRQHandler
                0x08000d5c                HRTIM1_TIMD_IRQHandler
                0x08000d5c                DMA2_Channel8_IRQHandler
                0x08000d5c                EXTI3_IRQHandler
                0x08000d5c                I2C3_ER_IRQHandler
                0x08000d5c                EXTI0_IRQHandler
                0x08000d5c                I2C2_EV_IRQHandler
                0x08000d5c                FPU_IRQHandler
                0x08000d5c                FDCAN1_IT1_IRQHandler
                0x08000d5c                ADC1_2_IRQHandler
                0x08000d5c                HRTIM1_TIME_IRQHandler
                0x08000d5c                SPI1_IRQHandler
                0x08000d5c                TIM6_DAC_IRQHandler
                0x08000d5c                HRTIM1_TIMC_IRQHandler
                0x08000d5c                TIM8_UP_IRQHandler
                0x08000d5c                DMA2_Channel2_IRQHandler
                0x08000d5c                DMA1_Channel4_IRQHandler
                0x08000d5c                TIM20_TRG_COM_IRQHandler
                0x08000d5c                USART3_IRQHandler
                0x08000d5c                DMA1_Channel7_IRQHandler
                0x08000d5c                UART5_IRQHandler
                0x08000d5c                ADC3_IRQHandler
                0x08000d5c                TIM4_IRQHandler
                0x08000d5c                DMA2_Channel1_IRQHandler
                0x08000d5c                QUADSPI_IRQHandler
                0x08000d5c                I2C1_EV_IRQHandler
                0x08000d5c                DMA1_Channel6_IRQHandler
                0x08000d5c                UART4_IRQHandler
                0x08000d5c                DMA2_Channel4_IRQHandler
                0x08000d5c                TIM3_IRQHandler
                0x08000d5c                RCC_IRQHandler
                0x08000d5c                TIM20_UP_IRQHandler
                0x08000d5c                Default_Handler
                0x08000d5c                DMA2_Channel7_IRQHandler
                0x08000d5c                RTC_TAMP_LSECSS_IRQHandler
                0x08000d5c                FMAC_IRQHandler
                0x08000d5c                EXTI15_10_IRQHandler
                0x08000d5c                DMA1_Channel8_IRQHandler
                0x08000d5c                HRTIM1_TIMA_IRQHandler
                0x08000d5c                TIM7_DAC_IRQHandler
                0x08000d5c                FDCAN3_IT1_IRQHandler
                0x08000d5c                TIM5_IRQHandler
                0x08000d5c                UCPD1_IRQHandler
                0x08000d5c                I2C3_EV_IRQHandler
                0x08000d5c                EXTI9_5_IRQHandler
                0x08000d5c                RTC_WKUP_IRQHandler
                0x08000d5c                PVD_PVM_IRQHandler
                0x08000d5c                SPI2_IRQHandler
                0x08000d5c                ADC5_IRQHandler
                0x08000d5c                DMA2_Channel5_IRQHandler
                0x08000d5c                CRS_IRQHandler
                0x08000d5c                DMA1_Channel5_IRQHandler
                0x08000d5c                USB_LP_IRQHandler
                0x08000d5c                EXTI4_IRQHandler
                0x08000d5c                RNG_IRQHandler
                0x08000d5c                HRTIM1_TIMB_IRQHandler
                0x08000d5c                TIM1_TRG_COM_TIM17_IRQHandler
                0x08000d5c                FDCAN2_IT1_IRQHandler
                0x08000d5c                DMA1_Channel3_IRQHandler
                0x08000d5c                ADC4_IRQHandler
                0x08000d5c                WWDG_IRQHandler
                0x08000d5c                I2C4_EV_IRQHandler
                0x08000d5c                FDCAN2_IT0_IRQHandler
                0x08000d5c                LPUART1_IRQHandler
                0x08000d5c                DMA2_Channel6_IRQHandler
                0x08000d5c                FDCAN1_IT0_IRQHandler
                0x08000d5c                TIM2_IRQHandler
                0x08000d5c                COMP7_IRQHandler
                0x08000d5c                COMP1_2_3_IRQHandler
                0x08000d5c                EXTI1_IRQHandler
                0x08000d5c                USART2_IRQHandler
                0x08000d5c                COMP4_5_6_IRQHandler
                0x08000d5c                TIM20_BRK_IRQHandler
                0x08000d5c                I2C2_ER_IRQHandler
                0x08000d5c                TIM8_BRK_IRQHandler
                0x08000d5c                FLASH_IRQHandler
                0x08000d5c                TIM20_CC_IRQHandler
                0x08000d5c                SPI3_IRQHandler
                0x08000d5c                I2C1_ER_IRQHandler
                0x08000d5c                FMC_IRQHandler
                0x08000d5c                LPTIM1_IRQHandler
                0x08000d5c                DMAMUX_OVR_IRQHandler
                0x08000d5c                I2C4_ER_IRQHandler
                0x08000d5c                USBWakeUp_IRQHandler
                0x08000d5c                SAI1_IRQHandler
                0x08000d5c                DMA2_Channel3_IRQHandler
                0x08000d5c                TIM1_BRK_TIM15_IRQHandler
 .text.HAL_Init
                0x08000d5e       0x1e CMakeFiles/HAL_T.elf.dir/Drivers/STM32G4xx_HAL_Driver/Src/stm32g4xx_hal.c.obj
                0x08000d5e                HAL_Init
 .text.HAL_IncTick
                0x08000d7c       0x18 CMakeFiles/HAL_T.elf.dir/Drivers/STM32G4xx_HAL_Driver/Src/stm32g4xx_hal.c.obj
                0x08000d7c                HAL_IncTick
 .text.HAL_GetTick
                0x08000d94        0xc CMakeFiles/HAL_T.elf.dir/Drivers/STM32G4xx_HAL_Driver/Src/stm32g4xx_hal.c.obj
                0x08000d94                HAL_GetTick
 .text.HAL_Delay
                0x08000da0       0x28 CMakeFiles/HAL_T.elf.dir/Drivers/STM32G4xx_HAL_Driver/Src/stm32g4xx_hal.c.obj
                0x08000da0                HAL_Delay
 .text.HAL_NVIC_SetPriorityGrouping
                0x08000dc8       0x24 CMakeFiles/HAL_T.elf.dir/Drivers/STM32G4xx_HAL_Driver/Src/stm32g4xx_hal_cortex.c.obj
                0x08000dc8                HAL_NVIC_SetPriorityGrouping
 .text.HAL_NVIC_SetPriority
                0x08000dec       0x70 CMakeFiles/HAL_T.elf.dir/Drivers/STM32G4xx_HAL_Driver/Src/stm32g4xx_hal_cortex.c.obj
                0x08000dec                HAL_NVIC_SetPriority
 .text.HAL_NVIC_EnableIRQ
                0x08000e5c       0x1c CMakeFiles/HAL_T.elf.dir/Drivers/STM32G4xx_HAL_Driver/Src/stm32g4xx_hal_cortex.c.obj
                0x08000e5c                HAL_NVIC_EnableIRQ
 .text.DMA_CalcDMAMUXChannelBaseAndMask
                0x08000e78       0x48 CMakeFiles/HAL_T.elf.dir/Drivers/STM32G4xx_HAL_Driver/Src/stm32g4xx_hal_dma.c.obj
 .text.DMA_CalcDMAMUXRequestGenBaseAndMask
                0x08000ec0       0x28 CMakeFiles/HAL_T.elf.dir/Drivers/STM32G4xx_HAL_Driver/Src/stm32g4xx_hal_dma.c.obj
 .text.HAL_DMA_Init
                0x08000ee8       0xd8 CMakeFiles/HAL_T.elf.dir/Drivers/STM32G4xx_HAL_Driver/Src/stm32g4xx_hal_dma.c.obj
                0x08000ee8                HAL_DMA_Init
 .text.HAL_DMA_Abort
                0x08000fc0       0x6c CMakeFiles/HAL_T.elf.dir/Drivers/STM32G4xx_HAL_Driver/Src/stm32g4xx_hal_dma.c.obj
                0x08000fc0                HAL_DMA_Abort
 .text.HAL_DMA_Abort_IT
                0x0800102c       0x7e CMakeFiles/HAL_T.elf.dir/Drivers/STM32G4xx_HAL_Driver/Src/stm32g4xx_hal_dma.c.obj
                0x0800102c                HAL_DMA_Abort_IT
 .text.HAL_DMA_IRQHandler
                0x080010aa       0xc4 CMakeFiles/HAL_T.elf.dir/Drivers/STM32G4xx_HAL_Driver/Src/stm32g4xx_hal_dma.c.obj
                0x080010aa                HAL_DMA_IRQHandler
 *fill*         0x0800116e        0x2 
 .text.HAL_GPIO_Init
                0x08001170      0x1dc CMakeFiles/HAL_T.elf.dir/Drivers/STM32G4xx_HAL_Driver/Src/stm32g4xx_hal_gpio.c.obj
                0x08001170                HAL_GPIO_Init
 .text.HAL_GPIO_WritePin
                0x0800134c        0xa CMakeFiles/HAL_T.elf.dir/Drivers/STM32G4xx_HAL_Driver/Src/stm32g4xx_hal_gpio.c.obj
                0x0800134c                HAL_GPIO_WritePin
 .text.HAL_GPIO_TogglePin
                0x08001356       0x12 CMakeFiles/HAL_T.elf.dir/Drivers/STM32G4xx_HAL_Driver/Src/stm32g4xx_hal_gpio.c.obj
                0x08001356                HAL_GPIO_TogglePin
 .text.HAL_PWREx_ControlVoltageScaling
                0x08001368      0x10c CMakeFiles/HAL_T.elf.dir/Drivers/STM32G4xx_HAL_Driver/Src/stm32g4xx_hal_pwr_ex.c.obj
                0x08001368                HAL_PWREx_ControlVoltageScaling
 .text.HAL_PWREx_DisableUCPDDeadBattery
                0x08001474       0x10 CMakeFiles/HAL_T.elf.dir/Drivers/STM32G4xx_HAL_Driver/Src/stm32g4xx_hal_pwr_ex.c.obj
                0x08001474                HAL_PWREx_DisableUCPDDeadBattery
 .text.RCC_GetSysClockFreqFromPLLSource
                0x08001484       0x58 CMakeFiles/HAL_T.elf.dir/Drivers/STM32G4xx_HAL_Driver/Src/stm32g4xx_hal_rcc.c.obj
 .text.HAL_RCC_OscConfig
                0x080014dc      0x4e8 CMakeFiles/HAL_T.elf.dir/Drivers/STM32G4xx_HAL_Driver/Src/stm32g4xx_hal_rcc.c.obj
                0x080014dc                HAL_RCC_OscConfig
 .text.HAL_RCC_GetSysClockFreq
                0x080019c4       0x88 CMakeFiles/HAL_T.elf.dir/Drivers/STM32G4xx_HAL_Driver/Src/stm32g4xx_hal_rcc.c.obj
                0x080019c4                HAL_RCC_GetSysClockFreq
 .text.HAL_RCC_ClockConfig
                0x08001a4c      0x1f8 CMakeFiles/HAL_T.elf.dir/Drivers/STM32G4xx_HAL_Driver/Src/stm32g4xx_hal_rcc.c.obj
                0x08001a4c                HAL_RCC_ClockConfig
 .text.HAL_RCC_GetHCLKFreq
                0x08001c44        0xc CMakeFiles/HAL_T.elf.dir/Drivers/STM32G4xx_HAL_Driver/Src/stm32g4xx_hal_rcc.c.obj
                0x08001c44                HAL_RCC_GetHCLKFreq
 .text.HAL_RCC_GetPCLK1Freq
                0x08001c50       0x24 CMakeFiles/HAL_T.elf.dir/Drivers/STM32G4xx_HAL_Driver/Src/stm32g4xx_hal_rcc.c.obj
                0x08001c50                HAL_RCC_GetPCLK1Freq
 .text.HAL_RCC_GetPCLK2Freq
                0x08001c74       0x24 CMakeFiles/HAL_T.elf.dir/Drivers/STM32G4xx_HAL_Driver/Src/stm32g4xx_hal_rcc.c.obj
                0x08001c74                HAL_RCC_GetPCLK2Freq
 .text.HAL_RCC_GetClockConfig
                0x08001c98       0x3c CMakeFiles/HAL_T.elf.dir/Drivers/STM32G4xx_HAL_Driver/Src/stm32g4xx_hal_rcc.c.obj
                0x08001c98                HAL_RCC_GetClockConfig
 .text.HAL_RCCEx_PeriphCLKConfig
                0x08001cd4      0x378 CMakeFiles/HAL_T.elf.dir/Drivers/STM32G4xx_HAL_Driver/Src/stm32g4xx_hal_rcc_ex.c.obj
                0x08001cd4                HAL_RCCEx_PeriphCLKConfig
 .text.HAL_TIM_Base_MspInit
                0x0800204c        0x2 CMakeFiles/HAL_T.elf.dir/Drivers/STM32G4xx_HAL_Driver/Src/stm32g4xx_hal_tim.c.obj
                0x0800204c                HAL_TIM_Base_MspInit
 *fill*         0x0800204e        0x2 
 .text.HAL_TIM_Base_Start_IT
                0x08002050       0x94 CMakeFiles/HAL_T.elf.dir/Drivers/STM32G4xx_HAL_Driver/Src/stm32g4xx_hal_tim.c.obj
                0x08002050                HAL_TIM_Base_Start_IT
 .text.HAL_TIM_OC_DelayElapsedCallback
                0x080020e4        0x2 CMakeFiles/HAL_T.elf.dir/Drivers/STM32G4xx_HAL_Driver/Src/stm32g4xx_hal_tim.c.obj
                0x080020e4                HAL_TIM_OC_DelayElapsedCallback
 .text.HAL_TIM_IC_CaptureCallback
                0x080020e6        0x2 CMakeFiles/HAL_T.elf.dir/Drivers/STM32G4xx_HAL_Driver/Src/stm32g4xx_hal_tim.c.obj
                0x080020e6                HAL_TIM_IC_CaptureCallback
 .text.HAL_TIM_PWM_PulseFinishedCallback
                0x080020e8        0x2 CMakeFiles/HAL_T.elf.dir/Drivers/STM32G4xx_HAL_Driver/Src/stm32g4xx_hal_tim.c.obj
                0x080020e8                HAL_TIM_PWM_PulseFinishedCallback
 .text.HAL_TIM_TriggerCallback
                0x080020ea        0x2 CMakeFiles/HAL_T.elf.dir/Drivers/STM32G4xx_HAL_Driver/Src/stm32g4xx_hal_tim.c.obj
                0x080020ea                HAL_TIM_TriggerCallback
 .text.HAL_TIM_IRQHandler
                0x080020ec      0x21e CMakeFiles/HAL_T.elf.dir/Drivers/STM32G4xx_HAL_Driver/Src/stm32g4xx_hal_tim.c.obj
                0x080020ec                HAL_TIM_IRQHandler
 *fill*         0x0800230a        0x2 
 .text.TIM_Base_SetConfig
                0x0800230c       0xe0 CMakeFiles/HAL_T.elf.dir/Drivers/STM32G4xx_HAL_Driver/Src/stm32g4xx_hal_tim.c.obj
                0x0800230c                TIM_Base_SetConfig
 .text.HAL_TIM_Base_Init
                0x080023ec       0x60 CMakeFiles/HAL_T.elf.dir/Drivers/STM32G4xx_HAL_Driver/Src/stm32g4xx_hal_tim.c.obj
                0x080023ec                HAL_TIM_Base_Init
 .text.HAL_TIMEx_CommutCallback
                0x0800244c        0x2 CMakeFiles/HAL_T.elf.dir/Drivers/STM32G4xx_HAL_Driver/Src/stm32g4xx_hal_tim_ex.c.obj
                0x0800244c                HAL_TIMEx_CommutCallback
 .text.HAL_TIMEx_BreakCallback
                0x0800244e        0x2 CMakeFiles/HAL_T.elf.dir/Drivers/STM32G4xx_HAL_Driver/Src/stm32g4xx_hal_tim_ex.c.obj
                0x0800244e                HAL_TIMEx_BreakCallback
 .text.HAL_TIMEx_Break2Callback
                0x08002450        0x2 CMakeFiles/HAL_T.elf.dir/Drivers/STM32G4xx_HAL_Driver/Src/stm32g4xx_hal_tim_ex.c.obj
                0x08002450                HAL_TIMEx_Break2Callback
 .text.HAL_TIMEx_EncoderIndexCallback
                0x08002452        0x2 CMakeFiles/HAL_T.elf.dir/Drivers/STM32G4xx_HAL_Driver/Src/stm32g4xx_hal_tim_ex.c.obj
                0x08002452                HAL_TIMEx_EncoderIndexCallback
 .text.HAL_TIMEx_DirectionChangeCallback
                0x08002454        0x2 CMakeFiles/HAL_T.elf.dir/Drivers/STM32G4xx_HAL_Driver/Src/stm32g4xx_hal_tim_ex.c.obj
                0x08002454                HAL_TIMEx_DirectionChangeCallback
 .text.HAL_TIMEx_IndexErrorCallback
                0x08002456        0x2 CMakeFiles/HAL_T.elf.dir/Drivers/STM32G4xx_HAL_Driver/Src/stm32g4xx_hal_tim_ex.c.obj
                0x08002456                HAL_TIMEx_IndexErrorCallback
 .text.HAL_TIMEx_TransitionErrorCallback
                0x08002458        0x2 CMakeFiles/HAL_T.elf.dir/Drivers/STM32G4xx_HAL_Driver/Src/stm32g4xx_hal_tim_ex.c.obj
                0x08002458                HAL_TIMEx_TransitionErrorCallback
 .text.HAL_UART_TxCpltCallback
                0x0800245a        0x2 CMakeFiles/HAL_T.elf.dir/Drivers/STM32G4xx_HAL_Driver/Src/stm32g4xx_hal_uart.c.obj
                0x0800245a                HAL_UART_TxCpltCallback
 .text.HAL_UART_TxHalfCpltCallback
                0x0800245c        0x2 CMakeFiles/HAL_T.elf.dir/Drivers/STM32G4xx_HAL_Driver/Src/stm32g4xx_hal_uart.c.obj
                0x0800245c                HAL_UART_TxHalfCpltCallback
 .text.HAL_UART_RxCpltCallback
                0x0800245e        0x2 CMakeFiles/HAL_T.elf.dir/Drivers/STM32G4xx_HAL_Driver/Src/stm32g4xx_hal_uart.c.obj
                0x0800245e                HAL_UART_RxCpltCallback
 .text.HAL_UART_RxHalfCpltCallback
                0x08002460        0x2 CMakeFiles/HAL_T.elf.dir/Drivers/STM32G4xx_HAL_Driver/Src/stm32g4xx_hal_uart.c.obj
                0x08002460                HAL_UART_RxHalfCpltCallback
 .text.HAL_UART_ErrorCallback
                0x08002462        0x2 CMakeFiles/HAL_T.elf.dir/Drivers/STM32G4xx_HAL_Driver/Src/stm32g4xx_hal_uart.c.obj
                0x08002462                HAL_UART_ErrorCallback
 .text.HAL_UART_AbortCpltCallback
                0x08002464        0x2 CMakeFiles/HAL_T.elf.dir/Drivers/STM32G4xx_HAL_Driver/Src/stm32g4xx_hal_uart.c.obj
                0x08002464                HAL_UART_AbortCpltCallback
 .text.HAL_UART_AbortTransmitCpltCallback
                0x08002466        0x2 CMakeFiles/HAL_T.elf.dir/Drivers/STM32G4xx_HAL_Driver/Src/stm32g4xx_hal_uart.c.obj
                0x08002466                HAL_UART_AbortTransmitCpltCallback
 .text.HAL_UART_AbortReceiveCpltCallback
                0x08002468        0x2 CMakeFiles/HAL_T.elf.dir/Drivers/STM32G4xx_HAL_Driver/Src/stm32g4xx_hal_uart.c.obj
                0x08002468                HAL_UART_AbortReceiveCpltCallback
 .text.HAL_UARTEx_RxEventCallback
                0x0800246a        0x2 CMakeFiles/HAL_T.elf.dir/Drivers/STM32G4xx_HAL_Driver/Src/stm32g4xx_hal_uart.c.obj
                0x0800246a                HAL_UARTEx_RxEventCallback
 .text.UART_EndRxTransfer
                0x0800246c       0x56 CMakeFiles/HAL_T.elf.dir/Drivers/STM32G4xx_HAL_Driver/Src/stm32g4xx_hal_uart.c.obj
 .text.UART_DMAAbortOnError
                0x080024c2       0x16 CMakeFiles/HAL_T.elf.dir/Drivers/STM32G4xx_HAL_Driver/Src/stm32g4xx_hal_uart.c.obj
 .text.UART_EndTransmit_IT
                0x080024d8       0x26 CMakeFiles/HAL_T.elf.dir/Drivers/STM32G4xx_HAL_Driver/Src/stm32g4xx_hal_uart.c.obj
 *fill*         0x080024fe        0x2 
 .text.HAL_UART_IRQHandler
                0x08002500      0x340 CMakeFiles/HAL_T.elf.dir/Drivers/STM32G4xx_HAL_Driver/Src/stm32g4xx_hal_uart.c.obj
                0x08002500                HAL_UART_IRQHandler
 .text.UART_InitCallbacksToDefault
                0x08002840       0x7c CMakeFiles/HAL_T.elf.dir/Drivers/STM32G4xx_HAL_Driver/Src/stm32g4xx_hal_uart.c.obj
                0x08002840                UART_InitCallbacksToDefault
 .text.UART_SetConfig
                0x080028bc      0x388 CMakeFiles/HAL_T.elf.dir/Drivers/STM32G4xx_HAL_Driver/Src/stm32g4xx_hal_uart.c.obj
                0x080028bc                UART_SetConfig
 .text.UART_AdvFeatureConfig
                0x08002c44       0xca CMakeFiles/HAL_T.elf.dir/Drivers/STM32G4xx_HAL_Driver/Src/stm32g4xx_hal_uart.c.obj
                0x08002c44                UART_AdvFeatureConfig
 .text.UART_WaitOnFlagUntilTimeout
                0x08002d0e       0xdc CMakeFiles/HAL_T.elf.dir/Drivers/STM32G4xx_HAL_Driver/Src/stm32g4xx_hal_uart.c.obj
                0x08002d0e                UART_WaitOnFlagUntilTimeout
 .text.HAL_UART_Transmit
                0x08002dea       0xde CMakeFiles/HAL_T.elf.dir/Drivers/STM32G4xx_HAL_Driver/Src/stm32g4xx_hal_uart.c.obj
                0x08002dea                HAL_UART_Transmit
 .text.UART_CheckIdleState
                0x08002ec8       0x74 CMakeFiles/HAL_T.elf.dir/Drivers/STM32G4xx_HAL_Driver/Src/stm32g4xx_hal_uart.c.obj
                0x08002ec8                UART_CheckIdleState
 .text.HAL_UART_Init
                0x08002f3c       0x84 CMakeFiles/HAL_T.elf.dir/Drivers/STM32G4xx_HAL_Driver/Src/stm32g4xx_hal_uart.c.obj
                0x08002f3c                HAL_UART_Init
 .text.UARTEx_SetNbDataToProcess
                0x08002fc0       0x4c CMakeFiles/HAL_T.elf.dir/Drivers/STM32G4xx_HAL_Driver/Src/stm32g4xx_hal_uart_ex.c.obj
 .text.HAL_UARTEx_WakeupCallback
                0x0800300c        0x2 CMakeFiles/HAL_T.elf.dir/Drivers/STM32G4xx_HAL_Driver/Src/stm32g4xx_hal_uart_ex.c.obj
                0x0800300c                HAL_UARTEx_WakeupCallback
 .text.HAL_UARTEx_RxFifoFullCallback
                0x0800300e        0x2 CMakeFiles/HAL_T.elf.dir/Drivers/STM32G4xx_HAL_Driver/Src/stm32g4xx_hal_uart_ex.c.obj
                0x0800300e                HAL_UARTEx_RxFifoFullCallback
 .text.HAL_UARTEx_TxFifoEmptyCallback
                0x08003010        0x2 CMakeFiles/HAL_T.elf.dir/Drivers/STM32G4xx_HAL_Driver/Src/stm32g4xx_hal_uart_ex.c.obj
                0x08003010                HAL_UARTEx_TxFifoEmptyCallback
 .text.HAL_UARTEx_DisableFifoMode
                0x08003012       0x3e CMakeFiles/HAL_T.elf.dir/Drivers/STM32G4xx_HAL_Driver/Src/stm32g4xx_hal_uart_ex.c.obj
                0x08003012                HAL_UARTEx_DisableFifoMode
 .text.HAL_UARTEx_SetTxFifoThreshold
                0x08003050       0x4a CMakeFiles/HAL_T.elf.dir/Drivers/STM32G4xx_HAL_Driver/Src/stm32g4xx_hal_uart_ex.c.obj
                0x08003050                HAL_UARTEx_SetTxFifoThreshold
 .text.HAL_UARTEx_SetRxFifoThreshold
                0x0800309a       0x4a CMakeFiles/HAL_T.elf.dir/Drivers/STM32G4xx_HAL_Driver/Src/stm32g4xx_hal_uart_ex.c.obj
                0x0800309a                HAL_UARTEx_SetRxFifoThreshold
 .text.userled_init
                0x080030e4       0x78 CMakeFiles/HAL_T.elf.dir/User/Src/led.c.obj
                0x080030e4                userled_init
 .text.userled_sw
                0x0800315c       0x10 CMakeFiles/HAL_T.elf.dir/User/Src/led.c.obj
                0x0800315c                userled_sw
 .text.__errno  0x0800316c        0xc h:/embedded/clion/gcc-arm-none-eabi-10.3-2021.10-win32/gcc-arm-none-eabi-10.3-2021.10/bin/../lib/gcc/arm-none-eabi/10.3.1/../../../../arm-none-eabi/lib/thumb/v7e-m/nofp\libc.a(lib_a-errno.o)
                0x0800316c                __errno
 .text.__libc_init_array
                0x08003178       0x48 h:/embedded/clion/gcc-arm-none-eabi-10.3-2021.10-win32/gcc-arm-none-eabi-10.3-2021.10/bin/../lib/gcc/arm-none-eabi/10.3.1/../../../../arm-none-eabi/lib/thumb/v7e-m/nofp\libc.a(lib_a-init.o)
                0x08003178                __libc_init_array
 .text.memset   0x080031c0       0xa4 h:/embedded/clion/gcc-arm-none-eabi-10.3-2021.10-win32/gcc-arm-none-eabi-10.3-2021.10/bin/../lib/gcc/arm-none-eabi/10.3.1/../../../../arm-none-eabi/lib/thumb/v7e-m/nofp\libc.a(lib_a-memset.o)
                0x080031c0                memset
 .text._puts_r  0x08003264       0x9c h:/embedded/clion/gcc-arm-none-eabi-10.3-2021.10-win32/gcc-arm-none-eabi-10.3-2021.10/bin/../lib/gcc/arm-none-eabi/10.3.1/../../../../arm-none-eabi/lib/thumb/v7e-m/nofp\libc.a(lib_a-puts.o)
                0x08003264                _puts_r
 .text.puts     0x08003300       0x10 h:/embedded/clion/gcc-arm-none-eabi-10.3-2021.10-win32/gcc-arm-none-eabi-10.3-2021.10/bin/../lib/gcc/arm-none-eabi/10.3.1/../../../../arm-none-eabi/lib/thumb/v7e-m/nofp\libc.a(lib_a-puts.o)
                0x08003300                puts
 .text.startup.register_fini
                0x08003310       0x14 h:/embedded/clion/gcc-arm-none-eabi-10.3-2021.10-win32/gcc-arm-none-eabi-10.3-2021.10/bin/../lib/gcc/arm-none-eabi/10.3.1/../../../../arm-none-eabi/lib/thumb/v7e-m/nofp\libc.a(lib_a-__call_atexit.o)
 .text.atexit   0x08003324        0xc h:/embedded/clion/gcc-arm-none-eabi-10.3-2021.10-win32/gcc-arm-none-eabi-10.3-2021.10/bin/../lib/gcc/arm-none-eabi/10.3.1/../../../../arm-none-eabi/lib/thumb/v7e-m/nofp\libc.a(lib_a-atexit.o)
                0x08003324                atexit
 .text._cleanup_r
                0x08003330        0xc h:/embedded/clion/gcc-arm-none-eabi-10.3-2021.10-win32/gcc-arm-none-eabi-10.3-2021.10/bin/../lib/gcc/arm-none-eabi/10.3.1/../../../../arm-none-eabi/lib/thumb/v7e-m/nofp\libc.a(lib_a-findfp.o)
                0x08003330                _cleanup_r
 .text.__sinit  0x0800333c      0x10c h:/embedded/clion/gcc-arm-none-eabi-10.3-2021.10-win32/gcc-arm-none-eabi-10.3-2021.10/bin/../lib/gcc/arm-none-eabi/10.3.1/../../../../arm-none-eabi/lib/thumb/v7e-m/nofp\libc.a(lib_a-findfp.o)
                0x0800333c                __sinit
 .text.__sfp_lock_acquire
                0x08003448        0xc h:/embedded/clion/gcc-arm-none-eabi-10.3-2021.10-win32/gcc-arm-none-eabi-10.3-2021.10/bin/../lib/gcc/arm-none-eabi/10.3.1/../../../../arm-none-eabi/lib/thumb/v7e-m/nofp\libc.a(lib_a-findfp.o)
                0x08003448                __sfp_lock_acquire
 .text.__sfp_lock_release
                0x08003454        0xc h:/embedded/clion/gcc-arm-none-eabi-10.3-2021.10-win32/gcc-arm-none-eabi-10.3-2021.10/bin/../lib/gcc/arm-none-eabi/10.3.1/../../../../arm-none-eabi/lib/thumb/v7e-m/nofp\libc.a(lib_a-findfp.o)
                0x08003454                __sfp_lock_release
 .text.__libc_fini_array
                0x08003460       0x2c h:/embedded/clion/gcc-arm-none-eabi-10.3-2021.10-win32/gcc-arm-none-eabi-10.3-2021.10/bin/../lib/gcc/arm-none-eabi/10.3.1/../../../../arm-none-eabi/lib/thumb/v7e-m/nofp\libc.a(lib_a-fini.o)
                0x08003460                __libc_fini_array
 .text.__sfvwrite_r
                0x0800348c      0x2e8 h:/embedded/clion/gcc-arm-none-eabi-10.3-2021.10-win32/gcc-arm-none-eabi-10.3-2021.10/bin/../lib/gcc/arm-none-eabi/10.3.1/../../../../arm-none-eabi/lib/thumb/v7e-m/nofp\libc.a(lib_a-fvwrite.o)
                0x0800348c                __sfvwrite_r
 .text._fwalk_reent
                0x08003774       0x48 h:/embedded/clion/gcc-arm-none-eabi-10.3-2021.10-win32/gcc-arm-none-eabi-10.3-2021.10/bin/../lib/gcc/arm-none-eabi/10.3.1/../../../../arm-none-eabi/lib/thumb/v7e-m/nofp\libc.a(lib_a-fwalk.o)
                0x08003774                _fwalk_reent
 .text.__retarget_lock_init_recursive
                0x080037bc        0x4 h:/embedded/clion/gcc-arm-none-eabi-10.3-2021.10-win32/gcc-arm-none-eabi-10.3-2021.10/bin/../lib/gcc/arm-none-eabi/10.3.1/../../../../arm-none-eabi/lib/thumb/v7e-m/nofp\libc.a(lib_a-lock.o)
                0x080037bc                __retarget_lock_init_recursive
 .text.__retarget_lock_close_recursive
                0x080037c0        0x4 h:/embedded/clion/gcc-arm-none-eabi-10.3-2021.10-win32/gcc-arm-none-eabi-10.3-2021.10/bin/../lib/gcc/arm-none-eabi/10.3.1/../../../../arm-none-eabi/lib/thumb/v7e-m/nofp\libc.a(lib_a-lock.o)
                0x080037c0                __retarget_lock_close_recursive
 .text.__retarget_lock_acquire_recursive
                0x080037c4        0x4 h:/embedded/clion/gcc-arm-none-eabi-10.3-2021.10-win32/gcc-arm-none-eabi-10.3-2021.10/bin/../lib/gcc/arm-none-eabi/10.3.1/../../../../arm-none-eabi/lib/thumb/v7e-m/nofp\libc.a(lib_a-lock.o)
                0x080037c4                __retarget_lock_acquire_recursive
 .text.__retarget_lock_release_recursive
                0x080037c8        0x4 h:/embedded/clion/gcc-arm-none-eabi-10.3-2021.10-win32/gcc-arm-none-eabi-10.3-2021.10/bin/../lib/gcc/arm-none-eabi/10.3.1/../../../../arm-none-eabi/lib/thumb/v7e-m/nofp\libc.a(lib_a-lock.o)
                0x080037c8                __retarget_lock_release_recursive
 .text._malloc_r
                0x080037cc      0x560 h:/embedded/clion/gcc-arm-none-eabi-10.3-2021.10-win32/gcc-arm-none-eabi-10.3-2021.10/bin/../lib/gcc/arm-none-eabi/10.3.1/../../../../arm-none-eabi/lib/thumb/v7e-m/nofp\libc.a(lib_a-mallocr.o)
                0x080037cc                _malloc_r
 .text.memmove  0x08003d2c       0xf8 h:/embedded/clion/gcc-arm-none-eabi-10.3-2021.10-win32/gcc-arm-none-eabi-10.3-2021.10/bin/../lib/gcc/arm-none-eabi/10.3.1/../../../../arm-none-eabi/lib/thumb/v7e-m/nofp\libc.a(lib_a-memmove.o)
                0x08003d2c                memmove
 .text.__malloc_lock
                0x08003e24        0xc h:/embedded/clion/gcc-arm-none-eabi-10.3-2021.10-win32/gcc-arm-none-eabi-10.3-2021.10/bin/../lib/gcc/arm-none-eabi/10.3.1/../../../../arm-none-eabi/lib/thumb/v7e-m/nofp\libc.a(lib_a-mlock.o)
                0x08003e24                __malloc_lock
 .text.__malloc_unlock
                0x08003e30        0xc h:/embedded/clion/gcc-arm-none-eabi-10.3-2021.10-win32/gcc-arm-none-eabi-10.3-2021.10/bin/../lib/gcc/arm-none-eabi/10.3.1/../../../../arm-none-eabi/lib/thumb/v7e-m/nofp\libc.a(lib_a-mlock.o)
                0x08003e30                __malloc_unlock
 .text._realloc_r
                0x08003e3c      0x3d8 h:/embedded/clion/gcc-arm-none-eabi-10.3-2021.10-win32/gcc-arm-none-eabi-10.3-2021.10/bin/../lib/gcc/arm-none-eabi/10.3.1/../../../../arm-none-eabi/lib/thumb/v7e-m/nofp\libc.a(lib_a-reallocr.o)
                0x08003e3c                _realloc_r
 .text._sbrk_r  0x08004214       0x24 h:/embedded/clion/gcc-arm-none-eabi-10.3-2021.10-win32/gcc-arm-none-eabi-10.3-2021.10/bin/../lib/gcc/arm-none-eabi/10.3.1/../../../../arm-none-eabi/lib/thumb/v7e-m/nofp\libc.a(lib_a-sbrkr.o)
                0x08004214                _sbrk_r
 .text.__sread  0x08004238       0x24 h:/embedded/clion/gcc-arm-none-eabi-10.3-2021.10-win32/gcc-arm-none-eabi-10.3-2021.10/bin/../lib/gcc/arm-none-eabi/10.3.1/../../../../arm-none-eabi/lib/thumb/v7e-m/nofp\libc.a(lib_a-stdio.o)
                0x08004238                __sread
 .text.__swrite
                0x0800425c       0x40 h:/embedded/clion/gcc-arm-none-eabi-10.3-2021.10-win32/gcc-arm-none-eabi-10.3-2021.10/bin/../lib/gcc/arm-none-eabi/10.3.1/../../../../arm-none-eabi/lib/thumb/v7e-m/nofp\libc.a(lib_a-stdio.o)
                0x0800425c                __swrite
 .text.__sseek  0x0800429c       0x20 h:/embedded/clion/gcc-arm-none-eabi-10.3-2021.10-win32/gcc-arm-none-eabi-10.3-2021.10/bin/../lib/gcc/arm-none-eabi/10.3.1/../../../../arm-none-eabi/lib/thumb/v7e-m/nofp\libc.a(lib_a-stdio.o)
                0x0800429c                __sseek
 .text.__sclose
                0x080042bc        0x8 h:/embedded/clion/gcc-arm-none-eabi-10.3-2021.10-win32/gcc-arm-none-eabi-10.3-2021.10/bin/../lib/gcc/arm-none-eabi/10.3.1/../../../../arm-none-eabi/lib/thumb/v7e-m/nofp\libc.a(lib_a-stdio.o)
                0x080042bc                __sclose
 .text._write_r
                0x080042c4       0x2c h:/embedded/clion/gcc-arm-none-eabi-10.3-2021.10-win32/gcc-arm-none-eabi-10.3-2021.10/bin/../lib/gcc/arm-none-eabi/10.3.1/../../../../arm-none-eabi/lib/thumb/v7e-m/nofp\libc.a(lib_a-writer.o)
                0x080042c4                _write_r
 .text.__swsetup_r
                0x080042f0       0xd4 h:/embedded/clion/gcc-arm-none-eabi-10.3-2021.10-win32/gcc-arm-none-eabi-10.3-2021.10/bin/../lib/gcc/arm-none-eabi/10.3.1/../../../../arm-none-eabi/lib/thumb/v7e-m/nofp\libc.a(lib_a-wsetup.o)
                0x080042f0                __swsetup_r
 .text.__register_exitproc
                0x080043c4       0x8c h:/embedded/clion/gcc-arm-none-eabi-10.3-2021.10-win32/gcc-arm-none-eabi-10.3-2021.10/bin/../lib/gcc/arm-none-eabi/10.3.1/../../../../arm-none-eabi/lib/thumb/v7e-m/nofp\libc.a(lib_a-__atexit.o)
                0x080043c4                __register_exitproc
 .text._close_r
                0x08004450       0x24 h:/embedded/clion/gcc-arm-none-eabi-10.3-2021.10-win32/gcc-arm-none-eabi-10.3-2021.10/bin/../lib/gcc/arm-none-eabi/10.3.1/../../../../arm-none-eabi/lib/thumb/v7e-m/nofp\libc.a(lib_a-closer.o)
                0x08004450                _close_r
 .text._fclose_r
                0x08004474       0xcc h:/embedded/clion/gcc-arm-none-eabi-10.3-2021.10-win32/gcc-arm-none-eabi-10.3-2021.10/bin/../lib/gcc/arm-none-eabi/10.3.1/../../../../arm-none-eabi/lib/thumb/v7e-m/nofp\libc.a(lib_a-fclose.o)
                0x08004474                _fclose_r
 .text.__sflush_r
                0x08004540      0x120 h:/embedded/clion/gcc-arm-none-eabi-10.3-2021.10-win32/gcc-arm-none-eabi-10.3-2021.10/bin/../lib/gcc/arm-none-eabi/10.3.1/../../../../arm-none-eabi/lib/thumb/v7e-m/nofp\libc.a(lib_a-fflush.o)
                0x08004540                __sflush_r
 .text._fflush_r
                0x08004660       0x5c h:/embedded/clion/gcc-arm-none-eabi-10.3-2021.10-win32/gcc-arm-none-eabi-10.3-2021.10/bin/../lib/gcc/arm-none-eabi/10.3.1/../../../../arm-none-eabi/lib/thumb/v7e-m/nofp\libc.a(lib_a-fflush.o)
                0x08004660                _fflush_r
 .text._malloc_trim_r
                0x080046bc       0xa0 h:/embedded/clion/gcc-arm-none-eabi-10.3-2021.10-win32/gcc-arm-none-eabi-10.3-2021.10/bin/../lib/gcc/arm-none-eabi/10.3.1/../../../../arm-none-eabi/lib/thumb/v7e-m/nofp\libc.a(lib_a-freer.o)
                0x080046bc                _malloc_trim_r
 .text._free_r  0x0800475c      0x20c h:/embedded/clion/gcc-arm-none-eabi-10.3-2021.10-win32/gcc-arm-none-eabi-10.3-2021.10/bin/../lib/gcc/arm-none-eabi/10.3.1/../../../../arm-none-eabi/lib/thumb/v7e-m/nofp\libc.a(lib_a-freer.o)
                0x0800475c                _free_r
 .text._lseek_r
                0x08004968       0x2c h:/embedded/clion/gcc-arm-none-eabi-10.3-2021.10-win32/gcc-arm-none-eabi-10.3-2021.10/bin/../lib/gcc/arm-none-eabi/10.3.1/../../../../arm-none-eabi/lib/thumb/v7e-m/nofp\libc.a(lib_a-lseekr.o)
                0x08004968                _lseek_r
 .text.__smakebuf_r
                0x08004994       0xe0 h:/embedded/clion/gcc-arm-none-eabi-10.3-2021.10-win32/gcc-arm-none-eabi-10.3-2021.10/bin/../lib/gcc/arm-none-eabi/10.3.1/../../../../arm-none-eabi/lib/thumb/v7e-m/nofp\libc.a(lib_a-makebuf.o)
                0x08004994                __smakebuf_r
 .text._read_r  0x08004a74       0x2c h:/embedded/clion/gcc-arm-none-eabi-10.3-2021.10-win32/gcc-arm-none-eabi-10.3-2021.10/bin/../lib/gcc/arm-none-eabi/10.3.1/../../../../arm-none-eabi/lib/thumb/v7e-m/nofp\libc.a(lib_a-readr.o)
                0x08004a74                _read_r
 .text._fstat_r
                0x08004aa0       0x2c h:/embedded/clion/gcc-arm-none-eabi-10.3-2021.10-win32/gcc-arm-none-eabi-10.3-2021.10/bin/../lib/gcc/arm-none-eabi/10.3.1/../../../../arm-none-eabi/lib/thumb/v7e-m/nofp\libc.a(lib_a-fstatr.o)
                0x08004aa0                _fstat_r
 .text._isatty_r
                0x08004acc       0x24 h:/embedded/clion/gcc-arm-none-eabi-10.3-2021.10-win32/gcc-arm-none-eabi-10.3-2021.10/bin/../lib/gcc/arm-none-eabi/10.3.1/../../../../arm-none-eabi/lib/thumb/v7e-m/nofp\libc.a(lib_a-isattyr.o)
                0x08004acc                _isatty_r
 *(.glue_7)
 .glue_7        0x08004af0        0x0 linker stubs
 *(.glue_7t)
 .glue_7t       0x08004af0        0x0 linker stubs
 *(.eh_frame)
 .eh_frame      0x08004af0        0x0 h:/embedded/clion/gcc-arm-none-eabi-10.3-2021.10-win32/gcc-arm-none-eabi-10.3-2021.10/bin/../lib/gcc/arm-none-eabi/10.3.1/thumb/v7e-m/nofp/crtbegin.o
 *(.init)
 .init          0x08004af0        0x4 h:/embedded/clion/gcc-arm-none-eabi-10.3-2021.10-win32/gcc-arm-none-eabi-10.3-2021.10/bin/../lib/gcc/arm-none-eabi/10.3.1/thumb/v7e-m/nofp/crti.o
                0x08004af0                _init
 .init          0x08004af4        0x8 h:/embedded/clion/gcc-arm-none-eabi-10.3-2021.10-win32/gcc-arm-none-eabi-10.3-2021.10/bin/../lib/gcc/arm-none-eabi/10.3.1/thumb/v7e-m/nofp/crtn.o
 *(.fini)
 .fini          0x08004afc        0x4 h:/embedded/clion/gcc-arm-none-eabi-10.3-2021.10-win32/gcc-arm-none-eabi-10.3-2021.10/bin/../lib/gcc/arm-none-eabi/10.3.1/thumb/v7e-m/nofp/crti.o
                0x08004afc                _fini
 .fini          0x08004b00        0x8 h:/embedded/clion/gcc-arm-none-eabi-10.3-2021.10-win32/gcc-arm-none-eabi-10.3-2021.10/bin/../lib/gcc/arm-none-eabi/10.3.1/thumb/v7e-m/nofp/crtn.o
                0x08004b08                . = ALIGN (0x4)
                0x08004b08                _etext = .

.vfp11_veneer   0x08004b08        0x0
 .vfp11_veneer  0x08004b08        0x0 linker stubs

.v4_bx          0x08004b08        0x0
 .v4_bx         0x08004b08        0x0 linker stubs

.iplt           0x08004b08        0x0
 .iplt          0x08004b08        0x0 h:/embedded/clion/gcc-arm-none-eabi-10.3-2021.10-win32/gcc-arm-none-eabi-10.3-2021.10/bin/../lib/gcc/arm-none-eabi/10.3.1/thumb/v7e-m/nofp/crtbegin.o

.rodata         0x08004b08       0x4c
                0x08004b08                . = ALIGN (0x4)
 *(.rodata)
 *(.rodata*)
 .rodata.main.str1.4
                0x08004b08        0x4 CMakeFiles/HAL_T.elf.dir/Core/Src/main.c.obj
 .rodata.AHBPrescTable
                0x08004b0c       0x10 CMakeFiles/HAL_T.elf.dir/Core/Src/system_stm32g4xx.c.obj
                0x08004b0c                AHBPrescTable
 .rodata.APBPrescTable
                0x08004b1c        0x8 CMakeFiles/HAL_T.elf.dir/Core/Src/system_stm32g4xx.c.obj
                0x08004b1c                APBPrescTable
 .rodata.UARTPrescTable
                0x08004b24       0x18 CMakeFiles/HAL_T.elf.dir/Drivers/STM32G4xx_HAL_Driver/Src/stm32g4xx_hal_uart.c.obj
                0x08004b24                UARTPrescTable
 .rodata.denominator.0
                0x08004b3c        0x8 CMakeFiles/HAL_T.elf.dir/Drivers/STM32G4xx_HAL_Driver/Src/stm32g4xx_hal_uart_ex.c.obj
 .rodata.numerator.1
                0x08004b44        0x8 CMakeFiles/HAL_T.elf.dir/Drivers/STM32G4xx_HAL_Driver/Src/stm32g4xx_hal_uart_ex.c.obj
 .rodata._global_impure_ptr
                0x08004b4c        0x4 h:/embedded/clion/gcc-arm-none-eabi-10.3-2021.10-win32/gcc-arm-none-eabi-10.3-2021.10/bin/../lib/gcc/arm-none-eabi/10.3.1/../../../../arm-none-eabi/lib/thumb/v7e-m/nofp\libc.a(lib_a-impure.o)
                0x08004b4c                _global_impure_ptr
 .rodata._puts_r.str1.4
                0x08004b50        0x2 h:/embedded/clion/gcc-arm-none-eabi-10.3-2021.10-win32/gcc-arm-none-eabi-10.3-2021.10/bin/../lib/gcc/arm-none-eabi/10.3.1/../../../../arm-none-eabi/lib/thumb/v7e-m/nofp\libc.a(lib_a-puts.o)
                0x08004b54                . = ALIGN (0x4)
 *fill*         0x08004b52        0x2 

.ARM.extab      0x08004b54        0x0
                0x08004b54                . = ALIGN (0x4)
 *(.ARM.extab* .gnu.linkonce.armextab.*)
                0x08004b54                . = ALIGN (0x4)

.ARM            0x08004b54        0x8
                0x08004b54                . = ALIGN (0x4)
                0x08004b54                __exidx_start = .
 *(.ARM.exidx*)
 .ARM.exidx     0x08004b54        0x8 h:/embedded/clion/gcc-arm-none-eabi-10.3-2021.10-win32/gcc-arm-none-eabi-10.3-2021.10/bin/../lib/gcc/arm-none-eabi/10.3.1/thumb/v7e-m/nofp\libgcc.a(_udivmoddi4.o)
                0x08004b5c                __exidx_end = .
                0x08004b5c                . = ALIGN (0x4)

.rel.dyn        0x08004b5c        0x0
 .rel.iplt      0x08004b5c        0x0 h:/embedded/clion/gcc-arm-none-eabi-10.3-2021.10-win32/gcc-arm-none-eabi-10.3-2021.10/bin/../lib/gcc/arm-none-eabi/10.3.1/thumb/v7e-m/nofp/crtbegin.o

.preinit_array  0x08004b5c        0x0
                0x08004b5c                . = ALIGN (0x4)
                0x08004b5c                PROVIDE (__preinit_array_start = .)
 *(.preinit_array*)
                0x08004b5c                PROVIDE (__preinit_array_end = .)
                0x08004b5c                . = ALIGN (0x4)

.init_array     0x08004b5c        0x8
                0x08004b5c                . = ALIGN (0x4)
                0x08004b5c                PROVIDE (__init_array_start = .)
 *(SORT_BY_NAME(.init_array.*))
 .init_array.00000
                0x08004b5c        0x4 h:/embedded/clion/gcc-arm-none-eabi-10.3-2021.10-win32/gcc-arm-none-eabi-10.3-2021.10/bin/../lib/gcc/arm-none-eabi/10.3.1/../../../../arm-none-eabi/lib/thumb/v7e-m/nofp\libc.a(lib_a-__call_atexit.o)
 *(.init_array*)
 .init_array    0x08004b60        0x4 h:/embedded/clion/gcc-arm-none-eabi-10.3-2021.10-win32/gcc-arm-none-eabi-10.3-2021.10/bin/../lib/gcc/arm-none-eabi/10.3.1/thumb/v7e-m/nofp/crtbegin.o
                0x08004b64                PROVIDE (__init_array_end = .)
                0x08004b64                . = ALIGN (0x4)

.fini_array     0x08004b64        0x4
                0x08004b64                . = ALIGN (0x4)
                0x08004b64                PROVIDE (__fini_array_start = .)
 *(SORT_BY_NAME(.fini_array.*))
 *(.fini_array*)
 .fini_array    0x08004b64        0x4 h:/embedded/clion/gcc-arm-none-eabi-10.3-2021.10-win32/gcc-arm-none-eabi-10.3-2021.10/bin/../lib/gcc/arm-none-eabi/10.3.1/thumb/v7e-m/nofp/crtbegin.o
                0x08004b68                PROVIDE (__fini_array_end = .)
                0x08004b68                . = ALIGN (0x4)
                0x08004b68                _sidata = LOADADDR (.data)

.data           0x20000000      0x84c load address 0x08004b68
                0x20000000                . = ALIGN (0x4)
                0x20000000                _sdata = .
 *(.data)
 *(.data*)
 .data.SystemCoreClock
                0x20000000        0x4 CMakeFiles/HAL_T.elf.dir/Core/Src/system_stm32g4xx.c.obj
                0x20000000                SystemCoreClock
 .data.uwTickFreq
                0x20000004        0x4 CMakeFiles/HAL_T.elf.dir/Drivers/STM32G4xx_HAL_Driver/Src/stm32g4xx_hal.c.obj
                0x20000004                uwTickFreq
 .data.uwTickPrio
                0x20000008        0x4 CMakeFiles/HAL_T.elf.dir/Drivers/STM32G4xx_HAL_Driver/Src/stm32g4xx_hal.c.obj
                0x20000008                uwTickPrio
 .data._impure_ptr
                0x2000000c        0x4 h:/embedded/clion/gcc-arm-none-eabi-10.3-2021.10-win32/gcc-arm-none-eabi-10.3-2021.10/bin/../lib/gcc/arm-none-eabi/10.3.1/../../../../arm-none-eabi/lib/thumb/v7e-m/nofp\libc.a(lib_a-impure.o)
                0x2000000c                _impure_ptr
 .data.impure_data
                0x20000010      0x428 h:/embedded/clion/gcc-arm-none-eabi-10.3-2021.10-win32/gcc-arm-none-eabi-10.3-2021.10/bin/../lib/gcc/arm-none-eabi/10.3.1/../../../../arm-none-eabi/lib/thumb/v7e-m/nofp\libc.a(lib_a-impure.o)
 .data.__atexit_recursive_mutex
                0x20000438        0x4 h:/embedded/clion/gcc-arm-none-eabi-10.3-2021.10-win32/gcc-arm-none-eabi-10.3-2021.10/bin/../lib/gcc/arm-none-eabi/10.3.1/../../../../arm-none-eabi/lib/thumb/v7e-m/nofp\libc.a(lib_a-__call_atexit.o)
                0x20000438                __atexit_recursive_mutex
 .data.__malloc_av_
                0x2000043c      0x408 h:/embedded/clion/gcc-arm-none-eabi-10.3-2021.10-win32/gcc-arm-none-eabi-10.3-2021.10/bin/../lib/gcc/arm-none-eabi/10.3.1/../../../../arm-none-eabi/lib/thumb/v7e-m/nofp\libc.a(lib_a-mallocr.o)
                0x2000043c                __malloc_av_
 .data.__malloc_sbrk_base
                0x20000844        0x4 h:/embedded/clion/gcc-arm-none-eabi-10.3-2021.10-win32/gcc-arm-none-eabi-10.3-2021.10/bin/../lib/gcc/arm-none-eabi/10.3.1/../../../../arm-none-eabi/lib/thumb/v7e-m/nofp\libc.a(lib_a-mallocr.o)
                0x20000844                __malloc_sbrk_base
 .data.__malloc_trim_threshold
                0x20000848        0x4 h:/embedded/clion/gcc-arm-none-eabi-10.3-2021.10-win32/gcc-arm-none-eabi-10.3-2021.10/bin/../lib/gcc/arm-none-eabi/10.3.1/../../../../arm-none-eabi/lib/thumb/v7e-m/nofp\libc.a(lib_a-mallocr.o)
                0x20000848                __malloc_trim_threshold
 *(.RamFunc)
 *(.RamFunc*)
                0x2000084c                . = ALIGN (0x4)
                0x2000084c                _edata = .

.igot.plt       0x2000084c        0x0 load address 0x080053b4
 .igot.plt      0x2000084c        0x0 h:/embedded/clion/gcc-arm-none-eabi-10.3-2021.10-win32/gcc-arm-none-eabi-10.3-2021.10/bin/../lib/gcc/arm-none-eabi/10.3.1/thumb/v7e-m/nofp/crtbegin.o
                0x2000084c                . = ALIGN (0x4)

.bss            0x2000084c      0x240 load address 0x080053b4
                0x2000084c                _sbss = .
                0x2000084c                __bss_start__ = _sbss
 *(.bss)
 .bss           0x2000084c       0x1c h:/embedded/clion/gcc-arm-none-eabi-10.3-2021.10-win32/gcc-arm-none-eabi-10.3-2021.10/bin/../lib/gcc/arm-none-eabi/10.3.1/thumb/v7e-m/nofp/crtbegin.o
 *(.bss*)
 .bss.htim1     0x20000868       0x4c CMakeFiles/HAL_T.elf.dir/Core/Src/stm32g4xx_hal_timebase_tim.c.obj
                0x20000868                htim1
 .bss.__sbrk_heap_end
                0x200008b4        0x4 CMakeFiles/HAL_T.elf.dir/Core/Src/sysmem.c.obj
 .bss.hdma_usart1_rx
                0x200008b8       0x60 CMakeFiles/HAL_T.elf.dir/Core/Src/usart.c.obj
                0x200008b8                hdma_usart1_rx
 .bss.hdma_usart1_tx
                0x20000918       0x60 CMakeFiles/HAL_T.elf.dir/Core/Src/usart.c.obj
                0x20000918                hdma_usart1_tx
 .bss.huart1    0x20000978       0xc8 CMakeFiles/HAL_T.elf.dir/Core/Src/usart.c.obj
                0x20000978                huart1
 .bss.uwTick    0x20000a40        0x4 CMakeFiles/HAL_T.elf.dir/Drivers/STM32G4xx_HAL_Driver/Src/stm32g4xx_hal.c.obj
                0x20000a40                uwTick
 .bss.__lock___atexit_recursive_mutex
                0x20000a44        0x1 h:/embedded/clion/gcc-arm-none-eabi-10.3-2021.10-win32/gcc-arm-none-eabi-10.3-2021.10/bin/../lib/gcc/arm-none-eabi/10.3.1/../../../../arm-none-eabi/lib/thumb/v7e-m/nofp\libc.a(lib_a-lock.o)
                0x20000a44                __lock___atexit_recursive_mutex
 *fill*         0x20000a45        0x3 
 .bss.__lock___malloc_recursive_mutex
                0x20000a48        0x1 h:/embedded/clion/gcc-arm-none-eabi-10.3-2021.10-win32/gcc-arm-none-eabi-10.3-2021.10/bin/../lib/gcc/arm-none-eabi/10.3.1/../../../../arm-none-eabi/lib/thumb/v7e-m/nofp\libc.a(lib_a-lock.o)
                0x20000a48                __lock___malloc_recursive_mutex
 *fill*         0x20000a49        0x3 
 .bss.__lock___sfp_recursive_mutex
                0x20000a4c        0x1 h:/embedded/clion/gcc-arm-none-eabi-10.3-2021.10-win32/gcc-arm-none-eabi-10.3-2021.10/bin/../lib/gcc/arm-none-eabi/10.3.1/../../../../arm-none-eabi/lib/thumb/v7e-m/nofp\libc.a(lib_a-lock.o)
                0x20000a4c                __lock___sfp_recursive_mutex
 *fill*         0x20000a4d        0x3 
 .bss.__lock___sinit_recursive_mutex
                0x20000a50        0x1 h:/embedded/clion/gcc-arm-none-eabi-10.3-2021.10-win32/gcc-arm-none-eabi-10.3-2021.10/bin/../lib/gcc/arm-none-eabi/10.3.1/../../../../arm-none-eabi/lib/thumb/v7e-m/nofp\libc.a(lib_a-lock.o)
                0x20000a50                __lock___sinit_recursive_mutex
 *fill*         0x20000a51        0x3 
 .bss.__malloc_current_mallinfo
                0x20000a54       0x28 h:/embedded/clion/gcc-arm-none-eabi-10.3-2021.10-win32/gcc-arm-none-eabi-10.3-2021.10/bin/../lib/gcc/arm-none-eabi/10.3.1/../../../../arm-none-eabi/lib/thumb/v7e-m/nofp\libc.a(lib_a-mallocr.o)
                0x20000a54                __malloc_current_mallinfo
 .bss.__malloc_max_sbrked_mem
                0x20000a7c        0x4 h:/embedded/clion/gcc-arm-none-eabi-10.3-2021.10-win32/gcc-arm-none-eabi-10.3-2021.10/bin/../lib/gcc/arm-none-eabi/10.3.1/../../../../arm-none-eabi/lib/thumb/v7e-m/nofp\libc.a(lib_a-mallocr.o)
                0x20000a7c                __malloc_max_sbrked_mem
 .bss.__malloc_max_total_mem
                0x20000a80        0x4 h:/embedded/clion/gcc-arm-none-eabi-10.3-2021.10-win32/gcc-arm-none-eabi-10.3-2021.10/bin/../lib/gcc/arm-none-eabi/10.3.1/../../../../arm-none-eabi/lib/thumb/v7e-m/nofp\libc.a(lib_a-mallocr.o)
                0x20000a80                __malloc_max_total_mem
 .bss.__malloc_top_pad
                0x20000a84        0x4 h:/embedded/clion/gcc-arm-none-eabi-10.3-2021.10-win32/gcc-arm-none-eabi-10.3-2021.10/bin/../lib/gcc/arm-none-eabi/10.3.1/../../../../arm-none-eabi/lib/thumb/v7e-m/nofp\libc.a(lib_a-mallocr.o)
                0x20000a84                __malloc_top_pad
 .bss.errno     0x20000a88        0x4 h:/embedded/clion/gcc-arm-none-eabi-10.3-2021.10-win32/gcc-arm-none-eabi-10.3-2021.10/bin/../lib/gcc/arm-none-eabi/10.3.1/../../../../arm-none-eabi/lib/thumb/v7e-m/nofp\libc.a(lib_a-reent.o)
                0x20000a88                errno
 *(COMMON)
                0x20000a8c                . = ALIGN (0x4)
                0x20000a8c                _ebss = .
                0x20000a8c                __bss_end__ = _ebss

._user_heap_stack
                0x20000a8c      0x604 load address 0x080053b4
                0x20000a90                . = ALIGN (0x8)
 *fill*         0x20000a8c        0x4 
                [!provide]                PROVIDE (end = .)
                0x20000a90                PROVIDE (_end = .)
                0x20000c90                . = (. + _Min_Heap_Size)
 *fill*         0x20000a90      0x200 
                0x20001090                . = (. + _Min_Stack_Size)
 *fill*         0x20000c90      0x400 
                0x20001090                . = ALIGN (0x8)

/DISCARD/
 libc.a(*)
 libm.a(*)
 libgcc.a(*)

.ARM.attributes
                0x00000000       0x2a
 *(.ARM.attributes)
 .ARM.attributes
                0x00000000       0x1e h:/embedded/clion/gcc-arm-none-eabi-10.3-2021.10-win32/gcc-arm-none-eabi-10.3-2021.10/bin/../lib/gcc/arm-none-eabi/10.3.1/thumb/v7e-m/nofp/crti.o
 .ARM.attributes
                0x0000001e       0x2e h:/embedded/clion/gcc-arm-none-eabi-10.3-2021.10-win32/gcc-arm-none-eabi-10.3-2021.10/bin/../lib/gcc/arm-none-eabi/10.3.1/thumb/v7e-m/nofp/crtbegin.o
 .ARM.attributes
                0x0000004c       0x2e CMakeFiles/HAL_T.elf.dir/Core/Src/dma.c.obj
 .ARM.attributes
                0x0000007a       0x2e CMakeFiles/HAL_T.elf.dir/Core/Src/gpio.c.obj
 .ARM.attributes
                0x000000a8       0x2e CMakeFiles/HAL_T.elf.dir/Core/Src/main.c.obj
 .ARM.attributes
                0x000000d6       0x2e CMakeFiles/HAL_T.elf.dir/Core/Src/stm32g4xx_hal_msp.c.obj
 .ARM.attributes
                0x00000104       0x2e CMakeFiles/HAL_T.elf.dir/Core/Src/stm32g4xx_hal_timebase_tim.c.obj
 .ARM.attributes
                0x00000132       0x2e CMakeFiles/HAL_T.elf.dir/Core/Src/stm32g4xx_it.c.obj
 .ARM.attributes
                0x00000160       0x2e CMakeFiles/HAL_T.elf.dir/Core/Src/syscalls.c.obj
 .ARM.attributes
                0x0000018e       0x2e CMakeFiles/HAL_T.elf.dir/Core/Src/sysmem.c.obj
 .ARM.attributes
                0x000001bc       0x2e CMakeFiles/HAL_T.elf.dir/Core/Src/system_stm32g4xx.c.obj
 .ARM.attributes
                0x000001ea       0x2e CMakeFiles/HAL_T.elf.dir/Core/Src/usart.c.obj
 .ARM.attributes
                0x00000218       0x21 CMakeFiles/HAL_T.elf.dir/Core/Startup/startup_stm32g474retx.s.obj
 .ARM.attributes
                0x00000239       0x2e CMakeFiles/HAL_T.elf.dir/Drivers/STM32G4xx_HAL_Driver/Src/stm32g4xx_hal.c.obj
 .ARM.attributes
                0x00000267       0x2e CMakeFiles/HAL_T.elf.dir/Drivers/STM32G4xx_HAL_Driver/Src/stm32g4xx_hal_cortex.c.obj
 .ARM.attributes
                0x00000295       0x2e CMakeFiles/HAL_T.elf.dir/Drivers/STM32G4xx_HAL_Driver/Src/stm32g4xx_hal_dma.c.obj
 .ARM.attributes
                0x000002c3       0x2e CMakeFiles/HAL_T.elf.dir/Drivers/STM32G4xx_HAL_Driver/Src/stm32g4xx_hal_gpio.c.obj
 .ARM.attributes
                0x000002f1       0x2e CMakeFiles/HAL_T.elf.dir/Drivers/STM32G4xx_HAL_Driver/Src/stm32g4xx_hal_pwr_ex.c.obj
 .ARM.attributes
                0x0000031f       0x2e CMakeFiles/HAL_T.elf.dir/Drivers/STM32G4xx_HAL_Driver/Src/stm32g4xx_hal_rcc.c.obj
 .ARM.attributes
                0x0000034d       0x2e CMakeFiles/HAL_T.elf.dir/Drivers/STM32G4xx_HAL_Driver/Src/stm32g4xx_hal_rcc_ex.c.obj
 .ARM.attributes
                0x0000037b       0x2e CMakeFiles/HAL_T.elf.dir/Drivers/STM32G4xx_HAL_Driver/Src/stm32g4xx_hal_tim.c.obj
 .ARM.attributes
                0x000003a9       0x2e CMakeFiles/HAL_T.elf.dir/Drivers/STM32G4xx_HAL_Driver/Src/stm32g4xx_hal_tim_ex.c.obj
 .ARM.attributes
                0x000003d7       0x2e CMakeFiles/HAL_T.elf.dir/Drivers/STM32G4xx_HAL_Driver/Src/stm32g4xx_hal_uart.c.obj
 .ARM.attributes
                0x00000405       0x2e CMakeFiles/HAL_T.elf.dir/Drivers/STM32G4xx_HAL_Driver/Src/stm32g4xx_hal_uart_ex.c.obj
 .ARM.attributes
                0x00000433       0x2e CMakeFiles/HAL_T.elf.dir/User/Src/led.c.obj
 .ARM.attributes
                0x00000461       0x1e h:/embedded/clion/gcc-arm-none-eabi-10.3-2021.10-win32/gcc-arm-none-eabi-10.3-2021.10/bin/../lib/gcc/arm-none-eabi/10.3.1/thumb/v7e-m/nofp\libgcc.a(_aeabi_uldivmod.o)
 .ARM.attributes
                0x0000047f       0x2e h:/embedded/clion/gcc-arm-none-eabi-10.3-2021.10-win32/gcc-arm-none-eabi-10.3-2021.10/bin/../lib/gcc/arm-none-eabi/10.3.1/thumb/v7e-m/nofp\libgcc.a(_udivmoddi4.o)
 .ARM.attributes
                0x000004ad       0x1e h:/embedded/clion/gcc-arm-none-eabi-10.3-2021.10-win32/gcc-arm-none-eabi-10.3-2021.10/bin/../lib/gcc/arm-none-eabi/10.3.1/thumb/v7e-m/nofp\libgcc.a(_dvmd_tls.o)
 .ARM.attributes
                0x000004cb       0x2e h:/embedded/clion/gcc-arm-none-eabi-10.3-2021.10-win32/gcc-arm-none-eabi-10.3-2021.10/bin/../lib/gcc/arm-none-eabi/10.3.1/../../../../arm-none-eabi/lib/thumb/v7e-m/nofp\libc.a(lib_a-errno.o)
 .ARM.attributes
                0x000004f9       0x2e h:/embedded/clion/gcc-arm-none-eabi-10.3-2021.10-win32/gcc-arm-none-eabi-10.3-2021.10/bin/../lib/gcc/arm-none-eabi/10.3.1/../../../../arm-none-eabi/lib/thumb/v7e-m/nofp\libc.a(lib_a-impure.o)
 .ARM.attributes
                0x00000527       0x2e h:/embedded/clion/gcc-arm-none-eabi-10.3-2021.10-win32/gcc-arm-none-eabi-10.3-2021.10/bin/../lib/gcc/arm-none-eabi/10.3.1/../../../../arm-none-eabi/lib/thumb/v7e-m/nofp\libc.a(lib_a-init.o)
 .ARM.attributes
                0x00000555       0x2e h:/embedded/clion/gcc-arm-none-eabi-10.3-2021.10-win32/gcc-arm-none-eabi-10.3-2021.10/bin/../lib/gcc/arm-none-eabi/10.3.1/../../../../arm-none-eabi/lib/thumb/v7e-m/nofp\libc.a(lib_a-memset.o)
 .ARM.attributes
                0x00000583       0x2e h:/embedded/clion/gcc-arm-none-eabi-10.3-2021.10-win32/gcc-arm-none-eabi-10.3-2021.10/bin/../lib/gcc/arm-none-eabi/10.3.1/../../../../arm-none-eabi/lib/thumb/v7e-m/nofp\libc.a(lib_a-puts.o)
 .ARM.attributes
                0x000005b1       0x1c h:/embedded/clion/gcc-arm-none-eabi-10.3-2021.10-win32/gcc-arm-none-eabi-10.3-2021.10/bin/../lib/gcc/arm-none-eabi/10.3.1/../../../../arm-none-eabi/lib/thumb/v7e-m/nofp\libc.a(lib_a-strlen.o)
 .ARM.attributes
                0x000005cd       0x2e h:/embedded/clion/gcc-arm-none-eabi-10.3-2021.10-win32/gcc-arm-none-eabi-10.3-2021.10/bin/../lib/gcc/arm-none-eabi/10.3.1/../../../../arm-none-eabi/lib/thumb/v7e-m/nofp\libc.a(lib_a-__call_atexit.o)
 .ARM.attributes
                0x000005fb       0x2e h:/embedded/clion/gcc-arm-none-eabi-10.3-2021.10-win32/gcc-arm-none-eabi-10.3-2021.10/bin/../lib/gcc/arm-none-eabi/10.3.1/../../../../arm-none-eabi/lib/thumb/v7e-m/nofp\libc.a(lib_a-atexit.o)
 .ARM.attributes
                0x00000629       0x2e h:/embedded/clion/gcc-arm-none-eabi-10.3-2021.10-win32/gcc-arm-none-eabi-10.3-2021.10/bin/../lib/gcc/arm-none-eabi/10.3.1/../../../../arm-none-eabi/lib/thumb/v7e-m/nofp\libc.a(lib_a-findfp.o)
 .ARM.attributes
                0x00000657       0x2e h:/embedded/clion/gcc-arm-none-eabi-10.3-2021.10-win32/gcc-arm-none-eabi-10.3-2021.10/bin/../lib/gcc/arm-none-eabi/10.3.1/../../../../arm-none-eabi/lib/thumb/v7e-m/nofp\libc.a(lib_a-fini.o)
 .ARM.attributes
                0x00000685       0x2e h:/embedded/clion/gcc-arm-none-eabi-10.3-2021.10-win32/gcc-arm-none-eabi-10.3-2021.10/bin/../lib/gcc/arm-none-eabi/10.3.1/../../../../arm-none-eabi/lib/thumb/v7e-m/nofp\libc.a(lib_a-fvwrite.o)
 .ARM.attributes
                0x000006b3       0x2e h:/embedded/clion/gcc-arm-none-eabi-10.3-2021.10-win32/gcc-arm-none-eabi-10.3-2021.10/bin/../lib/gcc/arm-none-eabi/10.3.1/../../../../arm-none-eabi/lib/thumb/v7e-m/nofp\libc.a(lib_a-fwalk.o)
 .ARM.attributes
                0x000006e1       0x2e h:/embedded/clion/gcc-arm-none-eabi-10.3-2021.10-win32/gcc-arm-none-eabi-10.3-2021.10/bin/../lib/gcc/arm-none-eabi/10.3.1/../../../../arm-none-eabi/lib/thumb/v7e-m/nofp\libc.a(lib_a-lock.o)
 .ARM.attributes
                0x0000070f       0x2e h:/embedded/clion/gcc-arm-none-eabi-10.3-2021.10-win32/gcc-arm-none-eabi-10.3-2021.10/bin/../lib/gcc/arm-none-eabi/10.3.1/../../../../arm-none-eabi/lib/thumb/v7e-m/nofp\libc.a(lib_a-mallocr.o)
 .ARM.attributes
                0x0000073d       0x1c h:/embedded/clion/gcc-arm-none-eabi-10.3-2021.10-win32/gcc-arm-none-eabi-10.3-2021.10/bin/../lib/gcc/arm-none-eabi/10.3.1/../../../../arm-none-eabi/lib/thumb/v7e-m/nofp\libc.a(lib_a-memchr.o)
 .ARM.attributes
                0x00000759       0x1c h:/embedded/clion/gcc-arm-none-eabi-10.3-2021.10-win32/gcc-arm-none-eabi-10.3-2021.10/bin/../lib/gcc/arm-none-eabi/10.3.1/../../../../arm-none-eabi/lib/thumb/v7e-m/nofp\libc.a(lib_a-memcpy.o)
 .ARM.attributes
                0x00000775       0x2e h:/embedded/clion/gcc-arm-none-eabi-10.3-2021.10-win32/gcc-arm-none-eabi-10.3-2021.10/bin/../lib/gcc/arm-none-eabi/10.3.1/../../../../arm-none-eabi/lib/thumb/v7e-m/nofp\libc.a(lib_a-memmove.o)
 .ARM.attributes
                0x000007a3       0x2e h:/embedded/clion/gcc-arm-none-eabi-10.3-2021.10-win32/gcc-arm-none-eabi-10.3-2021.10/bin/../lib/gcc/arm-none-eabi/10.3.1/../../../../arm-none-eabi/lib/thumb/v7e-m/nofp\libc.a(lib_a-mlock.o)
 .ARM.attributes
                0x000007d1       0x2e h:/embedded/clion/gcc-arm-none-eabi-10.3-2021.10-win32/gcc-arm-none-eabi-10.3-2021.10/bin/../lib/gcc/arm-none-eabi/10.3.1/../../../../arm-none-eabi/lib/thumb/v7e-m/nofp\libc.a(lib_a-reallocr.o)
 .ARM.attributes
                0x000007ff       0x2e h:/embedded/clion/gcc-arm-none-eabi-10.3-2021.10-win32/gcc-arm-none-eabi-10.3-2021.10/bin/../lib/gcc/arm-none-eabi/10.3.1/../../../../arm-none-eabi/lib/thumb/v7e-m/nofp\libc.a(lib_a-sbrkr.o)
 .ARM.attributes
                0x0000082d       0x2e h:/embedded/clion/gcc-arm-none-eabi-10.3-2021.10-win32/gcc-arm-none-eabi-10.3-2021.10/bin/../lib/gcc/arm-none-eabi/10.3.1/../../../../arm-none-eabi/lib/thumb/v7e-m/nofp\libc.a(lib_a-stdio.o)
 .ARM.attributes
                0x0000085b       0x2e h:/embedded/clion/gcc-arm-none-eabi-10.3-2021.10-win32/gcc-arm-none-eabi-10.3-2021.10/bin/../lib/gcc/arm-none-eabi/10.3.1/../../../../arm-none-eabi/lib/thumb/v7e-m/nofp\libc.a(lib_a-writer.o)
 .ARM.attributes
                0x00000889       0x2e h:/embedded/clion/gcc-arm-none-eabi-10.3-2021.10-win32/gcc-arm-none-eabi-10.3-2021.10/bin/../lib/gcc/arm-none-eabi/10.3.1/../../../../arm-none-eabi/lib/thumb/v7e-m/nofp\libc.a(lib_a-wsetup.o)
 .ARM.attributes
                0x000008b7       0x2e h:/embedded/clion/gcc-arm-none-eabi-10.3-2021.10-win32/gcc-arm-none-eabi-10.3-2021.10/bin/../lib/gcc/arm-none-eabi/10.3.1/../../../../arm-none-eabi/lib/thumb/v7e-m/nofp\libc.a(lib_a-__atexit.o)
 .ARM.attributes
                0x000008e5       0x2e h:/embedded/clion/gcc-arm-none-eabi-10.3-2021.10-win32/gcc-arm-none-eabi-10.3-2021.10/bin/../lib/gcc/arm-none-eabi/10.3.1/../../../../arm-none-eabi/lib/thumb/v7e-m/nofp\libc.a(lib_a-closer.o)
 .ARM.attributes
                0x00000913       0x2e h:/embedded/clion/gcc-arm-none-eabi-10.3-2021.10-win32/gcc-arm-none-eabi-10.3-2021.10/bin/../lib/gcc/arm-none-eabi/10.3.1/../../../../arm-none-eabi/lib/thumb/v7e-m/nofp\libc.a(lib_a-fclose.o)
 .ARM.attributes
                0x00000941       0x2e h:/embedded/clion/gcc-arm-none-eabi-10.3-2021.10-win32/gcc-arm-none-eabi-10.3-2021.10/bin/../lib/gcc/arm-none-eabi/10.3.1/../../../../arm-none-eabi/lib/thumb/v7e-m/nofp\libc.a(lib_a-fflush.o)
 .ARM.attributes
                0x0000096f       0x2e h:/embedded/clion/gcc-arm-none-eabi-10.3-2021.10-win32/gcc-arm-none-eabi-10.3-2021.10/bin/../lib/gcc/arm-none-eabi/10.3.1/../../../../arm-none-eabi/lib/thumb/v7e-m/nofp\libc.a(lib_a-freer.o)
 .ARM.attributes
                0x0000099d       0x2e h:/embedded/clion/gcc-arm-none-eabi-10.3-2021.10-win32/gcc-arm-none-eabi-10.3-2021.10/bin/../lib/gcc/arm-none-eabi/10.3.1/../../../../arm-none-eabi/lib/thumb/v7e-m/nofp\libc.a(lib_a-lseekr.o)
 .ARM.attributes
                0x000009cb       0x2e h:/embedded/clion/gcc-arm-none-eabi-10.3-2021.10-win32/gcc-arm-none-eabi-10.3-2021.10/bin/../lib/gcc/arm-none-eabi/10.3.1/../../../../arm-none-eabi/lib/thumb/v7e-m/nofp\libc.a(lib_a-makebuf.o)
 .ARM.attributes
                0x000009f9       0x2e h:/embedded/clion/gcc-arm-none-eabi-10.3-2021.10-win32/gcc-arm-none-eabi-10.3-2021.10/bin/../lib/gcc/arm-none-eabi/10.3.1/../../../../arm-none-eabi/lib/thumb/v7e-m/nofp\libc.a(lib_a-readr.o)
 .ARM.attributes
                0x00000a27       0x2e h:/embedded/clion/gcc-arm-none-eabi-10.3-2021.10-win32/gcc-arm-none-eabi-10.3-2021.10/bin/../lib/gcc/arm-none-eabi/10.3.1/../../../../arm-none-eabi/lib/thumb/v7e-m/nofp\libc.a(lib_a-reent.o)
 .ARM.attributes
                0x00000a55       0x2e h:/embedded/clion/gcc-arm-none-eabi-10.3-2021.10-win32/gcc-arm-none-eabi-10.3-2021.10/bin/../lib/gcc/arm-none-eabi/10.3.1/../../../../arm-none-eabi/lib/thumb/v7e-m/nofp\libc.a(lib_a-fstatr.o)
 .ARM.attributes
                0x00000a83       0x2e h:/embedded/clion/gcc-arm-none-eabi-10.3-2021.10-win32/gcc-arm-none-eabi-10.3-2021.10/bin/../lib/gcc/arm-none-eabi/10.3.1/../../../../arm-none-eabi/lib/thumb/v7e-m/nofp\libc.a(lib_a-isattyr.o)
 .ARM.attributes
                0x00000ab1       0x1e h:/embedded/clion/gcc-arm-none-eabi-10.3-2021.10-win32/gcc-arm-none-eabi-10.3-2021.10/bin/../lib/gcc/arm-none-eabi/10.3.1/thumb/v7e-m/nofp/crtn.o
OUTPUT(HAL_T.elf elf32-littlearm)
LOAD linker stubs
LOAD h:/embedded/clion/gcc-arm-none-eabi-10.3-2021.10-win32/gcc-arm-none-eabi-10.3-2021.10/bin/../lib/gcc/arm-none-eabi/10.3.1/../../../../arm-none-eabi/lib/thumb/v7e-m/nofp\libc.a
LOAD h:/embedded/clion/gcc-arm-none-eabi-10.3-2021.10-win32/gcc-arm-none-eabi-10.3-2021.10/bin/../lib/gcc/arm-none-eabi/10.3.1/../../../../arm-none-eabi/lib/thumb/v7e-m/nofp\libm.a
LOAD h:/embedded/clion/gcc-arm-none-eabi-10.3-2021.10-win32/gcc-arm-none-eabi-10.3-2021.10/bin/../lib/gcc/arm-none-eabi/10.3.1/thumb/v7e-m/nofp\libgcc.a

.debug_info     0x00000000    0x1965f
 .debug_info    0x00000000      0x641 CMakeFiles/HAL_T.elf.dir/Core/Src/dma.c.obj
 .debug_info    0x00000641      0x4ea CMakeFiles/HAL_T.elf.dir/Core/Src/gpio.c.obj
 .debug_info    0x00000b2b     0x1090 CMakeFiles/HAL_T.elf.dir/Core/Src/main.c.obj
 .debug_info    0x00001bbb      0x33e CMakeFiles/HAL_T.elf.dir/Core/Src/stm32g4xx_hal_msp.c.obj
 .debug_info    0x00001ef9      0xf0b CMakeFiles/HAL_T.elf.dir/Core/Src/stm32g4xx_hal_timebase_tim.c.obj
 .debug_info    0x00002e04      0xdd7 CMakeFiles/HAL_T.elf.dir/Core/Src/stm32g4xx_it.c.obj
 .debug_info    0x00003bdb      0x7af CMakeFiles/HAL_T.elf.dir/Core/Src/syscalls.c.obj
 .debug_info    0x0000438a      0x174 CMakeFiles/HAL_T.elf.dir/Core/Src/sysmem.c.obj
 .debug_info    0x000044fe      0x3f9 CMakeFiles/HAL_T.elf.dir/Core/Src/system_stm32g4xx.c.obj
 .debug_info    0x000048f7     0x1304 CMakeFiles/HAL_T.elf.dir/Core/Src/usart.c.obj
 .debug_info    0x00005bfb       0x22 CMakeFiles/HAL_T.elf.dir/Core/Startup/startup_stm32g474retx.s.obj
 .debug_info    0x00005c1d      0xc2d CMakeFiles/HAL_T.elf.dir/Drivers/STM32G4xx_HAL_Driver/Src/stm32g4xx_hal.c.obj
 .debug_info    0x0000684a     0x10fb CMakeFiles/HAL_T.elf.dir/Drivers/STM32G4xx_HAL_Driver/Src/stm32g4xx_hal_cortex.c.obj
 .debug_info    0x00007945      0xa56 CMakeFiles/HAL_T.elf.dir/Drivers/STM32G4xx_HAL_Driver/Src/stm32g4xx_hal_dma.c.obj
 .debug_info    0x0000839b      0x865 CMakeFiles/HAL_T.elf.dir/Drivers/STM32G4xx_HAL_Driver/Src/stm32g4xx_hal_gpio.c.obj
 .debug_info    0x00008c00      0xa07 CMakeFiles/HAL_T.elf.dir/Drivers/STM32G4xx_HAL_Driver/Src/stm32g4xx_hal_pwr_ex.c.obj
 .debug_info    0x00009607      0xefa CMakeFiles/HAL_T.elf.dir/Drivers/STM32G4xx_HAL_Driver/Src/stm32g4xx_hal_rcc.c.obj
 .debug_info    0x0000a501      0xf39 CMakeFiles/HAL_T.elf.dir/Drivers/STM32G4xx_HAL_Driver/Src/stm32g4xx_hal_rcc_ex.c.obj
 .debug_info    0x0000b43a     0x40a4 CMakeFiles/HAL_T.elf.dir/Drivers/STM32G4xx_HAL_Driver/Src/stm32g4xx_hal_tim.c.obj
 .debug_info    0x0000f4de     0x250e CMakeFiles/HAL_T.elf.dir/Drivers/STM32G4xx_HAL_Driver/Src/stm32g4xx_hal_tim_ex.c.obj
 .debug_info    0x000119ec     0x642f CMakeFiles/HAL_T.elf.dir/Drivers/STM32G4xx_HAL_Driver/Src/stm32g4xx_hal_uart.c.obj
 .debug_info    0x00017e1b     0x131e CMakeFiles/HAL_T.elf.dir/Drivers/STM32G4xx_HAL_Driver/Src/stm32g4xx_hal_uart_ex.c.obj
 .debug_info    0x00019139      0x526 CMakeFiles/HAL_T.elf.dir/User/Src/led.c.obj

.debug_abbrev   0x00000000     0x2c1d
 .debug_abbrev  0x00000000      0x114 CMakeFiles/HAL_T.elf.dir/Core/Src/dma.c.obj
 .debug_abbrev  0x00000114      0x14e CMakeFiles/HAL_T.elf.dir/Core/Src/gpio.c.obj
 .debug_abbrev  0x00000262      0x281 CMakeFiles/HAL_T.elf.dir/Core/Src/main.c.obj
 .debug_abbrev  0x000004e3       0xd6 CMakeFiles/HAL_T.elf.dir/Core/Src/stm32g4xx_hal_msp.c.obj
 .debug_abbrev  0x000005b9      0x230 CMakeFiles/HAL_T.elf.dir/Core/Src/stm32g4xx_hal_timebase_tim.c.obj
 .debug_abbrev  0x000007e9      0x1b1 CMakeFiles/HAL_T.elf.dir/Core/Src/stm32g4xx_it.c.obj
 .debug_abbrev  0x0000099a      0x1a3 CMakeFiles/HAL_T.elf.dir/Core/Src/syscalls.c.obj
 .debug_abbrev  0x00000b3d       0xe7 CMakeFiles/HAL_T.elf.dir/Core/Src/sysmem.c.obj
 .debug_abbrev  0x00000c24      0x119 CMakeFiles/HAL_T.elf.dir/Core/Src/system_stm32g4xx.c.obj
 .debug_abbrev  0x00000d3d      0x207 CMakeFiles/HAL_T.elf.dir/Core/Src/usart.c.obj
 .debug_abbrev  0x00000f44       0x12 CMakeFiles/HAL_T.elf.dir/Core/Startup/startup_stm32g474retx.s.obj
 .debug_abbrev  0x00000f56      0x23e CMakeFiles/HAL_T.elf.dir/Drivers/STM32G4xx_HAL_Driver/Src/stm32g4xx_hal.c.obj
 .debug_abbrev  0x00001194      0x361 CMakeFiles/HAL_T.elf.dir/Drivers/STM32G4xx_HAL_Driver/Src/stm32g4xx_hal_cortex.c.obj
 .debug_abbrev  0x000014f5      0x216 CMakeFiles/HAL_T.elf.dir/Drivers/STM32G4xx_HAL_Driver/Src/stm32g4xx_hal_dma.c.obj
 .debug_abbrev  0x0000170b      0x1e6 CMakeFiles/HAL_T.elf.dir/Drivers/STM32G4xx_HAL_Driver/Src/stm32g4xx_hal_gpio.c.obj
 .debug_abbrev  0x000018f1      0x245 CMakeFiles/HAL_T.elf.dir/Drivers/STM32G4xx_HAL_Driver/Src/stm32g4xx_hal_pwr_ex.c.obj
 .debug_abbrev  0x00001b36      0x26f CMakeFiles/HAL_T.elf.dir/Drivers/STM32G4xx_HAL_Driver/Src/stm32g4xx_hal_rcc.c.obj
 .debug_abbrev  0x00001da5      0x243 CMakeFiles/HAL_T.elf.dir/Drivers/STM32G4xx_HAL_Driver/Src/stm32g4xx_hal_rcc_ex.c.obj
 .debug_abbrev  0x00001fe8      0x25c CMakeFiles/HAL_T.elf.dir/Drivers/STM32G4xx_HAL_Driver/Src/stm32g4xx_hal_tim.c.obj
 .debug_abbrev  0x00002244      0x272 CMakeFiles/HAL_T.elf.dir/Drivers/STM32G4xx_HAL_Driver/Src/stm32g4xx_hal_tim_ex.c.obj
 .debug_abbrev  0x000024b6      0x329 CMakeFiles/HAL_T.elf.dir/Drivers/STM32G4xx_HAL_Driver/Src/stm32g4xx_hal_uart.c.obj
 .debug_abbrev  0x000027df      0x2f2 CMakeFiles/HAL_T.elf.dir/Drivers/STM32G4xx_HAL_Driver/Src/stm32g4xx_hal_uart_ex.c.obj
 .debug_abbrev  0x00002ad1      0x14c CMakeFiles/HAL_T.elf.dir/User/Src/led.c.obj

.debug_aranges  0x00000000     0x1138
 .debug_aranges
                0x00000000       0x20 CMakeFiles/HAL_T.elf.dir/Core/Src/dma.c.obj
 .debug_aranges
                0x00000020       0x20 CMakeFiles/HAL_T.elf.dir/Core/Src/gpio.c.obj
 .debug_aranges
                0x00000040       0x40 CMakeFiles/HAL_T.elf.dir/Core/Src/main.c.obj
 .debug_aranges
                0x00000080       0x20 CMakeFiles/HAL_T.elf.dir/Core/Src/stm32g4xx_hal_msp.c.obj
 .debug_aranges
                0x000000a0       0x30 CMakeFiles/HAL_T.elf.dir/Core/Src/stm32g4xx_hal_timebase_tim.c.obj
 .debug_aranges
                0x000000d0       0x80 CMakeFiles/HAL_T.elf.dir/Core/Src/stm32g4xx_it.c.obj
 .debug_aranges
                0x00000150       0xa8 CMakeFiles/HAL_T.elf.dir/Core/Src/syscalls.c.obj
 .debug_aranges
                0x000001f8       0x20 CMakeFiles/HAL_T.elf.dir/Core/Src/sysmem.c.obj
 .debug_aranges
                0x00000218       0x28 CMakeFiles/HAL_T.elf.dir/Core/Src/system_stm32g4xx.c.obj
 .debug_aranges
                0x00000240       0x30 CMakeFiles/HAL_T.elf.dir/Core/Src/usart.c.obj
 .debug_aranges
                0x00000270       0x28 CMakeFiles/HAL_T.elf.dir/Core/Startup/startup_stm32g474retx.s.obj
 .debug_aranges
                0x00000298      0x130 CMakeFiles/HAL_T.elf.dir/Drivers/STM32G4xx_HAL_Driver/Src/stm32g4xx_hal.c.obj
 .debug_aranges
                0x000003c8       0xa8 CMakeFiles/HAL_T.elf.dir/Drivers/STM32G4xx_HAL_Driver/Src/stm32g4xx_hal_cortex.c.obj
 .debug_aranges
                0x00000470       0x90 CMakeFiles/HAL_T.elf.dir/Drivers/STM32G4xx_HAL_Driver/Src/stm32g4xx_hal_dma.c.obj
 .debug_aranges
                0x00000500       0x58 CMakeFiles/HAL_T.elf.dir/Drivers/STM32G4xx_HAL_Driver/Src/stm32g4xx_hal_gpio.c.obj
 .debug_aranges
                0x00000558      0x140 CMakeFiles/HAL_T.elf.dir/Drivers/STM32G4xx_HAL_Driver/Src/stm32g4xx_hal_pwr_ex.c.obj
 .debug_aranges
                0x00000698       0x98 CMakeFiles/HAL_T.elf.dir/Drivers/STM32G4xx_HAL_Driver/Src/stm32g4xx_hal_rcc.c.obj
 .debug_aranges
                0x00000730       0xb0 CMakeFiles/HAL_T.elf.dir/Drivers/STM32G4xx_HAL_Driver/Src/stm32g4xx_hal_rcc_ex.c.obj
 .debug_aranges
                0x000007e0      0x3e0 CMakeFiles/HAL_T.elf.dir/Drivers/STM32G4xx_HAL_Driver/Src/stm32g4xx_hal_tim.c.obj
 .debug_aranges
                0x00000bc0      0x240 CMakeFiles/HAL_T.elf.dir/Drivers/STM32G4xx_HAL_Driver/Src/stm32g4xx_hal_tim_ex.c.obj
 .debug_aranges
                0x00000e00      0x270 CMakeFiles/HAL_T.elf.dir/Drivers/STM32G4xx_HAL_Driver/Src/stm32g4xx_hal_uart.c.obj
 .debug_aranges
                0x00001070       0xa0 CMakeFiles/HAL_T.elf.dir/Drivers/STM32G4xx_HAL_Driver/Src/stm32g4xx_hal_uart_ex.c.obj
 .debug_aranges
                0x00001110       0x28 CMakeFiles/HAL_T.elf.dir/User/Src/led.c.obj

.debug_ranges   0x00000000     0x1060
 .debug_ranges  0x00000000       0x10 CMakeFiles/HAL_T.elf.dir/Core/Src/dma.c.obj
 .debug_ranges  0x00000010       0x10 CMakeFiles/HAL_T.elf.dir/Core/Src/gpio.c.obj
 .debug_ranges  0x00000020       0x30 CMakeFiles/HAL_T.elf.dir/Core/Src/main.c.obj
 .debug_ranges  0x00000050       0x10 CMakeFiles/HAL_T.elf.dir/Core/Src/stm32g4xx_hal_msp.c.obj
 .debug_ranges  0x00000060       0x20 CMakeFiles/HAL_T.elf.dir/Core/Src/stm32g4xx_hal_timebase_tim.c.obj
 .debug_ranges  0x00000080       0x70 CMakeFiles/HAL_T.elf.dir/Core/Src/stm32g4xx_it.c.obj
 .debug_ranges  0x000000f0       0x98 CMakeFiles/HAL_T.elf.dir/Core/Src/syscalls.c.obj
 .debug_ranges  0x00000188       0x10 CMakeFiles/HAL_T.elf.dir/Core/Src/sysmem.c.obj
 .debug_ranges  0x00000198       0x18 CMakeFiles/HAL_T.elf.dir/Core/Src/system_stm32g4xx.c.obj
 .debug_ranges  0x000001b0       0x20 CMakeFiles/HAL_T.elf.dir/Core/Src/usart.c.obj
 .debug_ranges  0x000001d0       0x20 CMakeFiles/HAL_T.elf.dir/Core/Startup/startup_stm32g474retx.s.obj
 .debug_ranges  0x000001f0      0x120 CMakeFiles/HAL_T.elf.dir/Drivers/STM32G4xx_HAL_Driver/Src/stm32g4xx_hal.c.obj
 .debug_ranges  0x00000310       0xf8 CMakeFiles/HAL_T.elf.dir/Drivers/STM32G4xx_HAL_Driver/Src/stm32g4xx_hal_cortex.c.obj
 .debug_ranges  0x00000408       0x80 CMakeFiles/HAL_T.elf.dir/Drivers/STM32G4xx_HAL_Driver/Src/stm32g4xx_hal_dma.c.obj
 .debug_ranges  0x00000488       0x48 CMakeFiles/HAL_T.elf.dir/Drivers/STM32G4xx_HAL_Driver/Src/stm32g4xx_hal_gpio.c.obj
 .debug_ranges  0x000004d0      0x130 CMakeFiles/HAL_T.elf.dir/Drivers/STM32G4xx_HAL_Driver/Src/stm32g4xx_hal_pwr_ex.c.obj
 .debug_ranges  0x00000600       0xa0 CMakeFiles/HAL_T.elf.dir/Drivers/STM32G4xx_HAL_Driver/Src/stm32g4xx_hal_rcc.c.obj
 .debug_ranges  0x000006a0       0xb8 CMakeFiles/HAL_T.elf.dir/Drivers/STM32G4xx_HAL_Driver/Src/stm32g4xx_hal_rcc_ex.c.obj
 .debug_ranges  0x00000758      0x3d0 CMakeFiles/HAL_T.elf.dir/Drivers/STM32G4xx_HAL_Driver/Src/stm32g4xx_hal_tim.c.obj
 .debug_ranges  0x00000b28      0x230 CMakeFiles/HAL_T.elf.dir/Drivers/STM32G4xx_HAL_Driver/Src/stm32g4xx_hal_tim_ex.c.obj
 .debug_ranges  0x00000d58      0x260 CMakeFiles/HAL_T.elf.dir/Drivers/STM32G4xx_HAL_Driver/Src/stm32g4xx_hal_uart.c.obj
 .debug_ranges  0x00000fb8       0x90 CMakeFiles/HAL_T.elf.dir/Drivers/STM32G4xx_HAL_Driver/Src/stm32g4xx_hal_uart_ex.c.obj
 .debug_ranges  0x00001048       0x18 CMakeFiles/HAL_T.elf.dir/User/Src/led.c.obj

.debug_line     0x00000000    0x169d9
 .debug_line    0x00000000      0x23a CMakeFiles/HAL_T.elf.dir/Core/Src/dma.c.obj
 .debug_line    0x0000023a      0x265 CMakeFiles/HAL_T.elf.dir/Core/Src/gpio.c.obj
 .debug_line    0x0000049f      0x4da CMakeFiles/HAL_T.elf.dir/Core/Src/main.c.obj
 .debug_line    0x00000979      0x245 CMakeFiles/HAL_T.elf.dir/Core/Src/stm32g4xx_hal_msp.c.obj
 .debug_line    0x00000bbe      0x372 CMakeFiles/HAL_T.elf.dir/Core/Src/stm32g4xx_hal_timebase_tim.c.obj
 .debug_line    0x00000f30      0x3c8 CMakeFiles/HAL_T.elf.dir/Core/Src/stm32g4xx_it.c.obj
 .debug_line    0x000012f8      0x456 CMakeFiles/HAL_T.elf.dir/Core/Src/syscalls.c.obj
 .debug_line    0x0000174e      0x24e CMakeFiles/HAL_T.elf.dir/Core/Src/sysmem.c.obj
 .debug_line    0x0000199c      0x29e CMakeFiles/HAL_T.elf.dir/Core/Src/system_stm32g4xx.c.obj
 .debug_line    0x00001c3a      0x50f CMakeFiles/HAL_T.elf.dir/Core/Src/usart.c.obj
 .debug_line    0x00002149       0xa9 CMakeFiles/HAL_T.elf.dir/Core/Startup/startup_stm32g474retx.s.obj
 .debug_line    0x000021f2      0x750 CMakeFiles/HAL_T.elf.dir/Drivers/STM32G4xx_HAL_Driver/Src/stm32g4xx_hal.c.obj
 .debug_line    0x00002942      0x830 CMakeFiles/HAL_T.elf.dir/Drivers/STM32G4xx_HAL_Driver/Src/stm32g4xx_hal_cortex.c.obj
 .debug_line    0x00003172      0xcef CMakeFiles/HAL_T.elf.dir/Drivers/STM32G4xx_HAL_Driver/Src/stm32g4xx_hal_dma.c.obj
 .debug_line    0x00003e61      0x72d CMakeFiles/HAL_T.elf.dir/Drivers/STM32G4xx_HAL_Driver/Src/stm32g4xx_hal_gpio.c.obj
 .debug_line    0x0000458e      0xb43 CMakeFiles/HAL_T.elf.dir/Drivers/STM32G4xx_HAL_Driver/Src/stm32g4xx_hal_pwr_ex.c.obj
 .debug_line    0x000050d1      0xe8e CMakeFiles/HAL_T.elf.dir/Drivers/STM32G4xx_HAL_Driver/Src/stm32g4xx_hal_rcc.c.obj
 .debug_line    0x00005f5f     0x1300 CMakeFiles/HAL_T.elf.dir/Drivers/STM32G4xx_HAL_Driver/Src/stm32g4xx_hal_rcc_ex.c.obj
 .debug_line    0x0000725f     0x554e CMakeFiles/HAL_T.elf.dir/Drivers/STM32G4xx_HAL_Driver/Src/stm32g4xx_hal_tim.c.obj
 .debug_line    0x0000c7ad     0x271f CMakeFiles/HAL_T.elf.dir/Drivers/STM32G4xx_HAL_Driver/Src/stm32g4xx_hal_tim_ex.c.obj
 .debug_line    0x0000eecc     0x6ab5 CMakeFiles/HAL_T.elf.dir/Drivers/STM32G4xx_HAL_Driver/Src/stm32g4xx_hal_uart.c.obj
 .debug_line    0x00015981      0xdde CMakeFiles/HAL_T.elf.dir/Drivers/STM32G4xx_HAL_Driver/Src/stm32g4xx_hal_uart_ex.c.obj
 .debug_line    0x0001675f      0x27a CMakeFiles/HAL_T.elf.dir/User/Src/led.c.obj

.debug_str      0x00000000     0x5cec
 .debug_str     0x00000000      0x940 CMakeFiles/HAL_T.elf.dir/Core/Src/dma.c.obj
                                0x982 (size before relaxing)
 .debug_str     0x00000940       0xef CMakeFiles/HAL_T.elf.dir/Core/Src/gpio.c.obj
                                0x3f1 (size before relaxing)
 .debug_str     0x00000a2f      0xa88 CMakeFiles/HAL_T.elf.dir/Core/Src/main.c.obj
                                0xdeb (size before relaxing)
 .debug_str     0x000014b7       0x6d CMakeFiles/HAL_T.elf.dir/Core/Src/stm32g4xx_hal_msp.c.obj
                                0x361 (size before relaxing)
 .debug_str     0x00001524      0x129 CMakeFiles/HAL_T.elf.dir/Core/Src/stm32g4xx_hal_timebase_tim.c.obj
                               0x10f4 (size before relaxing)
 .debug_str     0x0000164d      0x180 CMakeFiles/HAL_T.elf.dir/Core/Src/stm32g4xx_it.c.obj
                                0xc9e (size before relaxing)
 .debug_str     0x000017cd      0x22b CMakeFiles/HAL_T.elf.dir/Core/Src/syscalls.c.obj
                                0x428 (size before relaxing)
 .debug_str     0x000019f8       0x95 CMakeFiles/HAL_T.elf.dir/Core/Src/sysmem.c.obj
                                0x254 (size before relaxing)
 .debug_str     0x00001a8d       0xa7 CMakeFiles/HAL_T.elf.dir/Core/Src/system_stm32g4xx.c.obj
                                0x3a6 (size before relaxing)
 .debug_str     0x00001b34      0x2e7 CMakeFiles/HAL_T.elf.dir/Core/Src/usart.c.obj
                               0x1368 (size before relaxing)
 .debug_str     0x00001e1b       0x56 CMakeFiles/HAL_T.elf.dir/Core/Startup/startup_stm32g474retx.s.obj
                                 0x8b (size before relaxing)
 .debug_str     0x00001e71      0x435 CMakeFiles/HAL_T.elf.dir/Drivers/STM32G4xx_HAL_Driver/Src/stm32g4xx_hal.c.obj
                                0xe41 (size before relaxing)
 .debug_str     0x000022a6      0x49b CMakeFiles/HAL_T.elf.dir/Drivers/STM32G4xx_HAL_Driver/Src/stm32g4xx_hal_cortex.c.obj
                                0xd90 (size before relaxing)
 .debug_str     0x00002741      0x2bf CMakeFiles/HAL_T.elf.dir/Drivers/STM32G4xx_HAL_Driver/Src/stm32g4xx_hal_dma.c.obj
                                0x7d4 (size before relaxing)
 .debug_str     0x00002a00      0x13f CMakeFiles/HAL_T.elf.dir/Drivers/STM32G4xx_HAL_Driver/Src/stm32g4xx_hal_gpio.c.obj
                                0x573 (size before relaxing)
 .debug_str     0x00002b3f      0x50b CMakeFiles/HAL_T.elf.dir/Drivers/STM32G4xx_HAL_Driver/Src/stm32g4xx_hal_pwr_ex.c.obj
                                0x815 (size before relaxing)
 .debug_str     0x0000304a      0x273 CMakeFiles/HAL_T.elf.dir/Drivers/STM32G4xx_HAL_Driver/Src/stm32g4xx_hal_rcc.c.obj
                                0x888 (size before relaxing)
 .debug_str     0x000032bd      0x395 CMakeFiles/HAL_T.elf.dir/Drivers/STM32G4xx_HAL_Driver/Src/stm32g4xx_hal_rcc_ex.c.obj
                                0xa98 (size before relaxing)
 .debug_str     0x00003652      0xf7c CMakeFiles/HAL_T.elf.dir/Drivers/STM32G4xx_HAL_Driver/Src/stm32g4xx_hal_tim.c.obj
                               0x1892 (size before relaxing)
 .debug_str     0x000045ce      0x9ca CMakeFiles/HAL_T.elf.dir/Drivers/STM32G4xx_HAL_Driver/Src/stm32g4xx_hal_tim_ex.c.obj
                               0x14fa (size before relaxing)
 .debug_str     0x00004f98      0xa83 CMakeFiles/HAL_T.elf.dir/Drivers/STM32G4xx_HAL_Driver/Src/stm32g4xx_hal_uart.c.obj
                               0x1550 (size before relaxing)
 .debug_str     0x00005a1b      0x29f CMakeFiles/HAL_T.elf.dir/Drivers/STM32G4xx_HAL_Driver/Src/stm32g4xx_hal_uart_ex.c.obj
                                0xc4e (size before relaxing)
 .debug_str     0x00005cba       0x32 CMakeFiles/HAL_T.elf.dir/User/Src/led.c.obj
                                0x40e (size before relaxing)

.comment        0x00000000       0x49
 .comment       0x00000000       0x49 CMakeFiles/HAL_T.elf.dir/Core/Src/dma.c.obj
                                 0x4a (size before relaxing)
 .comment       0x00000049       0x4a CMakeFiles/HAL_T.elf.dir/Core/Src/gpio.c.obj
 .comment       0x00000049       0x4a CMakeFiles/HAL_T.elf.dir/Core/Src/main.c.obj
 .comment       0x00000049       0x4a CMakeFiles/HAL_T.elf.dir/Core/Src/stm32g4xx_hal_msp.c.obj
 .comment       0x00000049       0x4a CMakeFiles/HAL_T.elf.dir/Core/Src/stm32g4xx_hal_timebase_tim.c.obj
 .comment       0x00000049       0x4a CMakeFiles/HAL_T.elf.dir/Core/Src/stm32g4xx_it.c.obj
 .comment       0x00000049       0x4a CMakeFiles/HAL_T.elf.dir/Core/Src/syscalls.c.obj
 .comment       0x00000049       0x4a CMakeFiles/HAL_T.elf.dir/Core/Src/sysmem.c.obj
 .comment       0x00000049       0x4a CMakeFiles/HAL_T.elf.dir/Core/Src/system_stm32g4xx.c.obj
 .comment       0x00000049       0x4a CMakeFiles/HAL_T.elf.dir/Core/Src/usart.c.obj
 .comment       0x00000049       0x4a CMakeFiles/HAL_T.elf.dir/Drivers/STM32G4xx_HAL_Driver/Src/stm32g4xx_hal.c.obj
 .comment       0x00000049       0x4a CMakeFiles/HAL_T.elf.dir/Drivers/STM32G4xx_HAL_Driver/Src/stm32g4xx_hal_cortex.c.obj
 .comment       0x00000049       0x4a CMakeFiles/HAL_T.elf.dir/Drivers/STM32G4xx_HAL_Driver/Src/stm32g4xx_hal_dma.c.obj
 .comment       0x00000049       0x4a CMakeFiles/HAL_T.elf.dir/Drivers/STM32G4xx_HAL_Driver/Src/stm32g4xx_hal_gpio.c.obj
 .comment       0x00000049       0x4a CMakeFiles/HAL_T.elf.dir/Drivers/STM32G4xx_HAL_Driver/Src/stm32g4xx_hal_pwr_ex.c.obj
 .comment       0x00000049       0x4a CMakeFiles/HAL_T.elf.dir/Drivers/STM32G4xx_HAL_Driver/Src/stm32g4xx_hal_rcc.c.obj
 .comment       0x00000049       0x4a CMakeFiles/HAL_T.elf.dir/Drivers/STM32G4xx_HAL_Driver/Src/stm32g4xx_hal_rcc_ex.c.obj
 .comment       0x00000049       0x4a CMakeFiles/HAL_T.elf.dir/Drivers/STM32G4xx_HAL_Driver/Src/stm32g4xx_hal_tim.c.obj
 .comment       0x00000049       0x4a CMakeFiles/HAL_T.elf.dir/Drivers/STM32G4xx_HAL_Driver/Src/stm32g4xx_hal_tim_ex.c.obj
 .comment       0x00000049       0x4a CMakeFiles/HAL_T.elf.dir/Drivers/STM32G4xx_HAL_Driver/Src/stm32g4xx_hal_uart.c.obj
 .comment       0x00000049       0x4a CMakeFiles/HAL_T.elf.dir/Drivers/STM32G4xx_HAL_Driver/Src/stm32g4xx_hal_uart_ex.c.obj
 .comment       0x00000049       0x4a CMakeFiles/HAL_T.elf.dir/User/Src/led.c.obj

.debug_frame    0x00000000     0x3440
 .debug_frame   0x00000000       0x2c CMakeFiles/HAL_T.elf.dir/Core/Src/dma.c.obj
 .debug_frame   0x0000002c       0x30 CMakeFiles/HAL_T.elf.dir/Core/Src/gpio.c.obj
 .debug_frame   0x0000005c       0x8c CMakeFiles/HAL_T.elf.dir/Core/Src/main.c.obj
 .debug_frame   0x000000e8       0x2c CMakeFiles/HAL_T.elf.dir/Core/Src/stm32g4xx_hal_msp.c.obj
 .debug_frame   0x00000114       0x54 CMakeFiles/HAL_T.elf.dir/Core/Src/stm32g4xx_hal_timebase_tim.c.obj
 .debug_frame   0x00000168      0x100 CMakeFiles/HAL_T.elf.dir/Core/Src/stm32g4xx_it.c.obj
 .debug_frame   0x00000268      0x190 CMakeFiles/HAL_T.elf.dir/Core/Src/syscalls.c.obj
 .debug_frame   0x000003f8       0x28 CMakeFiles/HAL_T.elf.dir/Core/Src/sysmem.c.obj
 .debug_frame   0x00000420       0x30 CMakeFiles/HAL_T.elf.dir/Core/Src/system_stm32g4xx.c.obj
 .debug_frame   0x00000450       0x64 CMakeFiles/HAL_T.elf.dir/Core/Src/usart.c.obj
 .debug_frame   0x000004b4      0x274 CMakeFiles/HAL_T.elf.dir/Drivers/STM32G4xx_HAL_Driver/Src/stm32g4xx_hal.c.obj
 .debug_frame   0x00000728      0x148 CMakeFiles/HAL_T.elf.dir/Drivers/STM32G4xx_HAL_Driver/Src/stm32g4xx_hal_cortex.c.obj
 .debug_frame   0x00000870      0x16c CMakeFiles/HAL_T.elf.dir/Drivers/STM32G4xx_HAL_Driver/Src/stm32g4xx_hal_dma.c.obj
 .debug_frame   0x000009dc       0xd0 CMakeFiles/HAL_T.elf.dir/Drivers/STM32G4xx_HAL_Driver/Src/stm32g4xx_hal_gpio.c.obj
 .debug_frame   0x00000aac      0x268 CMakeFiles/HAL_T.elf.dir/Drivers/STM32G4xx_HAL_Driver/Src/stm32g4xx_hal_pwr_ex.c.obj
 .debug_frame   0x00000d14      0x198 CMakeFiles/HAL_T.elf.dir/Drivers/STM32G4xx_HAL_Driver/Src/stm32g4xx_hal_rcc.c.obj
 .debug_frame   0x00000eac      0x1a0 CMakeFiles/HAL_T.elf.dir/Drivers/STM32G4xx_HAL_Driver/Src/stm32g4xx_hal_rcc_ex.c.obj
 .debug_frame   0x0000104c      0xb4c CMakeFiles/HAL_T.elf.dir/Drivers/STM32G4xx_HAL_Driver/Src/stm32g4xx_hal_tim.c.obj
 .debug_frame   0x00001b98      0x610 CMakeFiles/HAL_T.elf.dir/Drivers/STM32G4xx_HAL_Driver/Src/stm32g4xx_hal_tim_ex.c.obj
 .debug_frame   0x000021a8      0x6c4 CMakeFiles/HAL_T.elf.dir/Drivers/STM32G4xx_HAL_Driver/Src/stm32g4xx_hal_uart.c.obj
 .debug_frame   0x0000286c      0x1cc CMakeFiles/HAL_T.elf.dir/Drivers/STM32G4xx_HAL_Driver/Src/stm32g4xx_hal_uart_ex.c.obj
 .debug_frame   0x00002a38       0x48 CMakeFiles/HAL_T.elf.dir/User/Src/led.c.obj
 .debug_frame   0x00002a80       0x2c h:/embedded/clion/gcc-arm-none-eabi-10.3-2021.10-win32/gcc-arm-none-eabi-10.3-2021.10/bin/../lib/gcc/arm-none-eabi/10.3.1/thumb/v7e-m/nofp\libgcc.a(_aeabi_uldivmod.o)
 .debug_frame   0x00002aac       0x34 h:/embedded/clion/gcc-arm-none-eabi-10.3-2021.10-win32/gcc-arm-none-eabi-10.3-2021.10/bin/../lib/gcc/arm-none-eabi/10.3.1/thumb/v7e-m/nofp\libgcc.a(_udivmoddi4.o)
 .debug_frame   0x00002ae0       0x20 h:/embedded/clion/gcc-arm-none-eabi-10.3-2021.10-win32/gcc-arm-none-eabi-10.3-2021.10/bin/../lib/gcc/arm-none-eabi/10.3.1/../../../../arm-none-eabi/lib/thumb/v7e-m/nofp\libc.a(lib_a-errno.o)