Archive member included to satisfy reference by file (symbol)

h:/embedded/clion/gcc-arm-none-eabi-10.3-2021.10-win32/gcc-arm-none-eabi-10.3-2021.10/bin/../lib/gcc/arm-none-eabi/10.3.1/thumb/v7e-m+fp/hard\libgcc.a(_aeabi_uldivmod.o)
                              CMakeFiles/G4FREERTOS3.elf.dir/Drivers/STM32G4xx_HAL_Driver/Src/stm32g4xx_hal_uart.c.obj (__aeabi_uldivmod)
h:/embedded/clion/gcc-arm-none-eabi-10.3-2021.10-win32/gcc-arm-none-eabi-10.3-2021.10/bin/../lib/gcc/arm-none-eabi/10.3.1/thumb/v7e-m+fp/hard\libgcc.a(_udivmoddi4.o)
                              h:/embedded/clion/gcc-arm-none-eabi-10.3-2021.10-win32/gcc-arm-none-eabi-10.3-2021.10/bin/../lib/gcc/arm-none-eabi/10.3.1/thumb/v7e-m+fp/hard\libgcc.a(_aeabi_uldivmod.o) (__udivmoddi4)
h:/embedded/clion/gcc-arm-none-eabi-10.3-2021.10-win32/gcc-arm-none-eabi-10.3-2021.10/bin/../lib/gcc/arm-none-eabi/10.3.1/thumb/v7e-m+fp/hard\libgcc.a(_dvmd_tls.o)
                              h:/embedded/clion/gcc-arm-none-eabi-10.3-2021.10-win32/gcc-arm-none-eabi-10.3-2021.10/bin/../lib/gcc/arm-none-eabi/10.3.1/thumb/v7e-m+fp/hard\libgcc.a(_aeabi_uldivmod.o) (__aeabi_ldiv0)
h:/embedded/clion/gcc-arm-none-eabi-10.3-2021.10-win32/gcc-arm-none-eabi-10.3-2021.10/bin/../lib/gcc/arm-none-eabi/10.3.1/../../../../arm-none-eabi/lib/thumb/v7e-m+fp/hard\libg.a(lib_a-errno.o)
                              CMakeFiles/G4FREERTOS3.elf.dir/Core/Src/syscalls.c.obj (__errno)
h:/embedded/clion/gcc-arm-none-eabi-10.3-2021.10-win32/gcc-arm-none-eabi-10.3-2021.10/bin/../lib/gcc/arm-none-eabi/10.3.1/../../../../arm-none-eabi/lib/thumb/v7e-m+fp/hard\libg.a(lib_a-exit.o)
                              h:/embedded/clion/gcc-arm-none-eabi-10.3-2021.10-win32/gcc-arm-none-eabi-10.3-2021.10/bin/../lib/gcc/arm-none-eabi/10.3.1/../../../../arm-none-eabi/lib/thumb/v7e-m+fp/hard/crt0.o (exit)
h:/embedded/clion/gcc-arm-none-eabi-10.3-2021.10-win32/gcc-arm-none-eabi-10.3-2021.10/bin/../lib/gcc/arm-none-eabi/10.3.1/../../../../arm-none-eabi/lib/thumb/v7e-m+fp/hard\libg.a(lib_a-impure.o)
                              h:/embedded/clion/gcc-arm-none-eabi-10.3-2021.10-win32/gcc-arm-none-eabi-10.3-2021.10/bin/../lib/gcc/arm-none-eabi/10.3.1/../../../../arm-none-eabi/lib/thumb/v7e-m+fp/hard\libg.a(lib_a-exit.o) (_global_impure_ptr)
h:/embedded/clion/gcc-arm-none-eabi-10.3-2021.10-win32/gcc-arm-none-eabi-10.3-2021.10/bin/../lib/gcc/arm-none-eabi/10.3.1/../../../../arm-none-eabi/lib/thumb/v7e-m+fp/hard\libg.a(lib_a-init.o)
                              h:/embedded/clion/gcc-arm-none-eabi-10.3-2021.10-win32/gcc-arm-none-eabi-10.3-2021.10/bin/../lib/gcc/arm-none-eabi/10.3.1/../../../../arm-none-eabi/lib/thumb/v7e-m+fp/hard/crt0.o (__libc_init_array)
h:/embedded/clion/gcc-arm-none-eabi-10.3-2021.10-win32/gcc-arm-none-eabi-10.3-2021.10/bin/../lib/gcc/arm-none-eabi/10.3.1/../../../../arm-none-eabi/lib/thumb/v7e-m+fp/hard\libg.a(lib_a-memcpy.o)
                              CMakeFiles/G4FREERTOS3.elf.dir/Middlewares/Third_Party/FreeRTOS/Source/queue.c.obj (memcpy)
h:/embedded/clion/gcc-arm-none-eabi-10.3-2021.10-win32/gcc-arm-none-eabi-10.3-2021.10/bin/../lib/gcc/arm-none-eabi/10.3.1/../../../../arm-none-eabi/lib/thumb/v7e-m+fp/hard\libg.a(lib_a-memset.o)
                              h:/embedded/clion/gcc-arm-none-eabi-10.3-2021.10-win32/gcc-arm-none-eabi-10.3-2021.10/bin/../lib/gcc/arm-none-eabi/10.3.1/../../../../arm-none-eabi/lib/thumb/v7e-m+fp/hard/crt0.o (memset)
h:/embedded/clion/gcc-arm-none-eabi-10.3-2021.10-win32/gcc-arm-none-eabi-10.3-2021.10/bin/../lib/gcc/arm-none-eabi/10.3.1/../../../../arm-none-eabi/lib/thumb/v7e-m+fp/hard\libg.a(lib_a-puts.o)
                              CMakeFiles/G4FREERTOS3.elf.dir/Core/Src/app_freertos.c.obj (puts)
h:/embedded/clion/gcc-arm-none-eabi-10.3-2021.10-win32/gcc-arm-none-eabi-10.3-2021.10/bin/../lib/gcc/arm-none-eabi/10.3.1/../../../../arm-none-eabi/lib/thumb/v7e-m+fp/hard\libg.a(lib_a-strlen.o)
                              h:/embedded/clion/gcc-arm-none-eabi-10.3-2021.10-win32/gcc-arm-none-eabi-10.3-2021.10/bin/../lib/gcc/arm-none-eabi/10.3.1/../../../../arm-none-eabi/lib/thumb/v7e-m+fp/hard\libg.a(lib_a-puts.o) (strlen)
h:/embedded/clion/gcc-arm-none-eabi-10.3-2021.10-win32/gcc-arm-none-eabi-10.3-2021.10/bin/../lib/gcc/arm-none-eabi/10.3.1/../../../../arm-none-eabi/lib/thumb/v7e-m+fp/hard\libg.a(lib_a-__call_atexit.o)
                              h:/embedded/clion/gcc-arm-none-eabi-10.3-2021.10-win32/gcc-arm-none-eabi-10.3-2021.10/bin/../lib/gcc/arm-none-eabi/10.3.1/../../../../arm-none-eabi/lib/thumb/v7e-m+fp/hard\libg.a(lib_a-exit.o) (__call_exitprocs)
h:/embedded/clion/gcc-arm-none-eabi-10.3-2021.10-win32/gcc-arm-none-eabi-10.3-2021.10/bin/../lib/gcc/arm-none-eabi/10.3.1/../../../../arm-none-eabi/lib/thumb/v7e-m+fp/hard\libg.a(lib_a-atexit.o)
[...]
Memory Configuration

Name             Origin             Length             Attributes
RAM              0x20000000         0x00020000         xrw
FLASH            0x08000000         0x00080000         xr
*default*        0x00000000         0xffffffff

Linker script and memory map

LOAD h:/embedded/clion/gcc-arm-none-eabi-10.3-2021.10-win32/gcc-arm-none-eabi-10.3-2021.10/bin/../lib/gcc/arm-none-eabi/10.3.1/thumb/v7e-m+fp/hard/crti.o
LOAD h:/embedded/clion/gcc-arm-none-eabi-10.3-2021.10-win32/gcc-arm-none-eabi-10.3-2021.10/bin/../lib/gcc/arm-none-eabi/10.3.1/thumb/v7e-m+fp/hard/crtbegin.o
LOAD h:/embedded/clion/gcc-arm-none-eabi-10.3-2021.10-win32/gcc-arm-none-eabi-10.3-2021.10/bin/../lib/gcc/arm-none-eabi/10.3.1/../../../../arm-none-eabi/lib/thumb/v7e-m+fp/hard/crt0.o
LOAD CMakeFiles/G4FREERTOS3.elf.dir/Core/Src/app_freertos.c.obj
LOAD CMakeFiles/G4FREERTOS3.elf.dir/Core/Src/gpio.c.obj
LOAD CMakeFiles/G4FREERTOS3.elf.dir/Core/Src/main.c.obj
LOAD CMakeFiles/G4FREERTOS3.elf.dir/Core/Src/stm32g4xx_hal_msp.c.obj
LOAD CMakeFiles/G4FREERTOS3.elf.dir/Core/Src/stm32g4xx_hal_timebase_tim.c.obj
LOAD CMakeFiles/G4FREERTOS3.elf.dir/Core/Src/stm32g4xx_it.c.obj
LOAD CMakeFiles/G4FREERTOS3.elf.dir/Core/Src/syscalls.c.obj
LOAD CMakeFiles/G4FREERTOS3.elf.dir/Core/Src/sysmem.c.obj
LOAD CMakeFiles/G4FREERTOS3.elf.dir/Core/Src/system_stm32g4xx.c.obj
LOAD CMakeFiles/G4FREERTOS3.elf.dir/Core/Src/usart.c.obj
LOAD CMakeFiles/G4FREERTOS3.elf.dir/Core/Startup/startup_stm32g474retx.s.obj
LOAD CMakeFiles/G4FREERTOS3.elf.dir/Drivers/STM32G4xx_HAL_Driver/Src/stm32g4xx_hal.c.obj
LOAD CMakeFiles/G4FREERTOS3.elf.dir/Drivers/STM32G4xx_HAL_Driver/Src/stm32g4xx_hal_cortex.c.obj
LOAD CMakeFiles/G4FREERTOS3.elf.dir/Drivers/STM32G4xx_HAL_Driver/Src/stm32g4xx_hal_dma.c.obj
LOAD CMakeFiles/G4FREERTOS3.elf.dir/Drivers/STM32G4xx_HAL_Driver/Src/stm32g4xx_hal_dma_ex.c.obj
LOAD CMakeFiles/G4FREERTOS3.elf.dir/Drivers/STM32G4xx_HAL_Driver/Src/stm32g4xx_hal_exti.c.obj
LOAD CMakeFiles/G4FREERTOS3.elf.dir/Drivers/STM32G4xx_HAL_Driver/Src/stm32g4xx_hal_flash.c.obj
LOAD CMakeFiles/G4FREERTOS3.elf.dir/Drivers/STM32G4xx_HAL_Driver/Src/stm32g4xx_hal_flash_ex.c.obj
LOAD CMakeFiles/G4FREERTOS3.elf.dir/Drivers/STM32G4xx_HAL_Driver/Src/stm32g4xx_hal_flash_ramfunc.c.obj
LOAD CMakeFiles/G4FREERTOS3.elf.dir/Drivers/STM32G4xx_HAL_Driver/Src/stm32g4xx_hal_gpio.c.obj
LOAD CMakeFiles/G4FREERTOS3.elf.dir/Drivers/STM32G4xx_HAL_Driver/Src/stm32g4xx_hal_pwr.c.obj
LOAD CMakeFiles/G4FREERTOS3.elf.dir/Drivers/STM32G4xx_HAL_Driver/Src/stm32g4xx_hal_pwr_ex.c.obj
LOAD CMakeFiles/G4FREERTOS3.elf.dir/Drivers/STM32G4xx_HAL_Driver/Src/stm32g4xx_hal_rcc.c.obj
LOAD CMakeFiles/G4FREERTOS3.elf.dir/Drivers/STM32G4xx_HAL_Driver/Src/stm32g4xx_hal_rcc_ex.c.obj
LOAD CMakeFiles/G4FREERTOS3.elf.dir/Drivers/STM32G4xx_HAL_Driver/Src/stm32g4xx_hal_tim.c.obj
LOAD CMakeFiles/G4FREERTOS3.elf.dir/Drivers/STM32G4xx_HAL_Driver/Src/stm32g4xx_hal_tim_ex.c.obj
LOAD CMakeFiles/G4FREERTOS3.elf.dir/Drivers/STM32G4xx_HAL_Driver/Src/stm32g4xx_hal_uart.c.obj
LOAD CMakeFiles/G4FREERTOS3.elf.dir/Drivers/STM32G4xx_HAL_Driver/Src/stm32g4xx_hal_uart_ex.c.obj
LOAD CMakeFiles/G4FREERTOS3.elf.dir/Middlewares/Third_Party/FreeRTOS/Source/CMSIS_RTOS/cmsis_os.c.obj
LOAD CMakeFiles/G4FREERTOS3.elf.dir/Middlewares/Third_Party/FreeRTOS/Source/croutine.c.obj
LOAD CMakeFiles/G4FREERTOS3.elf.dir/Middlewares/Third_Party/FreeRTOS/Source/event_groups.c.obj
LOAD CMakeFiles/G4FREERTOS3.elf.dir/Middlewares/Third_Party/FreeRTOS/Source/list.c.obj
LOAD CMakeFiles/G4FREERTOS3.elf.dir/Middlewares/Third_Party/FreeRTOS/Source/portable/GCC/ARM_CM4F/port.c.obj
LOAD CMakeFiles/G4FREERTOS3.elf.dir/Middlewares/Third_Party/FreeRTOS/Source/portable/MemMang/heap_4.c.obj
LOAD CMakeFiles/G4FREERTOS3.elf.dir/Middlewares/Third_Party/FreeRTOS/Source/queue.c.obj
LOAD CMakeFiles/G4FREERTOS3.elf.dir/Middlewares/Third_Party/FreeRTOS/Source/stream_buffer.c.obj
LOAD CMakeFiles/G4FREERTOS3.elf.dir/Middlewares/Third_Party/FreeRTOS/Source/tasks.c.obj
LOAD CMakeFiles/G4FREERTOS3.elf.dir/Middlewares/Third_Party/FreeRTOS/Source/timers.c.obj
LOAD CMakeFiles/G4FREERTOS3.elf.dir/USER/Src/uart.c.obj
START GROUP
LOAD h:/embedded/clion/gcc-arm-none-eabi-10.3-2021.10-win32/gcc-arm-none-eabi-10.3-2021.10/bin/../lib/gcc/arm-none-eabi/10.3.1/thumb/v7e-m+fp/hard\libgcc.a
LOAD h:/embedded/clion/gcc-arm-none-eabi-10.3-2021.10-win32/gcc-arm-none-eabi-10.3-2021.10/bin/../lib/gcc/arm-none-eabi/10.3.1/../../../../arm-none-eabi/lib/thumb/v7e-m+fp/hard\libg.a
LOAD h:/embedded/clion/gcc-arm-none-eabi-10.3-2021.10-win32/gcc-arm-none-eabi-10.3-2021.10/bin/../lib/gcc/arm-none-eabi/10.3.1/../../../../arm-none-eabi/lib/thumb/v7e-m+fp/hard\libc.a
END GROUP
LOAD h:/embedded/clion/gcc-arm-none-eabi-10.3-2021.10-win32/gcc-arm-none-eabi-10.3-2021.10/bin/../lib/gcc/arm-none-eabi/10.3.1/thumb/v7e-m+fp/hard/crtend.o
LOAD h:/embedded/clion/gcc-arm-none-eabi-10.3-2021.10-win32/gcc-arm-none-eabi-10.3-2021.10/bin/../lib/gcc/arm-none-eabi/10.3.1/thumb/v7e-m+fp/hard/crtn.o
                0x20020000                _estack = (ORIGIN (RAM) + LENGTH (RAM))
                0x00000200                _Min_Heap_Size = 0x200
                0x00000400                _Min_Stack_Size = 0x400

.isr_vector     0x08000000      0x1d8
                0x08000000                . = ALIGN (0x4)
 *(.isr_vector)
 .isr_vector    0x08000000      0x1d8 CMakeFiles/G4FREERTOS3.elf.dir/Core/Startup/startup_stm32g474retx.s.obj
                0x08000000                g_pfnVectors
                0x080001d8                . = ALIGN (0x4)

.text           0x08000200     0x4e14
                0x08000200                . = ALIGN (0x4)
 *(.text)
 .text          0x08000200       0x40 h:/embedded/clion/gcc-arm-none-eabi-10.3-2021.10-win32/gcc-arm-none-eabi-10.3-2021.10/bin/../lib/gcc/arm-none-eabi/10.3.1/thumb/v7e-m+fp/hard/crtbegin.o
 .text          0x08000240       0x30 h:/embedded/clion/gcc-arm-none-eabi-10.3-2021.10-win32/gcc-arm-none-eabi-10.3-2021.10/bin/../lib/gcc/arm-none-eabi/10.3.1/thumb/v7e-m+fp/hard\libgcc.a(_aeabi_uldivmod.o)
                0x08000240                __aeabi_uldivmod
 .text          0x08000270      0x2d0 h:/embedded/clion/gcc-arm-none-eabi-10.3-2021.10-win32/gcc-arm-none-eabi-10.3-2021.10/bin/../lib/gcc/arm-none-eabi/10.3.1/thumb/v7e-m+fp/hard\libgcc.a(_udivmoddi4.o)
                0x08000270                __udivmoddi4
 .text          0x08000540        0x4 h:/embedded/clion/gcc-arm-none-eabi-10.3-2021.10-win32/gcc-arm-none-eabi-10.3-2021.10/bin/../lib/gcc/arm-none-eabi/10.3.1/thumb/v7e-m+fp/hard\libgcc.a(_dvmd_tls.o)
                0x08000540                __aeabi_idiv0
                0x08000540                __aeabi_ldiv0
 .text          0x08000544      0x134 h:/embedded/clion/gcc-arm-none-eabi-10.3-2021.10-win32/gcc-arm-none-eabi-10.3-2021.10/bin/../lib/gcc/arm-none-eabi/10.3.1/../../../../arm-none-eabi/lib/thumb/v7e-m+fp/hard\libg.a(lib_a-memcpy.o)
                0x08000544                memcpy
 *fill*         0x08000678        0x8 
 .text          0x08000680       0xdc h:/embedded/clion/gcc-arm-none-eabi-10.3-2021.10-win32/gcc-arm-none-eabi-10.3-2021.10/bin/../lib/gcc/arm-none-eabi/10.3.1/../../../../arm-none-eabi/lib/thumb/v7e-m+fp/hard\libg.a(lib_a-strlen.o)
                0x08000680                strlen
 *fill*         0x0800075c        0x4 
 .text          0x08000760       0xa0 h:/embedded/clion/gcc-arm-none-eabi-10.3-2021.10-win32/gcc-arm-none-eabi-10.3-2021.10/bin/../lib/gcc/arm-none-eabi/10.3.1/../../../../arm-none-eabi/lib/thumb/v7e-m+fp/hard\libg.a(lib_a-memchr.o)
                0x08000760                memchr
 *(.text*)
 .text.StartDefaultTask
                0x08000800       0x18 CMakeFiles/G4FREERTOS3.elf.dir/Core/Src/app_freertos.c.obj
                0x08000800                StartDefaultTask
 .text.StartTask02
                0x08000818       0x18 CMakeFiles/G4FREERTOS3.elf.dir/Core/Src/app_freertos.c.obj
                0x08000818                StartTask02
 .text.MX_FREERTOS_Init
                0x08000830       0x5c CMakeFiles/G4FREERTOS3.elf.dir/Core/Src/app_freertos.c.obj
                0x08000830                MX_FREERTOS_Init
 .text.MX_GPIO_Init
                0x0800088c       0x78 CMakeFiles/G4FREERTOS3.elf.dir/Core/Src/gpio.c.obj
                0x0800088c                MX_GPIO_Init
 .text.__io_putchar
                0x08000904       0x20 CMakeFiles/G4FREERTOS3.elf.dir/Core/Src/main.c.obj
                0x08000904                __io_putchar
 .text.HAL_TIM_PeriodElapsedCallback
                0x08000924       0x18 CMakeFiles/G4FREERTOS3.elf.dir/Core/Src/main.c.obj
                0x08000924                HAL_TIM_PeriodElapsedCallback
 .text.Error_Handler
                0x0800093c        0x4 CMakeFiles/G4FREERTOS3.elf.dir/Core/Src/main.c.obj
                0x0800093c                Error_Handler
 .text.SystemClock_Config
                0x08000940       0x70 CMakeFiles/G4FREERTOS3.elf.dir/Core/Src/main.c.obj
                0x08000940                SystemClock_Config
 .text.main     0x080009b0       0x1c CMakeFiles/G4FREERTOS3.elf.dir/Core/Src/main.c.obj
                0x080009b0                main
 .text.HAL_MspInit
                0x080009cc       0x44 CMakeFiles/G4FREERTOS3.elf.dir/Core/Src/stm32g4xx_hal_msp.c.obj
                0x080009cc                HAL_MspInit
 .text.HAL_InitTick
                0x08000a10       0x94 CMakeFiles/G4FREERTOS3.elf.dir/Core/Src/stm32g4xx_hal_timebase_tim.c.obj
                0x08000a10                HAL_InitTick
 .text.NMI_Handler
                0x08000aa4        0x2 CMakeFiles/G4FREERTOS3.elf.dir/Core/Src/stm32g4xx_it.c.obj
                0x08000aa4                NMI_Handler
 .text.HardFault_Handler
                0x08000aa6        0x2 CMakeFiles/G4FREERTOS3.elf.dir/Core/Src/stm32g4xx_it.c.obj
                0x08000aa6                HardFault_Handler
 .text.MemManage_Handler
                0x08000aa8        0x2 CMakeFiles/G4FREERTOS3.elf.dir/Core/Src/stm32g4xx_it.c.obj
                0x08000aa8                MemManage_Handler
 .text.BusFault_Handler
                0x08000aaa        0x2 CMakeFiles/G4FREERTOS3.elf.dir/Core/Src/stm32g4xx_it.c.obj
                0x08000aaa                BusFault_Handler
 .text.UsageFault_Handler
                0x08000aac        0x2 CMakeFiles/G4FREERTOS3.elf.dir/Core/Src/stm32g4xx_it.c.obj
                0x08000aac                UsageFault_Handler
 .text.DebugMon_Handler
                0x08000aae        0x2 CMakeFiles/G4FREERTOS3.elf.dir/Core/Src/stm32g4xx_it.c.obj
                0x08000aae                DebugMon_Handler
 .text.TIM1_UP_TIM16_IRQHandler
                0x08000ab0       0x10 CMakeFiles/G4FREERTOS3.elf.dir/Core/Src/stm32g4xx_it.c.obj
                0x08000ab0                TIM1_UP_TIM16_IRQHandler
 .text._read    0x08000ac0       0x20 CMakeFiles/G4FREERTOS3.elf.dir/Core/Src/syscalls.c.obj
                0x08000ac0                _read
 .text._write   0x08000ae0       0x1c CMakeFiles/G4FREERTOS3.elf.dir/Core/Src/syscalls.c.obj
                0x08000ae0                _write
 .text._close   0x08000afc        0x6 CMakeFiles/G4FREERTOS3.elf.dir/Core/Src/syscalls.c.obj
                0x08000afc                _close
 .text._fstat   0x08000b02        0xa CMakeFiles/G4FREERTOS3.elf.dir/Core/Src/syscalls.c.obj
                0x08000b02                _fstat
 .text._isatty  0x08000b0c        0x4 CMakeFiles/G4FREERTOS3.elf.dir/Core/Src/syscalls.c.obj
                0x08000b0c                _isatty
 .text._lseek   0x08000b10        0x4 CMakeFiles/G4FREERTOS3.elf.dir/Core/Src/syscalls.c.obj
                0x08000b10                _lseek
 .text._sbrk    0x08000b14       0x48 CMakeFiles/G4FREERTOS3.elf.dir/Core/Src/sysmem.c.obj
                0x08000b14                _sbrk
 .text.SystemInit
                0x08000b5c       0x14 CMakeFiles/G4FREERTOS3.elf.dir/Core/Src/system_stm32g4xx.c.obj
                0x08000b5c                SystemInit
 .text.MX_USART1_UART_Init
                0x08000b70       0x68 CMakeFiles/G4FREERTOS3.elf.dir/Core/Src/usart.c.obj
                0x08000b70                MX_USART1_UART_Init
 .text.HAL_UART_MspInit
                0x08000bd8       0x88 CMakeFiles/G4FREERTOS3.elf.dir/Core/Src/usart.c.obj
                0x08000bd8                HAL_UART_MspInit
 .text.Reset_Handler
                0x08000c60       0x50 CMakeFiles/G4FREERTOS3.elf.dir/Core/Startup/startup_stm32g474retx.s.obj
                0x08000c60                Reset_Handler
 .text.Default_Handler
                0x08000cb0        0x2 CMakeFiles/G4FREERTOS3.elf.dir/Core/Startup/startup_stm32g474retx.s.obj
                0x08000cb0                RTC_Alarm_IRQHandler
                0x08000cb0                EXTI2_IRQHandler
                0x08000cb0                TIM8_TRG_COM_IRQHandler
                0x08000cb0                TIM8_CC_IRQHandler
                0x08000cb0                HRTIM1_Master_IRQHandler
                0x08000cb0                SPI4_IRQHandler
                0x08000cb0                FDCAN3_IT0_IRQHandler
                0x08000cb0                TIM1_CC_IRQHandler
                0x08000cb0                HRTIM1_FLT_IRQHandler
                0x08000cb0                HRTIM1_TIMF_IRQHandler
                0x08000cb0                USB_HP_IRQHandler
                0x08000cb0                CORDIC_IRQHandler
                0x08000cb0                HRTIM1_TIMD_IRQHandler
                0x08000cb0                DMA2_Channel8_IRQHandler
                0x08000cb0                EXTI3_IRQHandler
                0x08000cb0                I2C3_ER_IRQHandler
                0x08000cb0                EXTI0_IRQHandler
                0x08000cb0                I2C2_EV_IRQHandler
                0x08000cb0                FPU_IRQHandler
                0x08000cb0                FDCAN1_IT1_IRQHandler
                0x08000cb0                ADC1_2_IRQHandler
                0x08000cb0                HRTIM1_TIME_IRQHandler
                0x08000cb0                SPI1_IRQHandler
                0x08000cb0                TIM6_DAC_IRQHandler
                0x08000cb0                HRTIM1_TIMC_IRQHandler
                0x08000cb0                TIM8_UP_IRQHandler
                0x08000cb0                DMA2_Channel2_IRQHandler
                0x08000cb0                DMA1_Channel4_IRQHandler
                0x08000cb0                TIM20_TRG_COM_IRQHandler
                0x08000cb0                USART3_IRQHandler
                0x08000cb0                DMA1_Channel7_IRQHandler
                0x08000cb0                UART5_IRQHandler
                0x08000cb0                ADC3_IRQHandler
                0x08000cb0                TIM4_IRQHandler
                0x08000cb0                DMA2_Channel1_IRQHandler
                0x08000cb0                QUADSPI_IRQHandler
                0x08000cb0                I2C1_EV_IRQHandler
                0x08000cb0                DMA1_Channel6_IRQHandler
                0x08000cb0                UART4_IRQHandler
                0x08000cb0                DMA2_Channel4_IRQHandler
                0x08000cb0                TIM3_IRQHandler
                0x08000cb0                RCC_IRQHandler
                0x08000cb0                TIM20_UP_IRQHandler
                0x08000cb0                DMA1_Channel1_IRQHandler
                0x08000cb0                Default_Handler
                0x08000cb0                DMA2_Channel7_IRQHandler
                0x08000cb0                RTC_TAMP_LSECSS_IRQHandler
                0x08000cb0                FMAC_IRQHandler
                0x08000cb0                EXTI15_10_IRQHandler
                0x08000cb0                DMA1_Channel8_IRQHandler
                0x08000cb0                HRTIM1_TIMA_IRQHandler
                0x08000cb0                TIM7_DAC_IRQHandler
                0x08000cb0                FDCAN3_IT1_IRQHandler
                0x08000cb0                TIM5_IRQHandler
                0x08000cb0                UCPD1_IRQHandler
                0x08000cb0                I2C3_EV_IRQHandler
                0x08000cb0                EXTI9_5_IRQHandler
                0x08000cb0                RTC_WKUP_IRQHandler
                0x08000cb0                PVD_PVM_IRQHandler
                0x08000cb0                SPI2_IRQHandler
                0x08000cb0                ADC5_IRQHandler
                0x08000cb0                DMA2_Channel5_IRQHandler
                0x08000cb0                CRS_IRQHandler
                0x08000cb0                DMA1_Channel5_IRQHandler
                0x08000cb0                USB_LP_IRQHandler
                0x08000cb0                EXTI4_IRQHandler
                0x08000cb0                RNG_IRQHandler
                0x08000cb0                HRTIM1_TIMB_IRQHandler
                0x08000cb0                TIM1_TRG_COM_TIM17_IRQHandler
                0x08000cb0                FDCAN2_IT1_IRQHandler
                0x08000cb0                DMA1_Channel3_IRQHandler
                0x08000cb0                ADC4_IRQHandler
                0x08000cb0                WWDG_IRQHandler
                0x08000cb0                I2C4_EV_IRQHandler
                0x08000cb0                FDCAN2_IT0_IRQHandler
                0x08000cb0                LPUART1_IRQHandler
                0x08000cb0                DMA2_Channel6_IRQHandler
                0x08000cb0                FDCAN1_IT0_IRQHandler
                0x08000cb0                TIM2_IRQHandler
                0x08000cb0                COMP7_IRQHandler
                0x08000cb0                COMP1_2_3_IRQHandler
                0x08000cb0                EXTI1_IRQHandler
                0x08000cb0                USART2_IRQHandler
                0x08000cb0                COMP4_5_6_IRQHandler
                0x08000cb0                TIM20_BRK_IRQHandler
                0x08000cb0                I2C2_ER_IRQHandler
                0x08000cb0                DMA1_Channel2_IRQHandler
                0x08000cb0                TIM8_BRK_IRQHandler
                0x08000cb0                FLASH_IRQHandler
                0x08000cb0                TIM20_CC_IRQHandler
                0x08000cb0                USART1_IRQHandler
                0x08000cb0                SPI3_IRQHandler
                0x08000cb0                I2C1_ER_IRQHandler
                0x08000cb0                FMC_IRQHandler
                0x08000cb0                LPTIM1_IRQHandler
                0x08000cb0                DMAMUX_OVR_IRQHandler
                0x08000cb0                I2C4_ER_IRQHandler
                0x08000cb0                USBWakeUp_IRQHandler
                0x08000cb0                SAI1_IRQHandler
                0x08000cb0                DMA2_Channel3_IRQHandler
                0x08000cb0                TIM1_BRK_TIM15_IRQHandler
 .text.HAL_Init
                0x08000cb2       0x1e CMakeFiles/G4FREERTOS3.elf.dir/Drivers/STM32G4xx_HAL_Driver/Src/stm32g4xx_hal.c.obj
                0x08000cb2                HAL_Init
 .text.HAL_IncTick
                0x08000cd0       0x18 CMakeFiles/G4FREERTOS3.elf.dir/Drivers/STM32G4xx_HAL_Driver/Src/stm32g4xx_hal.c.obj
                0x08000cd0                HAL_IncTick
 .text.HAL_GetTick
                0x08000ce8        0xc CMakeFiles/G4FREERTOS3.elf.dir/Drivers/STM32G4xx_HAL_Driver/Src/stm32g4xx_hal.c.obj
                0x08000ce8                HAL_GetTick
 .text.HAL_NVIC_SetPriorityGrouping
                0x08000cf4       0x24 CMakeFiles/G4FREERTOS3.elf.dir/Drivers/STM32G4xx_HAL_Driver/Src/stm32g4xx_hal_cortex.c.obj
                0x08000cf4                HAL_NVIC_SetPriorityGrouping
 .text.HAL_NVIC_SetPriority
                0x08000d18       0x70 CMakeFiles/G4FREERTOS3.elf.dir/Drivers/STM32G4xx_HAL_Driver/Src/stm32g4xx_hal_cortex.c.obj
                0x08000d18                HAL_NVIC_SetPriority
 .text.HAL_NVIC_EnableIRQ
                0x08000d88       0x1c CMakeFiles/G4FREERTOS3.elf.dir/Drivers/STM32G4xx_HAL_Driver/Src/stm32g4xx_hal_cortex.c.obj
                0x08000d88                HAL_NVIC_EnableIRQ
 .text.HAL_GPIO_Init
                0x08000da4      0x1d4 CMakeFiles/G4FREERTOS3.elf.dir/Drivers/STM32G4xx_HAL_Driver/Src/stm32g4xx_hal_gpio.c.obj
                0x08000da4                HAL_GPIO_Init
 .text.HAL_GPIO_WritePin
                0x08000f78        0xa CMakeFiles/G4FREERTOS3.elf.dir/Drivers/STM32G4xx_HAL_Driver/Src/stm32g4xx_hal_gpio.c.obj
                0x08000f78                HAL_GPIO_WritePin
 .text.HAL_GPIO_TogglePin
                0x08000f82       0x12 CMakeFiles/G4FREERTOS3.elf.dir/Drivers/STM32G4xx_HAL_Driver/Src/stm32g4xx_hal_gpio.c.obj
                0x08000f82                HAL_GPIO_TogglePin
 .text.HAL_PWREx_ControlVoltageScaling
                0x08000f94      0x10c CMakeFiles/G4FREERTOS3.elf.dir/Drivers/STM32G4xx_HAL_Driver/Src/stm32g4xx_hal_pwr_ex.c.obj
                0x08000f94                HAL_PWREx_ControlVoltageScaling
 .text.HAL_PWREx_DisableUCPDDeadBattery
                0x080010a0       0x10 CMakeFiles/G4FREERTOS3.elf.dir/Drivers/STM32G4xx_HAL_Driver/Src/stm32g4xx_hal_pwr_ex.c.obj
                0x080010a0                HAL_PWREx_DisableUCPDDeadBattery
 .text.RCC_GetSysClockFreqFromPLLSource
                0x080010b0       0x58 CMakeFiles/G4FREERTOS3.elf.dir/Drivers/STM32G4xx_HAL_Driver/Src/stm32g4xx_hal_rcc.c.obj
 .text.HAL_RCC_OscConfig
                0x08001108      0x4e8 CMakeFiles/G4FREERTOS3.elf.dir/Drivers/STM32G4xx_HAL_Driver/Src/stm32g4xx_hal_rcc.c.obj
                0x08001108                HAL_RCC_OscConfig
 .text.HAL_RCC_GetSysClockFreq
                0x080015f0       0x88 CMakeFiles/G4FREERTOS3.elf.dir/Drivers/STM32G4xx_HAL_Driver/Src/stm32g4xx_hal_rcc.c.obj
                0x080015f0                HAL_RCC_GetSysClockFreq
 .text.HAL_RCC_ClockConfig
                0x08001678      0x1f8 CMakeFiles/G4FREERTOS3.elf.dir/Drivers/STM32G4xx_HAL_Driver/Src/stm32g4xx_hal_rcc.c.obj
                0x08001678                HAL_RCC_ClockConfig
 .text.HAL_RCC_GetHCLKFreq
                0x08001870        0xc CMakeFiles/G4FREERTOS3.elf.dir/Drivers/STM32G4xx_HAL_Driver/Src/stm32g4xx_hal_rcc.c.obj
                0x08001870                HAL_RCC_GetHCLKFreq
 .text.HAL_RCC_GetPCLK1Freq
                0x0800187c       0x24 CMakeFiles/G4FREERTOS3.elf.dir/Drivers/STM32G4xx_HAL_Driver/Src/stm32g4xx_hal_rcc.c.obj
                0x0800187c                HAL_RCC_GetPCLK1Freq
 .text.HAL_RCC_GetPCLK2Freq
                0x080018a0       0x24 CMakeFiles/G4FREERTOS3.elf.dir/Drivers/STM32G4xx_HAL_Driver/Src/stm32g4xx_hal_rcc.c.obj
                0x080018a0                HAL_RCC_GetPCLK2Freq
 .text.HAL_RCC_GetClockConfig
                0x080018c4       0x3c CMakeFiles/G4FREERTOS3.elf.dir/Drivers/STM32G4xx_HAL_Driver/Src/stm32g4xx_hal_rcc.c.obj
                0x080018c4                HAL_RCC_GetClockConfig
 .text.HAL_RCCEx_PeriphCLKConfig
                0x08001900      0x378 CMakeFiles/G4FREERTOS3.elf.dir/Drivers/STM32G4xx_HAL_Driver/Src/stm32g4xx_hal_rcc_ex.c.obj
                0x08001900                HAL_RCCEx_PeriphCLKConfig
 .text.HAL_TIM_Base_MspInit
                0x08001c78        0x2 CMakeFiles/G4FREERTOS3.elf.dir/Drivers/STM32G4xx_HAL_Driver/Src/stm32g4xx_hal_tim.c.obj
                0x08001c78                HAL_TIM_Base_MspInit
 *fill*         0x08001c7a        0x2 
 .text.HAL_TIM_Base_Start_IT
                0x08001c7c       0x94 CMakeFiles/G4FREERTOS3.elf.dir/Drivers/STM32G4xx_HAL_Driver/Src/stm32g4xx_hal_tim.c.obj
                0x08001c7c                HAL_TIM_Base_Start_IT
 .text.HAL_TIM_OC_DelayElapsedCallback
                0x08001d10        0x2 CMakeFiles/G4FREERTOS3.elf.dir/Drivers/STM32G4xx_HAL_Driver/Src/stm32g4xx_hal_tim.c.obj
                0x08001d10                HAL_TIM_OC_DelayElapsedCallback
 .text.HAL_TIM_IC_CaptureCallback
                0x08001d12        0x2 CMakeFiles/G4FREERTOS3.elf.dir/Drivers/STM32G4xx_HAL_Driver/Src/stm32g4xx_hal_tim.c.obj
                0x08001d12                HAL_TIM_IC_CaptureCallback
 .text.HAL_TIM_PWM_PulseFinishedCallback
                0x08001d14        0x2 CMakeFiles/G4FREERTOS3.elf.dir/Drivers/STM32G4xx_HAL_Driver/Src/stm32g4xx_hal_tim.c.obj
                0x08001d14                HAL_TIM_PWM_PulseFinishedCallback
 .text.HAL_TIM_TriggerCallback
                0x08001d16        0x2 CMakeFiles/G4FREERTOS3.elf.dir/Drivers/STM32G4xx_HAL_Driver/Src/stm32g4xx_hal_tim.c.obj
                0x08001d16                HAL_TIM_TriggerCallback
 .text.HAL_TIM_IRQHandler
                0x08001d18      0x21e CMakeFiles/G4FREERTOS3.elf.dir/Drivers/STM32G4xx_HAL_Driver/Src/stm32g4xx_hal_tim.c.obj
                0x08001d18                HAL_TIM_IRQHandler
 *fill*         0x08001f36        0x2 
 .text.TIM_Base_SetConfig
                0x08001f38       0xe0 CMakeFiles/G4FREERTOS3.elf.dir/Drivers/STM32G4xx_HAL_Driver/Src/stm32g4xx_hal_tim.c.obj
                0x08001f38                TIM_Base_SetConfig
 .text.HAL_TIM_Base_Init
                0x08002018       0x60 CMakeFiles/G4FREERTOS3.elf.dir/Drivers/STM32G4xx_HAL_Driver/Src/stm32g4xx_hal_tim.c.obj
                0x08002018                HAL_TIM_Base_Init
 .text.HAL_TIMEx_CommutCallback
                0x08002078        0x2 CMakeFiles/G4FREERTOS3.elf.dir/Drivers/STM32G4xx_HAL_Driver/Src/stm32g4xx_hal_tim_ex.c.obj
                0x08002078                HAL_TIMEx_CommutCallback
 .text.HAL_TIMEx_BreakCallback
                0x0800207a        0x2 CMakeFiles/G4FREERTOS3.elf.dir/Drivers/STM32G4xx_HAL_Driver/Src/stm32g4xx_hal_tim_ex.c.obj
                0x0800207a                HAL_TIMEx_BreakCallback
 .text.HAL_TIMEx_Break2Callback
                0x0800207c        0x2 CMakeFiles/G4FREERTOS3.elf.dir/Drivers/STM32G4xx_HAL_Driver/Src/stm32g4xx_hal_tim_ex.c.obj
                0x0800207c                HAL_TIMEx_Break2Callback
 .text.HAL_TIMEx_EncoderIndexCallback
                0x0800207e        0x2 CMakeFiles/G4FREERTOS3.elf.dir/Drivers/STM32G4xx_HAL_Driver/Src/stm32g4xx_hal_tim_ex.c.obj
                0x0800207e                HAL_TIMEx_EncoderIndexCallback
 .text.HAL_TIMEx_DirectionChangeCallback
                0x08002080        0x2 CMakeFiles/G4FREERTOS3.elf.dir/Drivers/STM32G4xx_HAL_Driver/Src/stm32g4xx_hal_tim_ex.c.obj
                0x08002080                HAL_TIMEx_DirectionChangeCallback
 .text.HAL_TIMEx_IndexErrorCallback
                0x08002082        0x2 CMakeFiles/G4FREERTOS3.elf.dir/Drivers/STM32G4xx_HAL_Driver/Src/stm32g4xx_hal_tim_ex.c.obj
                0x08002082                HAL_TIMEx_IndexErrorCallback
 .text.HAL_TIMEx_TransitionErrorCallback
                0x08002084        0x2 CMakeFiles/G4FREERTOS3.elf.dir/Drivers/STM32G4xx_HAL_Driver/Src/stm32g4xx_hal_tim_ex.c.obj
                0x08002084                HAL_TIMEx_TransitionErrorCallback
 .text.HAL_UART_TxCpltCallback
                0x08002086        0x2 CMakeFiles/G4FREERTOS3.elf.dir/Drivers/STM32G4xx_HAL_Driver/Src/stm32g4xx_hal_uart.c.obj
                0x08002086                HAL_UART_TxCpltCallback
 .text.HAL_UART_TxHalfCpltCallback
                0x08002088        0x2 CMakeFiles/G4FREERTOS3.elf.dir/Drivers/STM32G4xx_HAL_Driver/Src/stm32g4xx_hal_uart.c.obj
                0x08002088                HAL_UART_TxHalfCpltCallback
 .text.HAL_UART_RxCpltCallback
                0x0800208a        0x2 CMakeFiles/G4FREERTOS3.elf.dir/Drivers/STM32G4xx_HAL_Driver/Src/stm32g4xx_hal_uart.c.obj
                0x0800208a                HAL_UART_RxCpltCallback
 .text.HAL_UART_RxHalfCpltCallback
                0x0800208c        0x2 CMakeFiles/G4FREERTOS3.elf.dir/Drivers/STM32G4xx_HAL_Driver/Src/stm32g4xx_hal_uart.c.obj
                0x0800208c                HAL_UART_RxHalfCpltCallback
 .text.HAL_UART_ErrorCallback
                0x0800208e        0x2 CMakeFiles/G4FREERTOS3.elf.dir/Drivers/STM32G4xx_HAL_Driver/Src/stm32g4xx_hal_uart.c.obj
                0x0800208e                HAL_UART_ErrorCallback
 .text.HAL_UART_AbortCpltCallback
                0x08002090        0x2 CMakeFiles/G4FREERTOS3.elf.dir/Drivers/STM32G4xx_HAL_Driver/Src/stm32g4xx_hal_uart.c.obj
                0x08002090                HAL_UART_AbortCpltCallback
 .text.HAL_UART_AbortTransmitCpltCallback
                0x08002092        0x2 CMakeFiles/G4FREERTOS3.elf.dir/Drivers/STM32G4xx_HAL_Driver/Src/stm32g4xx_hal_uart.c.obj
                0x08002092                HAL_UART_AbortTransmitCpltCallback
 .text.HAL_UART_AbortReceiveCpltCallback
                0x08002094        0x2 CMakeFiles/G4FREERTOS3.elf.dir/Drivers/STM32G4xx_HAL_Driver/Src/stm32g4xx_hal_uart.c.obj
                0x08002094                HAL_UART_AbortReceiveCpltCallback
 .text.HAL_UARTEx_RxEventCallback
                0x08002096        0x2 CMakeFiles/G4FREERTOS3.elf.dir/Drivers/STM32G4xx_HAL_Driver/Src/stm32g4xx_hal_uart.c.obj
                0x08002096                HAL_UARTEx_RxEventCallback
 .text.UART_InitCallbacksToDefault
                0x08002098       0x7c CMakeFiles/G4FREERTOS3.elf.dir/Drivers/STM32G4xx_HAL_Driver/Src/stm32g4xx_hal_uart.c.obj
                0x08002098                UART_InitCallbacksToDefault
 .text.UART_SetConfig
                0x08002114      0x388 CMakeFiles/G4FREERTOS3.elf.dir/Drivers/STM32G4xx_HAL_Driver/Src/stm32g4xx_hal_uart.c.obj
                0x08002114                UART_SetConfig
 .text.UART_AdvFeatureConfig
                0x0800249c       0xca CMakeFiles/G4FREERTOS3.elf.dir/Drivers/STM32G4xx_HAL_Driver/Src/stm32g4xx_hal_uart.c.obj
                0x0800249c                UART_AdvFeatureConfig
 .text.UART_WaitOnFlagUntilTimeout
                0x08002566       0xdc CMakeFiles/G4FREERTOS3.elf.dir/Drivers/STM32G4xx_HAL_Driver/Src/stm32g4xx_hal_uart.c.obj
                0x08002566                UART_WaitOnFlagUntilTimeout
 .text.HAL_UART_Transmit
                0x08002642       0xde CMakeFiles/G4FREERTOS3.elf.dir/Drivers/STM32G4xx_HAL_Driver/Src/stm32g4xx_hal_uart.c.obj
                0x08002642                HAL_UART_Transmit
 .text.UART_CheckIdleState
                0x08002720       0x74 CMakeFiles/G4FREERTOS3.elf.dir/Drivers/STM32G4xx_HAL_Driver/Src/stm32g4xx_hal_uart.c.obj
                0x08002720                UART_CheckIdleState
 .text.HAL_UART_Init
                0x08002794       0x84 CMakeFiles/G4FREERTOS3.elf.dir/Drivers/STM32G4xx_HAL_Driver/Src/stm32g4xx_hal_uart.c.obj
                0x08002794                HAL_UART_Init
 .text.UARTEx_SetNbDataToProcess
                0x08002818       0x4c CMakeFiles/G4FREERTOS3.elf.dir/Drivers/STM32G4xx_HAL_Driver/Src/stm32g4xx_hal_uart_ex.c.obj
 .text.HAL_UARTEx_WakeupCallback
                0x08002864        0x2 CMakeFiles/G4FREERTOS3.elf.dir/Drivers/STM32G4xx_HAL_Driver/Src/stm32g4xx_hal_uart_ex.c.obj
                0x08002864                HAL_UARTEx_WakeupCallback
 .text.HAL_UARTEx_RxFifoFullCallback
                0x08002866        0x2 CMakeFiles/G4FREERTOS3.elf.dir/Drivers/STM32G4xx_HAL_Driver/Src/stm32g4xx_hal_uart_ex.c.obj
                0x08002866                HAL_UARTEx_RxFifoFullCallback
 .text.HAL_UARTEx_TxFifoEmptyCallback
                0x08002868        0x2 CMakeFiles/G4FREERTOS3.elf.dir/Drivers/STM32G4xx_HAL_Driver/Src/stm32g4xx_hal_uart_ex.c.obj
                0x08002868                HAL_UARTEx_TxFifoEmptyCallback
 .text.HAL_UARTEx_DisableFifoMode
                0x0800286a       0x3e CMakeFiles/G4FREERTOS3.elf.dir/Drivers/STM32G4xx_HAL_Driver/Src/stm32g4xx_hal_uart_ex.c.obj
                0x0800286a                HAL_UARTEx_DisableFifoMode
 .text.HAL_UARTEx_SetTxFifoThreshold
                0x080028a8       0x4a CMakeFiles/G4FREERTOS3.elf.dir/Drivers/STM32G4xx_HAL_Driver/Src/stm32g4xx_hal_uart_ex.c.obj
                0x080028a8                HAL_UARTEx_SetTxFifoThreshold
 .text.HAL_UARTEx_SetRxFifoThreshold
                0x080028f2       0x4a CMakeFiles/G4FREERTOS3.elf.dir/Drivers/STM32G4xx_HAL_Driver/Src/stm32g4xx_hal_uart_ex.c.obj
                0x080028f2                HAL_UARTEx_SetRxFifoThreshold
 .text.makeFreeRtosPriority
                0x0800293c        0xc CMakeFiles/G4FREERTOS3.elf.dir/Middlewares/Third_Party/FreeRTOS/Source/CMSIS_RTOS/cmsis_os.c.obj
 .text.osKernelStart
                0x08002948        0xa CMakeFiles/G4FREERTOS3.elf.dir/Middlewares/Third_Party/FreeRTOS/Source/CMSIS_RTOS/cmsis_os.c.obj
                0x08002948                osKernelStart
 .text.osThreadCreate
                0x08002952       0x34 CMakeFiles/G4FREERTOS3.elf.dir/Middlewares/Third_Party/FreeRTOS/Source/CMSIS_RTOS/cmsis_os.c.obj
                0x08002952                osThreadCreate
 .text.osDelay  0x08002986        0xe CMakeFiles/G4FREERTOS3.elf.dir/Middlewares/Third_Party/FreeRTOS/Source/CMSIS_RTOS/cmsis_os.c.obj
                0x08002986                osDelay
 .text.vListInitialise
                0x08002994       0x16 CMakeFiles/G4FREERTOS3.elf.dir/Middlewares/Third_Party/FreeRTOS/Source/list.c.obj
                0x08002994                vListInitialise
 .text.vListInitialiseItem
                0x080029aa        0x6 CMakeFiles/G4FREERTOS3.elf.dir/Middlewares/Third_Party/FreeRTOS/Source/list.c.obj
                0x080029aa                vListInitialiseItem
 .text.vListInsertEnd
                0x080029b0       0x16 CMakeFiles/G4FREERTOS3.elf.dir/Middlewares/Third_Party/FreeRTOS/Source/list.c.obj
                0x080029b0                vListInsertEnd
 .text.vListInsert
                0x080029c6       0x32 CMakeFiles/G4FREERTOS3.elf.dir/Middlewares/Third_Party/FreeRTOS/Source/list.c.obj
                0x080029c6                vListInsert
 .text.uxListRemove
                0x080029f8       0x26 CMakeFiles/G4FREERTOS3.elf.dir/Middlewares/Third_Party/FreeRTOS/Source/list.c.obj
                0x080029f8                uxListRemove
 *fill*         0x08002a1e        0x2 
 .text.prvTaskExitError
                0x08002a20       0x40 CMakeFiles/G4FREERTOS3.elf.dir/Middlewares/Third_Party/FreeRTOS/Source/portable/GCC/ARM_CM4F/port.c.obj
 .text.prvPortStartFirstTask
                0x08002a60       0x28 CMakeFiles/G4FREERTOS3.elf.dir/Middlewares/Third_Party/FreeRTOS/Source/portable/GCC/ARM_CM4F/port.c.obj
 .text.vPortEnableVFP
                0x08002a88       0x14 CMakeFiles/G4FREERTOS3.elf.dir/Middlewares/Third_Party/FreeRTOS/Source/portable/GCC/ARM_CM4F/port.c.obj
 .text.pxPortInitialiseStack
                0x08002a9c       0x2c CMakeFiles/G4FREERTOS3.elf.dir/Middlewares/Third_Party/FreeRTOS/Source/portable/GCC/ARM_CM4F/port.c.obj
                0x08002a9c                pxPortInitialiseStack
 *fill*         0x08002ac8        0x8 
 .text.SVC_Handler
                0x08002ad0       0x24 CMakeFiles/G4FREERTOS3.elf.dir/Middlewares/Third_Party/FreeRTOS/Source/portable/GCC/ARM_CM4F/port.c.obj
                0x08002ad0                SVC_Handler
 .text.vPortEnterCritical
                0x08002af4       0x44 CMakeFiles/G4FREERTOS3.elf.dir/Middlewares/Third_Party/FreeRTOS/Source/portable/GCC/ARM_CM4F/port.c.obj
                0x08002af4                vPortEnterCritical
 .text.vPortExitCritical
                0x08002b38       0x2c CMakeFiles/G4FREERTOS3.elf.dir/Middlewares/Third_Party/FreeRTOS/Source/portable/GCC/ARM_CM4F/port.c.obj
                0x08002b38                vPortExitCritical
 *fill*         0x08002b64        0xc 
 .text.PendSV_Handler
                0x08002b70       0x64 CMakeFiles/G4FREERTOS3.elf.dir/Middlewares/Third_Party/FreeRTOS/Source/portable/GCC/ARM_CM4F/port.c.obj
                0x08002b70                PendSV_Handler
 .text.SysTick_Handler
                0x08002bd4       0x2c CMakeFiles/G4FREERTOS3.elf.dir/Middlewares/Third_Party/FreeRTOS/Source/portable/GCC/ARM_CM4F/port.c.obj
                0x08002bd4                SysTick_Handler
 .text.vPortSetupTimerInterrupt
                0x08002c00       0x28 CMakeFiles/G4FREERTOS3.elf.dir/Middlewares/Third_Party/FreeRTOS/Source/portable/GCC/ARM_CM4F/port.c.obj
                0x08002c00                vPortSetupTimerInterrupt
 .text.xPortStartScheduler
                0x08002c28      0x118 CMakeFiles/G4FREERTOS3.elf.dir/Middlewares/Third_Party/FreeRTOS/Source/portable/GCC/ARM_CM4F/port.c.obj
                0x08002c28                xPortStartScheduler
 .text.prvHeapInit
                0x08002d40       0x64 CMakeFiles/G4FREERTOS3.elf.dir/Middlewares/Third_Party/FreeRTOS/Source/portable/MemMang/heap_4.c.obj
 .text.prvInsertBlockIntoFreeList
                0x08002da4       0x64 CMakeFiles/G4FREERTOS3.elf.dir/Middlewares/Third_Party/FreeRTOS/Source/portable/MemMang/heap_4.c.obj
 .text.pvPortMalloc
                0x08002e08       0xfc CMakeFiles/G4FREERTOS3.elf.dir/Middlewares/Third_Party/FreeRTOS/Source/portable/MemMang/heap_4.c.obj
                0x08002e08                pvPortMalloc
 .text.vPortFree
                0x08002f04       0x7c CMakeFiles/G4FREERTOS3.elf.dir/Middlewares/Third_Party/FreeRTOS/Source/portable/MemMang/heap_4.c.obj
                0x08002f04                vPortFree
 .text.prvResetNextTaskUnblockTime
                0x08002f80       0x2c CMakeFiles/G4FREERTOS3.elf.dir/Middlewares/Third_Party/FreeRTOS/Source/tasks.c.obj
 .text.prvDeleteTCB
                0x08002fac       0x12 CMakeFiles/G4FREERTOS3.elf.dir/Middlewares/Third_Party/FreeRTOS/Source/tasks.c.obj
 .text.prvInitialiseNewTask
                0x08002fbe       0xa2 CMakeFiles/G4FREERTOS3.elf.dir/Middlewares/Third_Party/FreeRTOS/Source/tasks.c.obj
 .text.prvInitialiseTaskLists
                0x08003060       0x68 CMakeFiles/G4FREERTOS3.elf.dir/Middlewares/Third_Party/FreeRTOS/Source/tasks.c.obj
 .text.prvAddNewTaskToReadyList
                0x080030c8       0xa8 CMakeFiles/G4FREERTOS3.elf.dir/Middlewares/Third_Party/FreeRTOS/Source/tasks.c.obj
 .text.prvCheckTasksWaitingTermination
                0x08003170       0x4c CMakeFiles/G4FREERTOS3.elf.dir/Middlewares/Third_Party/FreeRTOS/Source/tasks.c.obj
 .text.prvIdleTask
                0x080031bc       0x28 CMakeFiles/G4FREERTOS3.elf.dir/Middlewares/Third_Party/FreeRTOS/Source/tasks.c.obj
 .text.prvAddCurrentTaskToDelayedList
                0x080031e4       0x98 CMakeFiles/G4FREERTOS3.elf.dir/Middlewares/Third_Party/FreeRTOS/Source/tasks.c.obj
 .text.xTaskCreate
                0x0800327c       0x64 CMakeFiles/G4FREERTOS3.elf.dir/Middlewares/Third_Party/FreeRTOS/Source/tasks.c.obj
                0x0800327c                xTaskCreate
 .text.vTaskStartScheduler
                0x080032e0       0x7c CMakeFiles/G4FREERTOS3.elf.dir/Middlewares/Third_Party/FreeRTOS/Source/tasks.c.obj
                0x080032e0                vTaskStartScheduler
 .text.vTaskSuspendAll
                0x0800335c       0x10 CMakeFiles/G4FREERTOS3.elf.dir/Middlewares/Third_Party/FreeRTOS/Source/tasks.c.obj
                0x0800335c                vTaskSuspendAll
 .text.xTaskIncrementTick
                0x0800336c      0x118 CMakeFiles/G4FREERTOS3.elf.dir/Middlewares/Third_Party/FreeRTOS/Source/tasks.c.obj
                0x0800336c                xTaskIncrementTick
 .text.xTaskResumeAll
                0x08003484       0xf8 CMakeFiles/G4FREERTOS3.elf.dir/Middlewares/Third_Party/FreeRTOS/Source/tasks.c.obj
                0x08003484                xTaskResumeAll
 .text.vTaskDelay
                0x0800357c       0x4c CMakeFiles/G4FREERTOS3.elf.dir/Middlewares/Third_Party/FreeRTOS/Source/tasks.c.obj
                0x0800357c                vTaskDelay
 .text.vTaskSwitchContext
                0x080035c8       0x98 CMakeFiles/G4FREERTOS3.elf.dir/Middlewares/Third_Party/FreeRTOS/Source/tasks.c.obj
                0x080035c8                vTaskSwitchContext
 .text.__errno  0x08003660        0xc h:/embedded/clion/gcc-arm-none-eabi-10.3-2021.10-win32/gcc-arm-none-eabi-10.3-2021.10/bin/../lib/gcc/arm-none-eabi/10.3.1/../../../../arm-none-eabi/lib/thumb/v7e-m+fp/hard\libg.a(lib_a-errno.o)
                0x08003660                __errno
 .text.__libc_init_array
                0x0800366c       0x48 h:/embedded/clion/gcc-arm-none-eabi-10.3-2021.10-win32/gcc-arm-none-eabi-10.3-2021.10/bin/../lib/gcc/arm-none-eabi/10.3.1/../../../../arm-none-eabi/lib/thumb/v7e-m+fp/hard\libg.a(lib_a-init.o)
                0x0800366c                __libc_init_array
 .text.memset   0x080036b4       0xa4 h:/embedded/clion/gcc-arm-none-eabi-10.3-2021.10-win32/gcc-arm-none-eabi-10.3-2021.10/bin/../lib/gcc/arm-none-eabi/10.3.1/../../../../arm-none-eabi/lib/thumb/v7e-m+fp/hard\libg.a(lib_a-memset.o)
                0x080036b4                memset
 .text._puts_r  0x08003758       0x9c h:/embedded/clion/gcc-arm-none-eabi-10.3-2021.10-win32/gcc-arm-none-eabi-10.3-2021.10/bin/../lib/gcc/arm-none-eabi/10.3.1/../../../../arm-none-eabi/lib/thumb/v7e-m+fp/hard\libg.a(lib_a-puts.o)
                0x08003758                _puts_r
 .text.puts     0x080037f4       0x10 h:/embedded/clion/gcc-arm-none-eabi-10.3-2021.10-win32/gcc-arm-none-eabi-10.3-2021.10/bin/../lib/gcc/arm-none-eabi/10.3.1/../../../../arm-none-eabi/lib/thumb/v7e-m+fp/hard\libg.a(lib_a-puts.o)
                0x080037f4                puts
 .text.startup.register_fini
                0x08003804       0x14 h:/embedded/clion/gcc-arm-none-eabi-10.3-2021.10-win32/gcc-arm-none-eabi-10.3-2021.10/bin/../lib/gcc/arm-none-eabi/10.3.1/../../../../arm-none-eabi/lib/thumb/v7e-m+fp/hard\libg.a(lib_a-__call_atexit.o)
 .text.atexit   0x08003818        0xc h:/embedded/clion/gcc-arm-none-eabi-10.3-2021.10-win32/gcc-arm-none-eabi-10.3-2021.10/bin/../lib/gcc/arm-none-eabi/10.3.1/../../../../arm-none-eabi/lib/thumb/v7e-m+fp/hard\libg.a(lib_a-atexit.o)
                0x08003818                atexit
 .text._cleanup_r
                0x08003824        0xc h:/embedded/clion/gcc-arm-none-eabi-10.3-2021.10-win32/gcc-arm-none-eabi-10.3-2021.10/bin/../lib/gcc/arm-none-eabi/10.3.1/../../../../arm-none-eabi/lib/thumb/v7e-m+fp/hard\libg.a(lib_a-findfp.o)
                0x08003824                _cleanup_r
 .text.__sinit  0x08003830      0x10c h:/embedded/clion/gcc-arm-none-eabi-10.3-2021.10-win32/gcc-arm-none-eabi-10.3-2021.10/bin/../lib/gcc/arm-none-eabi/10.3.1/../../../../arm-none-eabi/lib/thumb/v7e-m+fp/hard\libg.a(lib_a-findfp.o)
                0x08003830                __sinit
 .text.__sfp_lock_acquire
                0x0800393c        0xc h:/embedded/clion/gcc-arm-none-eabi-10.3-2021.10-win32/gcc-arm-none-eabi-10.3-2021.10/bin/../lib/gcc/arm-none-eabi/10.3.1/../../../../arm-none-eabi/lib/thumb/v7e-m+fp/hard\libg.a(lib_a-findfp.o)
                0x0800393c                __sfp_lock_acquire
 .text.__sfp_lock_release
                0x08003948        0xc h:/embedded/clion/gcc-arm-none-eabi-10.3-2021.10-win32/gcc-arm-none-eabi-10.3-2021.10/bin/../lib/gcc/arm-none-eabi/10.3.1/../../../../arm-none-eabi/lib/thumb/v7e-m+fp/hard\libg.a(lib_a-findfp.o)
                0x08003948                __sfp_lock_release
 .text.__libc_fini_array
                0x08003954       0x2c h:/embedded/clion/gcc-arm-none-eabi-10.3-2021.10-win32/gcc-arm-none-eabi-10.3-2021.10/bin/../lib/gcc/arm-none-eabi/10.3.1/../../../../arm-none-eabi/lib/thumb/v7e-m+fp/hard\libg.a(lib_a-fini.o)
                0x08003954                __libc_fini_array
 .text.__sfvwrite_r
                0x08003980      0x2f0 h:/embedded/clion/gcc-arm-none-eabi-10.3-2021.10-win32/gcc-arm-none-eabi-10.3-2021.10/bin/../lib/gcc/arm-none-eabi/10.3.1/../../../../arm-none-eabi/lib/thumb/v7e-m+fp/hard\libg.a(lib_a-fvwrite.o)
                0x08003980                __sfvwrite_r
 .text._fwalk_reent
                0x08003c70       0x48 h:/embedded/clion/gcc-arm-none-eabi-10.3-2021.10-win32/gcc-arm-none-eabi-10.3-2021.10/bin/../lib/gcc/arm-none-eabi/10.3.1/../../../../arm-none-eabi/lib/thumb/v7e-m+fp/hard\libg.a(lib_a-fwalk.o)
                0x08003c70                _fwalk_reent
 .text.__retarget_lock_init_recursive
                0x08003cb8        0x4 h:/embedded/clion/gcc-arm-none-eabi-10.3-2021.10-win32/gcc-arm-none-eabi-10.3-2021.10/bin/../lib/gcc/arm-none-eabi/10.3.1/../../../../arm-none-eabi/lib/thumb/v7e-m+fp/hard\libg.a(lib_a-lock.o)
                0x08003cb8                __retarget_lock_init_recursive
 .text.__retarget_lock_close_recursive
                0x08003cbc        0x4 h:/embedded/clion/gcc-arm-none-eabi-10.3-2021.10-win32/gcc-arm-none-eabi-10.3-2021.10/bin/../lib/gcc/arm-none-eabi/10.3.1/../../../../arm-none-eabi/lib/thumb/v7e-m+fp/hard\libg.a(lib_a-lock.o)
                0x08003cbc                __retarget_lock_close_recursive
 .text.__retarget_lock_acquire_recursive
                0x08003cc0        0x4 h:/embedded/clion/gcc-arm-none-eabi-10.3-2021.10-win32/gcc-arm-none-eabi-10.3-2021.10/bin/../lib/gcc/arm-none-eabi/10.3.1/../../../../arm-none-eabi/lib/thumb/v7e-m+fp/hard\libg.a(lib_a-lock.o)
                0x08003cc0                __retarget_lock_acquire_recursive
 .text.__retarget_lock_release_recursive
                0x08003cc4        0x4 h:/embedded/clion/gcc-arm-none-eabi-10.3-2021.10-win32/gcc-arm-none-eabi-10.3-2021.10/bin/../lib/gcc/arm-none-eabi/10.3.1/../../../../arm-none-eabi/lib/thumb/v7e-m+fp/hard\libg.a(lib_a-lock.o)
                0x08003cc4                __retarget_lock_release_recursive
 .text._malloc_r
                0x08003cc8      0x560 h:/embedded/clion/gcc-arm-none-eabi-10.3-2021.10-win32/gcc-arm-none-eabi-10.3-2021.10/bin/../lib/gcc/arm-none-eabi/10.3.1/../../../../arm-none-eabi/lib/thumb/v7e-m+fp/hard\libg.a(lib_a-mallocr.o)
                0x08003cc8                _malloc_r
 .text.memmove  0x08004228       0xf8 h:/embedded/clion/gcc-arm-none-eabi-10.3-2021.10-win32/gcc-arm-none-eabi-10.3-2021.10/bin/../lib/gcc/arm-none-eabi/10.3.1/../../../../arm-none-eabi/lib/thumb/v7e-m+fp/hard\libg.a(lib_a-memmove.o)
                0x08004228                memmove
 .text.__malloc_lock
                0x08004320        0xc h:/embedded/clion/gcc-arm-none-eabi-10.3-2021.10-win32/gcc-arm-none-eabi-10.3-2021.10/bin/../lib/gcc/arm-none-eabi/10.3.1/../../../../arm-none-eabi/lib/thumb/v7e-m+fp/hard\libg.a(lib_a-mlock.o)
                0x08004320                __malloc_lock
 .text.__malloc_unlock
                0x0800432c        0xc h:/embedded/clion/gcc-arm-none-eabi-10.3-2021.10-win32/gcc-arm-none-eabi-10.3-2021.10/bin/../lib/gcc/arm-none-eabi/10.3.1/../../../../arm-none-eabi/lib/thumb/v7e-m+fp/hard\libg.a(lib_a-mlock.o)
                0x0800432c                __malloc_unlock
 .text._realloc_r
                0x08004338      0x3d8 h:/embedded/clion/gcc-arm-none-eabi-10.3-2021.10-win32/gcc-arm-none-eabi-10.3-2021.10/bin/../lib/gcc/arm-none-eabi/10.3.1/../../../../arm-none-eabi/lib/thumb/v7e-m+fp/hard\libg.a(lib_a-reallocr.o)
                0x08004338                _realloc_r
 .text._sbrk_r  0x08004710       0x24 h:/embedded/clion/gcc-arm-none-eabi-10.3-2021.10-win32/gcc-arm-none-eabi-10.3-2021.10/bin/../lib/gcc/arm-none-eabi/10.3.1/../../../../arm-none-eabi/lib/thumb/v7e-m+fp/hard\libg.a(lib_a-sbrkr.o)
                0x08004710                _sbrk_r
 .text.__sread  0x08004734       0x24 h:/embedded/clion/gcc-arm-none-eabi-10.3-2021.10-win32/gcc-arm-none-eabi-10.3-2021.10/bin/../lib/gcc/arm-none-eabi/10.3.1/../../../../arm-none-eabi/lib/thumb/v7e-m+fp/hard\libg.a(lib_a-stdio.o)
                0x08004734                __sread
 .text.__swrite
                0x08004758       0x40 h:/embedded/clion/gcc-arm-none-eabi-10.3-2021.10-win32/gcc-arm-none-eabi-10.3-2021.10/bin/../lib/gcc/arm-none-eabi/10.3.1/../../../../arm-none-eabi/lib/thumb/v7e-m+fp/hard\libg.a(lib_a-stdio.o)
                0x08004758                __swrite
 .text.__sseek  0x08004798       0x20 h:/embedded/clion/gcc-arm-none-eabi-10.3-2021.10-win32/gcc-arm-none-eabi-10.3-2021.10/bin/../lib/gcc/arm-none-eabi/10.3.1/../../../../arm-none-eabi/lib/thumb/v7e-m+fp/hard\libg.a(lib_a-stdio.o)
                0x08004798                __sseek
 .text.__sclose
                0x080047b8        0x8 h:/embedded/clion/gcc-arm-none-eabi-10.3-2021.10-win32/gcc-arm-none-eabi-10.3-2021.10/bin/../lib/gcc/arm-none-eabi/10.3.1/../../../../arm-none-eabi/lib/thumb/v7e-m+fp/hard\libg.a(lib_a-stdio.o)
                0x080047b8                __sclose
 .text._write_r
                0x080047c0       0x2c h:/embedded/clion/gcc-arm-none-eabi-10.3-2021.10-win32/gcc-arm-none-eabi-10.3-2021.10/bin/../lib/gcc/arm-none-eabi/10.3.1/../../../../arm-none-eabi/lib/thumb/v7e-m+fp/hard\libg.a(lib_a-writer.o)
                0x080047c0                _write_r
 .text.__swsetup_r
                0x080047ec       0xd4 h:/embedded/clion/gcc-arm-none-eabi-10.3-2021.10-win32/gcc-arm-none-eabi-10.3-2021.10/bin/../lib/gcc/arm-none-eabi/10.3.1/../../../../arm-none-eabi/lib/thumb/v7e-m+fp/hard\libg.a(lib_a-wsetup.o)
                0x080047ec                __swsetup_r
 .text.__register_exitproc
                0x080048c0       0x8c h:/embedded/clion/gcc-arm-none-eabi-10.3-2021.10-win32/gcc-arm-none-eabi-10.3-2021.10/bin/../lib/gcc/arm-none-eabi/10.3.1/../../../../arm-none-eabi/lib/thumb/v7e-m+fp/hard\libg.a(lib_a-__atexit.o)
                0x080048c0                __register_exitproc
 .text._close_r
                0x0800494c       0x24 h:/embedded/clion/gcc-arm-none-eabi-10.3-2021.10-win32/gcc-arm-none-eabi-10.3-2021.10/bin/../lib/gcc/arm-none-eabi/10.3.1/../../../../arm-none-eabi/lib/thumb/v7e-m+fp/hard\libg.a(lib_a-closer.o)
                0x0800494c                _close_r
 .text._fclose_r
                0x08004970       0xcc h:/embedded/clion/gcc-arm-none-eabi-10.3-2021.10-win32/gcc-arm-none-eabi-10.3-2021.10/bin/../lib/gcc/arm-none-eabi/10.3.1/../../../../arm-none-eabi/lib/thumb/v7e-m+fp/hard\libg.a(lib_a-fclose.o)
                0x08004970                _fclose_r
 .text.__sflush_r
                0x08004a3c      0x130 h:/embedded/clion/gcc-arm-none-eabi-10.3-2021.10-win32/gcc-arm-none-eabi-10.3-2021.10/bin/../lib/gcc/arm-none-eabi/10.3.1/../../../../arm-none-eabi/lib/thumb/v7e-m+fp/hard\libg.a(lib_a-fflush.o)
                0x08004a3c                __sflush_r
 .text._fflush_r
                0x08004b6c       0x5c h:/embedded/clion/gcc-arm-none-eabi-10.3-2021.10-win32/gcc-arm-none-eabi-10.3-2021.10/bin/../lib/gcc/arm-none-eabi/10.3.1/../../../../arm-none-eabi/lib/thumb/v7e-m+fp/hard\libg.a(lib_a-fflush.o)
                0x08004b6c                _fflush_r
 .text._malloc_trim_r
                0x08004bc8       0xa0 h:/embedded/clion/gcc-arm-none-eabi-10.3-2021.10-win32/gcc-arm-none-eabi-10.3-2021.10/bin/../lib/gcc/arm-none-eabi/10.3.1/../../../../arm-none-eabi/lib/thumb/v7e-m+fp/hard\libg.a(lib_a-freer.o)
                0x08004bc8                _malloc_trim_r
 .text._free_r  0x08004c68      0x20c h:/embedded/clion/gcc-arm-none-eabi-10.3-2021.10-win32/gcc-arm-none-eabi-10.3-2021.10/bin/../lib/gcc/arm-none-eabi/10.3.1/../../../../arm-none-eabi/lib/thumb/v7e-m+fp/hard\libg.a(lib_a-freer.o)
                0x08004c68                _free_r
 .text._lseek_r
                0x08004e74       0x2c h:/embedded/clion/gcc-arm-none-eabi-10.3-2021.10-win32/gcc-arm-none-eabi-10.3-2021.10/bin/../lib/gcc/arm-none-eabi/10.3.1/../../../../arm-none-eabi/lib/thumb/v7e-m+fp/hard\libg.a(lib_a-lseekr.o)
                0x08004e74                _lseek_r
 .text.__smakebuf_r
                0x08004ea0       0xe0 h:/embedded/clion/gcc-arm-none-eabi-10.3-2021.10-win32/gcc-arm-none-eabi-10.3-2021.10/bin/../lib/gcc/arm-none-eabi/10.3.1/../../../../arm-none-eabi/lib/thumb/v7e-m+fp/hard\libg.a(lib_a-makebuf.o)
                0x08004ea0                __smakebuf_r
 .text._read_r  0x08004f80       0x2c h:/embedded/clion/gcc-arm-none-eabi-10.3-2021.10-win32/gcc-arm-none-eabi-10.3-2021.10/bin/../lib/gcc/arm-none-eabi/10.3.1/../../../../arm-none-eabi/lib/thumb/v7e-m+fp/hard\libg.a(lib_a-readr.o)
                0x08004f80                _read_r
 .text._fstat_r
                0x08004fac       0x2c h:/embedded/clion/gcc-arm-none-eabi-10.3-2021.10-win32/gcc-arm-none-eabi-10.3-2021.10/bin/../lib/gcc/arm-none-eabi/10.3.1/../../../../arm-none-eabi/lib/thumb/v7e-m+fp/hard\libg.a(lib_a-fstatr.o)
                0x08004fac                _fstat_r
 .text._isatty_r
                0x08004fd8       0x24 h:/embedded/clion/gcc-arm-none-eabi-10.3-2021.10-win32/gcc-arm-none-eabi-10.3-2021.10/bin/../lib/gcc/arm-none-eabi/10.3.1/../../../../arm-none-eabi/lib/thumb/v7e-m+fp/hard\libg.a(lib_a-isattyr.o)
                0x08004fd8                _isatty_r
 *(.glue_7)
 .glue_7        0x08004ffc        0x0 linker stubs
 *(.glue_7t)
 .glue_7t       0x08004ffc        0x0 linker stubs
 *(.eh_frame)
 .eh_frame      0x08004ffc        0x0 h:/embedded/clion/gcc-arm-none-eabi-10.3-2021.10-win32/gcc-arm-none-eabi-10.3-2021.10/bin/../lib/gcc/arm-none-eabi/10.3.1/thumb/v7e-m+fp/hard/crtbegin.o
 *(.init)
 .init          0x08004ffc        0x4 h:/embedded/clion/gcc-arm-none-eabi-10.3-2021.10-win32/gcc-arm-none-eabi-10.3-2021.10/bin/../lib/gcc/arm-none-eabi/10.3.1/thumb/v7e-m+fp/hard/crti.o
                0x08004ffc                _init
 .init          0x08005000        0x8 h:/embedded/clion/gcc-arm-none-eabi-10.3-2021.10-win32/gcc-arm-none-eabi-10.3-2021.10/bin/../lib/gcc/arm-none-eabi/10.3.1/thumb/v7e-m+fp/hard/crtn.o
 *(.fini)
 .fini          0x08005008        0x4 h:/embedded/clion/gcc-arm-none-eabi-10.3-2021.10-win32/gcc-arm-none-eabi-10.3-2021.10/bin/../lib/gcc/arm-none-eabi/10.3.1/thumb/v7e-m+fp/hard/crti.o
                0x08005008                _fini
 .fini          0x0800500c        0x8 h:/embedded/clion/gcc-arm-none-eabi-10.3-2021.10-win32/gcc-arm-none-eabi-10.3-2021.10/bin/../lib/gcc/arm-none-eabi/10.3.1/thumb/v7e-m+fp/hard/crtn.o
                0x08005014                . = ALIGN (0x4)
                0x08005014                _etext = .

.vfp11_veneer   0x08005014        0x0
 .vfp11_veneer  0x08005014        0x0 linker stubs

.v4_bx          0x08005014        0x0
 .v4_bx         0x08005014        0x0 linker stubs

.iplt           0x08005014        0x0
 .iplt          0x08005014        0x0 h:/embedded/clion/gcc-arm-none-eabi-10.3-2021.10-win32/gcc-arm-none-eabi-10.3-2021.10/bin/../lib/gcc/arm-none-eabi/10.3.1/thumb/v7e-m+fp/hard/crtbegin.o

.rodata         0x08005014       0x98
                0x08005014                . = ALIGN (0x4)
 *(.rodata)
 .rodata        0x08005014       0x28 CMakeFiles/G4FREERTOS3.elf.dir/Core/Src/app_freertos.c.obj
 *(.rodata*)
 .rodata.str1.4
                0x0800503c       0x15 CMakeFiles/G4FREERTOS3.elf.dir/Core/Src/app_freertos.c.obj
 *fill*         0x08005051        0x3 
 .rodata.StartTask02.str1.4
                0x08005054        0x8 CMakeFiles/G4FREERTOS3.elf.dir/Core/Src/app_freertos.c.obj
 .rodata.AHBPrescTable
                0x0800505c       0x10 CMakeFiles/G4FREERTOS3.elf.dir/Core/Src/system_stm32g4xx.c.obj
                0x0800505c                AHBPrescTable
 .rodata.APBPrescTable
                0x0800506c        0x8 CMakeFiles/G4FREERTOS3.elf.dir/Core/Src/system_stm32g4xx.c.obj
                0x0800506c                APBPrescTable
 .rodata.UARTPrescTable
                0x08005074       0x18 CMakeFiles/G4FREERTOS3.elf.dir/Drivers/STM32G4xx_HAL_Driver/Src/stm32g4xx_hal_uart.c.obj
                0x08005074                UARTPrescTable
 .rodata.denominator.0
                0x0800508c        0x8 CMakeFiles/G4FREERTOS3.elf.dir/Drivers/STM32G4xx_HAL_Driver/Src/stm32g4xx_hal_uart_ex.c.obj
 .rodata.numerator.1
                0x08005094        0x8 CMakeFiles/G4FREERTOS3.elf.dir/Drivers/STM32G4xx_HAL_Driver/Src/stm32g4xx_hal_uart_ex.c.obj
 .rodata.vTaskStartScheduler.str1.4
                0x0800509c        0x5 CMakeFiles/G4FREERTOS3.elf.dir/Middlewares/Third_Party/FreeRTOS/Source/tasks.c.obj
 *fill*         0x080050a1        0x3 
 .rodata._global_impure_ptr
                0x080050a4        0x4 h:/embedded/clion/gcc-arm-none-eabi-10.3-2021.10-win32/gcc-arm-none-eabi-10.3-2021.10/bin/../lib/gcc/arm-none-eabi/10.3.1/../../../../arm-none-eabi/lib/thumb/v7e-m+fp/hard\libg.a(lib_a-impure.o)
                0x080050a4                _global_impure_ptr
 .rodata._puts_r.str1.4
                0x080050a8        0x2 h:/embedded/clion/gcc-arm-none-eabi-10.3-2021.10-win32/gcc-arm-none-eabi-10.3-2021.10/bin/../lib/gcc/arm-none-eabi/10.3.1/../../../../arm-none-eabi/lib/thumb/v7e-m+fp/hard\libg.a(lib_a-puts.o)
                0x080050ac                . = ALIGN (0x4)
 *fill*         0x080050aa        0x2 

.ARM.extab      0x080050ac        0x0
                0x080050ac                . = ALIGN (0x4)
 *(.ARM.extab* .gnu.linkonce.armextab.*)
                0x080050ac                . = ALIGN (0x4)

.ARM            0x080050ac        0x8
                0x080050ac                . = ALIGN (0x4)
                0x080050ac                __exidx_start = .
 *(.ARM.exidx*)
 .ARM.exidx     0x080050ac        0x8 h:/embedded/clion/gcc-arm-none-eabi-10.3-2021.10-win32/gcc-arm-none-eabi-10.3-2021.10/bin/../lib/gcc/arm-none-eabi/10.3.1/thumb/v7e-m+fp/hard\libgcc.a(_udivmoddi4.o)
                0x080050b4                __exidx_end = .
                0x080050b4                . = ALIGN (0x4)

.rel.dyn        0x080050b4        0x0
 .rel.iplt      0x080050b4        0x0 h:/embedded/clion/gcc-arm-none-eabi-10.3-2021.10-win32/gcc-arm-none-eabi-10.3-2021.10/bin/../lib/gcc/arm-none-eabi/10.3.1/thumb/v7e-m+fp/hard/crtbegin.o

.preinit_array  0x080050b4        0x0
                0x080050b4                . = ALIGN (0x4)
                0x080050b4                PROVIDE (__preinit_array_start = .)
 *(.preinit_array*)
                0x080050b4                PROVIDE (__preinit_array_end = .)
                0x080050b4                . = ALIGN (0x4)

.init_array     0x080050b4        0x8
                0x080050b4                . = ALIGN (0x4)
                0x080050b4                PROVIDE (__init_array_start = .)
 *(SORT_BY_NAME(.init_array.*))
 .init_array.00000
                0x080050b4        0x4 h:/embedded/clion/gcc-arm-none-eabi-10.3-2021.10-win32/gcc-arm-none-eabi-10.3-2021.10/bin/../lib/gcc/arm-none-eabi/10.3.1/../../../../arm-none-eabi/lib/thumb/v7e-m+fp/hard\libg.a(lib_a-__call_atexit.o)
 *(.init_array*)
 .init_array    0x080050b8        0x4 h:/embedded/clion/gcc-arm-none-eabi-10.3-2021.10-win32/gcc-arm-none-eabi-10.3-2021.10/bin/../lib/gcc/arm-none-eabi/10.3.1/thumb/v7e-m+fp/hard/crtbegin.o
                0x080050bc                PROVIDE (__init_array_end = .)
                0x080050bc                . = ALIGN (0x4)

.fini_array     0x080050bc        0x4
                0x080050bc                . = ALIGN (0x4)
                0x080050bc                PROVIDE (__fini_array_start = .)
 *(SORT_BY_NAME(.fini_array.*))
 *(.fini_array*)
 .fini_array    0x080050bc        0x4 h:/embedded/clion/gcc-arm-none-eabi-10.3-2021.10-win32/gcc-arm-none-eabi-10.3-2021.10/bin/../lib/gcc/arm-none-eabi/10.3.1/thumb/v7e-m+fp/hard/crtbegin.o
                0x080050c0                PROVIDE (__fini_array_end = .)
                0x080050c0                . = ALIGN (0x4)
                0x080050c0                _sidata = LOADADDR (.data)

.data           0x20000000      0x854 load address 0x080050c0
                0x20000000                . = ALIGN (0x4)
                0x20000000                _sdata = .
 *(.data)
 *(.data*)
 .data.SystemCoreClock
                0x20000000        0x4 CMakeFiles/G4FREERTOS3.elf.dir/Core/Src/system_stm32g4xx.c.obj
                0x20000000                SystemCoreClock
 .data.uwTickFreq
                0x20000004        0x4 CMakeFiles/G4FREERTOS3.elf.dir/Drivers/STM32G4xx_HAL_Driver/Src/stm32g4xx_hal.c.obj
                0x20000004                uwTickFreq
 .data.uwTickPrio
                0x20000008        0x4 CMakeFiles/G4FREERTOS3.elf.dir/Drivers/STM32G4xx_HAL_Driver/Src/stm32g4xx_hal.c.obj
                0x20000008                uwTickPrio
 .data.uxCriticalNesting
                0x2000000c        0x4 CMakeFiles/G4FREERTOS3.elf.dir/Middlewares/Third_Party/FreeRTOS/Source/portable/GCC/ARM_CM4F/port.c.obj
 .data._impure_ptr
                0x20000010        0x4 h:/embedded/clion/gcc-arm-none-eabi-10.3-2021.10-win32/gcc-arm-none-eabi-10.3-2021.10/bin/../lib/gcc/arm-none-eabi/10.3.1/../../../../arm-none-eabi/lib/thumb/v7e-m+fp/hard\libg.a(lib_a-impure.o)
                0x20000010                _impure_ptr
 *fill*         0x20000014        0x4 
 .data.impure_data
                0x20000018      0x428 h:/embedded/clion/gcc-arm-none-eabi-10.3-2021.10-win32/gcc-arm-none-eabi-10.3-2021.10/bin/../lib/gcc/arm-none-eabi/10.3.1/../../../../arm-none-eabi/lib/thumb/v7e-m+fp/hard\libg.a(lib_a-impure.o)
 .data.__atexit_recursive_mutex
                0x20000440        0x4 h:/embedded/clion/gcc-arm-none-eabi-10.3-2021.10-win32/gcc-arm-none-eabi-10.3-2021.10/bin/../lib/gcc/arm-none-eabi/10.3.1/../../../../arm-none-eabi/lib/thumb/v7e-m+fp/hard\libg.a(lib_a-__call_atexit.o)
                0x20000440                __atexit_recursive_mutex
 .data.__malloc_av_
                0x20000444      0x408 h:/embedded/clion/gcc-arm-none-eabi-10.3-2021.10-win32/gcc-arm-none-eabi-10.3-2021.10/bin/../lib/gcc/arm-none-eabi/10.3.1/../../../../arm-none-eabi/lib/thumb/v7e-m+fp/hard\libg.a(lib_a-mallocr.o)
                0x20000444                __malloc_av_
 .data.__malloc_sbrk_base
                0x2000084c        0x4 h:/embedded/clion/gcc-arm-none-eabi-10.3-2021.10-win32/gcc-arm-none-eabi-10.3-2021.10/bin/../lib/gcc/arm-none-eabi/10.3.1/../../../../arm-none-eabi/lib/thumb/v7e-m+fp/hard\libg.a(lib_a-mallocr.o)
                0x2000084c                __malloc_sbrk_base
 .data.__malloc_trim_threshold
                0x20000850        0x4 h:/embedded/clion/gcc-arm-none-eabi-10.3-2021.10-win32/gcc-arm-none-eabi-10.3-2021.10/bin/../lib/gcc/arm-none-eabi/10.3.1/../../../../arm-none-eabi/lib/thumb/v7e-m+fp/hard\libg.a(lib_a-mallocr.o)
                0x20000850                __malloc_trim_threshold
 *(.RamFunc)
 *(.RamFunc*)
                0x20000854                . = ALIGN (0x4)
                0x20000854                _edata = .

.igot.plt       0x20000854        0x0 load address 0x08005914
 .igot.plt      0x20000854        0x0 h:/embedded/clion/gcc-arm-none-eabi-10.3-2021.10-win32/gcc-arm-none-eabi-10.3-2021.10/bin/../lib/gcc/arm-none-eabi/10.3.1/thumb/v7e-m+fp/hard/crtbegin.o
                0x20000854                . = ALIGN (0x4)

.bss            0x20000854      0xedc load address 0x08005914
                0x20000854                _sbss = .
                0x20000854                __bss_start__ = _sbss
 *(.bss)
 .bss           0x20000854       0x1c h:/embedded/clion/gcc-arm-none-eabi-10.3-2021.10-win32/gcc-arm-none-eabi-10.3-2021.10/bin/../lib/gcc/arm-none-eabi/10.3.1/thumb/v7e-m+fp/hard/crtbegin.o
 *(.bss*)
 .bss.defaultTaskHandle
                0x20000870        0x4 CMakeFiles/G4FREERTOS3.elf.dir/Core/Src/app_freertos.c.obj
                0x20000870                defaultTaskHandle
 .bss.myTask02Handle
                0x20000874        0x4 CMakeFiles/G4FREERTOS3.elf.dir/Core/Src/app_freertos.c.obj
                0x20000874                myTask02Handle
 .bss.htim1     0x20000878       0x4c CMakeFiles/G4FREERTOS3.elf.dir/Core/Src/stm32g4xx_hal_timebase_tim.c.obj
                0x20000878                htim1
 .bss.__sbrk_heap_end
                0x200008c4        0x4 CMakeFiles/G4FREERTOS3.elf.dir/Core/Src/sysmem.c.obj
 .bss.huart1    0x200008c8       0xc8 CMakeFiles/G4FREERTOS3.elf.dir/Core/Src/usart.c.obj
                0x200008c8                huart1
 .bss.uwTick    0x20000990        0x4 CMakeFiles/G4FREERTOS3.elf.dir/Drivers/STM32G4xx_HAL_Driver/Src/stm32g4xx_hal.c.obj
                0x20000990                uwTick
 .bss.ucMaxSysCallPriority
                0x20000994        0x1 CMakeFiles/G4FREERTOS3.elf.dir/Middlewares/Third_Party/FreeRTOS/Source/portable/GCC/ARM_CM4F/port.c.obj
 *fill*         0x20000995        0x3 
 .bss.ulMaxPRIGROUPValue
                0x20000998        0x4 CMakeFiles/G4FREERTOS3.elf.dir/Middlewares/Third_Party/FreeRTOS/Source/portable/GCC/ARM_CM4F/port.c.obj
 .bss.pxEnd     0x2000099c        0x4 CMakeFiles/G4FREERTOS3.elf.dir/Middlewares/Third_Party/FreeRTOS/Source/portable/MemMang/heap_4.c.obj
 .bss.ucHeap    0x200009a0      0xc00 CMakeFiles/G4FREERTOS3.elf.dir/Middlewares/Third_Party/FreeRTOS/Source/portable/MemMang/heap_4.c.obj
 .bss.xBlockAllocatedBit
                0x200015a0        0x4 CMakeFiles/G4FREERTOS3.elf.dir/Middlewares/Third_Party/FreeRTOS/Source/portable/MemMang/heap_4.c.obj
 .bss.xFreeBytesRemaining
                0x200015a4        0x4 CMakeFiles/G4FREERTOS3.elf.dir/Middlewares/Third_Party/FreeRTOS/Source/portable/MemMang/heap_4.c.obj
 .bss.xMinimumEverFreeBytesRemaining
                0x200015a8        0x4 CMakeFiles/G4FREERTOS3.elf.dir/Middlewares/Third_Party/FreeRTOS/Source/portable/MemMang/heap_4.c.obj
 .bss.xNumberOfSuccessfulAllocations
                0x200015ac        0x4 CMakeFiles/G4FREERTOS3.elf.dir/Middlewares/Third_Party/FreeRTOS/Source/portable/MemMang/heap_4.c.obj
 .bss.xNumberOfSuccessfulFrees
                0x200015b0        0x4 CMakeFiles/G4FREERTOS3.elf.dir/Middlewares/Third_Party/FreeRTOS/Source/portable/MemMang/heap_4.c.obj
 .bss.xStart    0x200015b4        0x8 CMakeFiles/G4FREERTOS3.elf.dir/Middlewares/Third_Party/FreeRTOS/Source/portable/MemMang/heap_4.c.obj
 .bss.pxCurrentTCB
                0x200015bc        0x4 CMakeFiles/G4FREERTOS3.elf.dir/Middlewares/Third_Party/FreeRTOS/Source/tasks.c.obj
                0x200015bc                pxCurrentTCB
 .bss.pxDelayedTaskList
                0x200015c0        0x4 CMakeFiles/G4FREERTOS3.elf.dir/Middlewares/Third_Party/FreeRTOS/Source/tasks.c.obj
 .bss.pxOverflowDelayedTaskList
                0x200015c4        0x4 CMakeFiles/G4FREERTOS3.elf.dir/Middlewares/Third_Party/FreeRTOS/Source/tasks.c.obj
 .bss.pxReadyTasksLists
                0x200015c8       0x8c CMakeFiles/G4FREERTOS3.elf.dir/Middlewares/Third_Party/FreeRTOS/Source/tasks.c.obj
 .bss.uxCurrentNumberOfTasks
                0x20001654        0x4 CMakeFiles/G4FREERTOS3.elf.dir/Middlewares/Third_Party/FreeRTOS/Source/tasks.c.obj
 .bss.uxDeletedTasksWaitingCleanUp
                0x20001658        0x4 CMakeFiles/G4FREERTOS3.elf.dir/Middlewares/Third_Party/FreeRTOS/Source/tasks.c.obj
 .bss.uxSchedulerSuspended
                0x2000165c        0x4 CMakeFiles/G4FREERTOS3.elf.dir/Middlewares/Third_Party/FreeRTOS/Source/tasks.c.obj
 .bss.uxTaskNumber
                0x20001660        0x4 CMakeFiles/G4FREERTOS3.elf.dir/Middlewares/Third_Party/FreeRTOS/Source/tasks.c.obj
 .bss.uxTopReadyPriority
                0x20001664        0x4 CMakeFiles/G4FREERTOS3.elf.dir/Middlewares/Third_Party/FreeRTOS/Source/tasks.c.obj
 .bss.xDelayedTaskList1
                0x20001668       0x14 CMakeFiles/G4FREERTOS3.elf.dir/Middlewares/Third_Party/FreeRTOS/Source/tasks.c.obj
 .bss.xDelayedTaskList2
                0x2000167c       0x14 CMakeFiles/G4FREERTOS3.elf.dir/Middlewares/Third_Party/FreeRTOS/Source/tasks.c.obj
 .bss.xIdleTaskHandle
                0x20001690        0x4 CMakeFiles/G4FREERTOS3.elf.dir/Middlewares/Third_Party/FreeRTOS/Source/tasks.c.obj
 .bss.xNextTaskUnblockTime
                0x20001694        0x4 CMakeFiles/G4FREERTOS3.elf.dir/Middlewares/Third_Party/FreeRTOS/Source/tasks.c.obj
 .bss.xNumOfOverflows
                0x20001698        0x4 CMakeFiles/G4FREERTOS3.elf.dir/Middlewares/Third_Party/FreeRTOS/Source/tasks.c.obj
 .bss.xPendedTicks
                0x2000169c        0x4 CMakeFiles/G4FREERTOS3.elf.dir/Middlewares/Third_Party/FreeRTOS/Source/tasks.c.obj
 .bss.xPendingReadyList
                0x200016a0       0x14 CMakeFiles/G4FREERTOS3.elf.dir/Middlewares/Third_Party/FreeRTOS/Source/tasks.c.obj
 .bss.xSchedulerRunning
                0x200016b4        0x4 CMakeFiles/G4FREERTOS3.elf.dir/Middlewares/Third_Party/FreeRTOS/Source/tasks.c.obj
 .bss.xSuspendedTaskList
                0x200016b8       0x14 CMakeFiles/G4FREERTOS3.elf.dir/Middlewares/Third_Party/FreeRTOS/Source/tasks.c.obj
 .bss.xTasksWaitingTermination
                0x200016cc       0x14 CMakeFiles/G4FREERTOS3.elf.dir/Middlewares/Third_Party/FreeRTOS/Source/tasks.c.obj
 .bss.xTickCount
                0x200016e0        0x4 CMakeFiles/G4FREERTOS3.elf.dir/Middlewares/Third_Party/FreeRTOS/Source/tasks.c.obj
 .bss.xYieldPending
                0x200016e4        0x4 CMakeFiles/G4FREERTOS3.elf.dir/Middlewares/Third_Party/FreeRTOS/Source/tasks.c.obj
 .bss.__lock___atexit_recursive_mutex
                0x200016e8        0x1 h:/embedded/clion/gcc-arm-none-eabi-10.3-2021.10-win32/gcc-arm-none-eabi-10.3-2021.10/bin/../lib/gcc/arm-none-eabi/10.3.1/../../../../arm-none-eabi/lib/thumb/v7e-m+fp/hard\libg.a(lib_a-lock.o)
                0x200016e8                __lock___atexit_recursive_mutex
 *fill*         0x200016e9        0x3 
 .bss.__lock___malloc_recursive_mutex
                0x200016ec        0x1 h:/embedded/clion/gcc-arm-none-eabi-10.3-2021.10-win32/gcc-arm-none-eabi-10.3-2021.10/bin/../lib/gcc/arm-none-eabi/10.3.1/../../../../arm-none-eabi/lib/thumb/v7e-m+fp/hard\libg.a(lib_a-lock.o)
                0x200016ec                __lock___malloc_recursive_mutex
 *fill*         0x200016ed        0x3 
 .bss.__lock___sfp_recursive_mutex
                0x200016f0        0x1 h:/embedded/clion/gcc-arm-none-eabi-10.3-2021.10-win32/gcc-arm-none-eabi-10.3-2021.10/bin/../lib/gcc/arm-none-eabi/10.3.1/../../../../arm-none-eabi/lib/thumb/v7e-m+fp/hard\libg.a(lib_a-lock.o)
                0x200016f0                __lock___sfp_recursive_mutex
 *fill*         0x200016f1        0x3 
 .bss.__lock___sinit_recursive_mutex
                0x200016f4        0x1 h:/embedded/clion/gcc-arm-none-eabi-10.3-2021.10-win32/gcc-arm-none-eabi-10.3-2021.10/bin/../lib/gcc/arm-none-eabi/10.3.1/../../../../arm-none-eabi/lib/thumb/v7e-m+fp/hard\libg.a(lib_a-lock.o)
                0x200016f4                __lock___sinit_recursive_mutex
 *fill*         0x200016f5        0x3 
 .bss.__malloc_current_mallinfo
                0x200016f8       0x28 h:/embedded/clion/gcc-arm-none-eabi-10.3-2021.10-win32/gcc-arm-none-eabi-10.3-2021.10/bin/../lib/gcc/arm-none-eabi/10.3.1/../../../../arm-none-eabi/lib/thumb/v7e-m+fp/hard\libg.a(lib_a-mallocr.o)
                0x200016f8                __malloc_current_mallinfo
 .bss.__malloc_max_sbrked_mem
                0x20001720        0x4 h:/embedded/clion/gcc-arm-none-eabi-10.3-2021.10-win32/gcc-arm-none-eabi-10.3-2021.10/bin/../lib/gcc/arm-none-eabi/10.3.1/../../../../arm-none-eabi/lib/thumb/v7e-m+fp/hard\libg.a(lib_a-mallocr.o)
                0x20001720                __malloc_max_sbrked_mem
 .bss.__malloc_max_total_mem
                0x20001724        0x4 h:/embedded/clion/gcc-arm-none-eabi-10.3-2021.10-win32/gcc-arm-none-eabi-10.3-2021.10/bin/../lib/gcc/arm-none-eabi/10.3.1/../../../../arm-none-eabi/lib/thumb/v7e-m+fp/hard\libg.a(lib_a-mallocr.o)
                0x20001724                __malloc_max_total_mem
 .bss.__malloc_top_pad
                0x20001728        0x4 h:/embedded/clion/gcc-arm-none-eabi-10.3-2021.10-win32/gcc-arm-none-eabi-10.3-2021.10/bin/../lib/gcc/arm-none-eabi/10.3.1/../../../../arm-none-eabi/lib/thumb/v7e-m+fp/hard\libg.a(lib_a-mallocr.o)
                0x20001728                __malloc_top_pad
 .bss.errno     0x2000172c        0x4 h:/embedded/clion/gcc-arm-none-eabi-10.3-2021.10-win32/gcc-arm-none-eabi-10.3-2021.10/bin/../lib/gcc/arm-none-eabi/10.3.1/../../../../arm-none-eabi/lib/thumb/v7e-m+fp/hard\libg.a(lib_a-reent.o)
                0x2000172c                errno
 *(COMMON)
                0x20001730                . = ALIGN (0x4)
                0x20001730                _ebss = .
                0x20001730                __bss_end__ = _ebss

._user_heap_stack
                0x20001730      0x600 load address 0x08005914
                0x20001730                . = ALIGN (0x8)
                [!provide]                PROVIDE (end = .)
                0x20001730                PROVIDE (_end = .)
                0x20001930                . = (. + _Min_Heap_Size)
 *fill*         0x20001730      0x200 
                0x20001d30                . = (. + _Min_Stack_Size)
 *fill*         0x20001930      0x400 
                0x20001d30                . = ALIGN (0x8)

/DISCARD/
 libc.a(*)
 libm.a(*)
 libgcc.a(*)

.ARM.attributes
                0x00000000       0x30
 *(.ARM.attributes)
 .ARM.attributes
                0x00000000       0x1e h:/embedded/clion/gcc-arm-none-eabi-10.3-2021.10-win32/gcc-arm-none-eabi-10.3-2021.10/bin/../lib/gcc/arm-none-eabi/10.3.1/thumb/v7e-m+fp/hard/crti.o
 .ARM.attributes
                0x0000001e       0x34 h:/embedded/clion/gcc-arm-none-eabi-10.3-2021.10-win32/gcc-arm-none-eabi-10.3-2021.10/bin/../lib/gcc/arm-none-eabi/10.3.1/thumb/v7e-m+fp/hard/crtbegin.o
 .ARM.attributes
                0x00000052       0x34 CMakeFiles/G4FREERTOS3.elf.dir/Core/Src/app_freertos.c.obj
 .ARM.attributes
                0x00000086       0x34 CMakeFiles/G4FREERTOS3.elf.dir/Core/Src/gpio.c.obj
 .ARM.attributes
                0x000000ba       0x34 CMakeFiles/G4FREERTOS3.elf.dir/Core/Src/main.c.obj
 .ARM.attributes
                0x000000ee       0x34 CMakeFiles/G4FREERTOS3.elf.dir/Core/Src/stm32g4xx_hal_msp.c.obj
 .ARM.attributes
                0x00000122       0x34 CMakeFiles/G4FREERTOS3.elf.dir/Core/Src/stm32g4xx_hal_timebase_tim.c.obj
 .ARM.attributes
                0x00000156       0x34 CMakeFiles/G4FREERTOS3.elf.dir/Core/Src/stm32g4xx_it.c.obj
 .ARM.attributes
                0x0000018a       0x34 CMakeFiles/G4FREERTOS3.elf.dir/Core/Src/syscalls.c.obj
 .ARM.attributes
                0x000001be       0x34 CMakeFiles/G4FREERTOS3.elf.dir/Core/Src/sysmem.c.obj
 .ARM.attributes
                0x000001f2       0x34 CMakeFiles/G4FREERTOS3.elf.dir/Core/Src/system_stm32g4xx.c.obj
 .ARM.attributes
                0x00000226       0x34 CMakeFiles/G4FREERTOS3.elf.dir/Core/Src/usart.c.obj
 .ARM.attributes
                0x0000025a       0x21 CMakeFiles/G4FREERTOS3.elf.dir/Core/Startup/startup_stm32g474retx.s.obj
 .ARM.attributes
                0x0000027b       0x34 CMakeFiles/G4FREERTOS3.elf.dir/Drivers/STM32G4xx_HAL_Driver/Src/stm32g4xx_hal.c.obj
 .ARM.attributes
                0x000002af       0x34 CMakeFiles/G4FREERTOS3.elf.dir/Drivers/STM32G4xx_HAL_Driver/Src/stm32g4xx_hal_cortex.c.obj
 .ARM.attributes
                0x000002e3       0x34 CMakeFiles/G4FREERTOS3.elf.dir/Drivers/STM32G4xx_HAL_Driver/Src/stm32g4xx_hal_gpio.c.obj
 .ARM.attributes
                0x00000317       0x34 CMakeFiles/G4FREERTOS3.elf.dir/Drivers/STM32G4xx_HAL_Driver/Src/stm32g4xx_hal_pwr_ex.c.obj
 .ARM.attributes
                0x0000034b       0x34 CMakeFiles/G4FREERTOS3.elf.dir/Drivers/STM32G4xx_HAL_Driver/Src/stm32g4xx_hal_rcc.c.obj
 .ARM.attributes
                0x0000037f       0x34 CMakeFiles/G4FREERTOS3.elf.dir/Drivers/STM32G4xx_HAL_Driver/Src/stm32g4xx_hal_rcc_ex.c.obj
 .ARM.attributes
                0x000003b3       0x34 CMakeFiles/G4FREERTOS3.elf.dir/Drivers/STM32G4xx_HAL_Driver/Src/stm32g4xx_hal_tim.c.obj
 .ARM.attributes
                0x000003e7       0x34 CMakeFiles/G4FREERTOS3.elf.dir/Drivers/STM32G4xx_HAL_Driver/Src/stm32g4xx_hal_tim_ex.c.obj
 .ARM.attributes
                0x0000041b       0x34 CMakeFiles/G4FREERTOS3.elf.dir/Drivers/STM32G4xx_HAL_Driver/Src/stm32g4xx_hal_uart.c.obj
 .ARM.attributes
                0x0000044f       0x34 CMakeFiles/G4FREERTOS3.elf.dir/Drivers/STM32G4xx_HAL_Driver/Src/stm32g4xx_hal_uart_ex.c.obj
 .ARM.attributes
                0x00000483       0x34 CMakeFiles/G4FREERTOS3.elf.dir/Middlewares/Third_Party/FreeRTOS/Source/CMSIS_RTOS/cmsis_os.c.obj
 .ARM.attributes
                0x000004b7       0x34 CMakeFiles/G4FREERTOS3.elf.dir/Middlewares/Third_Party/FreeRTOS/Source/list.c.obj
 .ARM.attributes
                0x000004eb       0x34 CMakeFiles/G4FREERTOS3.elf.dir/Middlewares/Third_Party/FreeRTOS/Source/portable/GCC/ARM_CM4F/port.c.obj
 .ARM.attributes
                0x0000051f       0x34 CMakeFiles/G4FREERTOS3.elf.dir/Middlewares/Third_Party/FreeRTOS/Source/portable/MemMang/heap_4.c.obj
 .ARM.attributes
                0x00000553       0x34 CMakeFiles/G4FREERTOS3.elf.dir/Middlewares/Third_Party/FreeRTOS/Source/tasks.c.obj
 .ARM.attributes
                0x00000587       0x1e h:/embedded/clion/gcc-arm-none-eabi-10.3-2021.10-win32/gcc-arm-none-eabi-10.3-2021.10/bin/../lib/gcc/arm-none-eabi/10.3.1/thumb/v7e-m+fp/hard\libgcc.a(_aeabi_uldivmod.o)
 .ARM.attributes
                0x000005a5       0x34 h:/embedded/clion/gcc-arm-none-eabi-10.3-2021.10-win32/gcc-arm-none-eabi-10.3-2021.10/bin/../lib/gcc/arm-none-eabi/10.3.1/thumb/v7e-m+fp/hard\libgcc.a(_udivmoddi4.o)
 .ARM.attributes
                0x000005d9       0x1e h:/embedded/clion/gcc-arm-none-eabi-10.3-2021.10-win32/gcc-arm-none-eabi-10.3-2021.10/bin/../lib/gcc/arm-none-eabi/10.3.1/thumb/v7e-m+fp/hard\libgcc.a(_dvmd_tls.o)
 .ARM.attributes
                0x000005f7       0x34 h:/embedded/clion/gcc-arm-none-eabi-10.3-2021.10-win32/gcc-arm-none-eabi-10.3-2021.10/bin/../lib/gcc/arm-none-eabi/10.3.1/../../../../arm-none-eabi/lib/thumb/v7e-m+fp/hard\libg.a(lib_a-errno.o)
 .ARM.attributes
                0x0000062b       0x34 h:/embedded/clion/gcc-arm-none-eabi-10.3-2021.10-win32/gcc-arm-none-eabi-10.3-2021.10/bin/../lib/gcc/arm-none-eabi/10.3.1/../../../../arm-none-eabi/lib/thumb/v7e-m+fp/hard\libg.a(lib_a-impure.o)
 .ARM.attributes
                0x0000065f       0x34 h:/embedded/clion/gcc-arm-none-eabi-10.3-2021.10-win32/gcc-arm-none-eabi-10.3-2021.10/bin/../lib/gcc/arm-none-eabi/10.3.1/../../../../arm-none-eabi/lib/thumb/v7e-m+fp/hard\libg.a(lib_a-init.o)
 .ARM.attributes
                0x00000693       0x1c h:/embedded/clion/gcc-arm-none-eabi-10.3-2021.10-win32/gcc-arm-none-eabi-10.3-2021.10/bin/../lib/gcc/arm-none-eabi/10.3.1/../../../../arm-none-eabi/lib/thumb/v7e-m+fp/hard\libg.a(lib_a-memcpy.o)
 .ARM.attributes
                0x000006af       0x34 h:/embedded/clion/gcc-arm-none-eabi-10.3-2021.10-win32/gcc-arm-none-eabi-10.3-2021.10/bin/../lib/gcc/arm-none-eabi/10.3.1/../../../../arm-none-eabi/lib/thumb/v7e-m+fp/hard\libg.a(lib_a-memset.o)
 .ARM.attributes
                0x000006e3       0x34 h:/embedded/clion/gcc-arm-none-eabi-10.3-2021.10-win32/gcc-arm-none-eabi-10.3-2021.10/bin/../lib/gcc/arm-none-eabi/10.3.1/../../../../arm-none-eabi/lib/thumb/v7e-m+fp/hard\libg.a(lib_a-puts.o)
 .ARM.attributes
                0x00000717       0x1c h:/embedded/clion/gcc-arm-none-eabi-10.3-2021.10-win32/gcc-arm-none-eabi-10.3-2021.10/bin/../lib/gcc/arm-none-eabi/10.3.1/../../../../arm-none-eabi/lib/thumb/v7e-m+fp/hard\libg.a(lib_a-strlen.o)
 .ARM.attributes
                0x00000733       0x34 h:/embedded/clion/gcc-arm-none-eabi-10.3-2021.10-win32/gcc-arm-none-eabi-10.3-2021.10/bin/../lib/gcc/arm-none-eabi/10.3.1/../../../../arm-none-eabi/lib/thumb/v7e-m+fp/hard\libg.a(lib_a-__call_atexit.o)
 .ARM.attributes
                0x00000767       0x34 h:/embedded/clion/gcc-arm-none-eabi-10.3-2021.10-win32/gcc-arm-none-eabi-10.3-2021.10/bin/../lib/gcc/arm-none-eabi/10.3.1/../../../../arm-none-eabi/lib/thumb/v7e-m+fp/hard\libg.a(lib_a-atexit.o)
 .ARM.attributes
                0x0000079b       0x34 h:/embedded/clion/gcc-arm-none-eabi-10.3-2021.10-win32/gcc-arm-none-eabi-10.3-2021.10/bin/../lib/gcc/arm-none-eabi/10.3.1/../../../../arm-none-eabi/lib/thumb/v7e-m+fp/hard\libg.a(lib_a-findfp.o)
 .ARM.attributes
                0x000007cf       0x34 h:/embedded/clion/gcc-arm-none-eabi-10.3-2021.10-win32/gcc-arm-none-eabi-10.3-2021.10/bin/../lib/gcc/arm-none-eabi/10.3.1/../../../../arm-none-eabi/lib/thumb/v7e-m+fp/hard\libg.a(lib_a-fini.o)
 .ARM.attributes
                0x00000803       0x34 h:/embedded/clion/gcc-arm-none-eabi-10.3-2021.10-win32/gcc-arm-none-eabi-10.3-2021.10/bin/../lib/gcc/arm-none-eabi/10.3.1/../../../../arm-none-eabi/lib/thumb/v7e-m+fp/hard\libg.a(lib_a-fvwrite.o)
 .ARM.attributes
                0x00000837       0x34 h:/embedded/clion/gcc-arm-none-eabi-10.3-2021.10-win32/gcc-arm-none-eabi-10.3-2021.10/bin/../lib/gcc/arm-none-eabi/10.3.1/../../../../arm-none-eabi/lib/thumb/v7e-m+fp/hard\libg.a(lib_a-fwalk.o)
 .ARM.attributes
                0x0000086b       0x34 h:/embedded/clion/gcc-arm-none-eabi-10.3-2021.10-win32/gcc-arm-none-eabi-10.3-2021.10/bin/../lib/gcc/arm-none-eabi/10.3.1/../../../../arm-none-eabi/lib/thumb/v7e-m+fp/hard\libg.a(lib_a-lock.o)
 .ARM.attributes
                0x0000089f       0x34 h:/embedded/clion/gcc-arm-none-eabi-10.3-2021.10-win32/gcc-arm-none-eabi-10.3-2021.10/bin/../lib/gcc/arm-none-eabi/10.3.1/../../../../arm-none-eabi/lib/thumb/v7e-m+fp/hard\libg.a(lib_a-mallocr.o)
 .ARM.attributes
                0x000008d3       0x1c h:/embedded/clion/gcc-arm-none-eabi-10.3-2021.10-win32/gcc-arm-none-eabi-10.3-2021.10/bin/../lib/gcc/arm-none-eabi/10.3.1/../../../../arm-none-eabi/lib/thumb/v7e-m+fp/hard\libg.a(lib_a-memchr.o)
 .ARM.attributes
                0x000008ef       0x34 h:/embedded/clion/gcc-arm-none-eabi-10.3-2021.10-win32/gcc-arm-none-eabi-10.3-2021.10/bin/../lib/gcc/arm-none-eabi/10.3.1/../../../../arm-none-eabi/lib/thumb/v7e-m+fp/hard\libg.a(lib_a-memmove.o)
 .ARM.attributes
                0x00000923       0x34 h:/embedded/clion/gcc-arm-none-eabi-10.3-2021.10-win32/gcc-arm-none-eabi-10.3-2021.10/bin/../lib/gcc/arm-none-eabi/10.3.1/../../../../arm-none-eabi/lib/thumb/v7e-m+fp/hard\libg.a(lib_a-mlock.o)
 .ARM.attributes
                0x00000957       0x34 h:/embedded/clion/gcc-arm-none-eabi-10.3-2021.10-win32/gcc-arm-none-eabi-10.3-2021.10/bin/../lib/gcc/arm-none-eabi/10.3.1/../../../../arm-none-eabi/lib/thumb/v7e-m+fp/hard\libg.a(lib_a-reallocr.o)
 .ARM.attributes
                0x0000098b       0x34 h:/embedded/clion/gcc-arm-none-eabi-10.3-2021.10-win32/gcc-arm-none-eabi-10.3-2021.10/bin/../lib/gcc/arm-none-eabi/10.3.1/../../../../arm-none-eabi/lib/thumb/v7e-m+fp/hard\libg.a(lib_a-sbrkr.o)
 .ARM.attributes
                0x000009bf       0x34 h:/embedded/clion/gcc-arm-none-eabi-10.3-2021.10-win32/gcc-arm-none-eabi-10.3-2021.10/bin/../lib/gcc/arm-none-eabi/10.3.1/../../../../arm-none-eabi/lib/thumb/v7e-m+fp/hard\libg.a(lib_a-stdio.o)
 .ARM.attributes
                0x000009f3       0x34 h:/embedded/clion/gcc-arm-none-eabi-10.3-2021.10-win32/gcc-arm-none-eabi-10.3-2021.10/bin/../lib/gcc/arm-none-eabi/10.3.1/../../../../arm-none-eabi/lib/thumb/v7e-m+fp/hard\libg.a(lib_a-writer.o)
 .ARM.attributes
                0x00000a27       0x34 h:/embedded/clion/gcc-arm-none-eabi-10.3-2021.10-win32/gcc-arm-none-eabi-10.3-2021.10/bin/../lib/gcc/arm-none-eabi/10.3.1/../../../../arm-none-eabi/lib/thumb/v7e-m+fp/hard\libg.a(lib_a-wsetup.o)
 .ARM.attributes
                0x00000a5b       0x34 h:/embedded/clion/gcc-arm-none-eabi-10.3-2021.10-win32/gcc-arm-none-eabi-10.3-2021.10/bin/../lib/gcc/arm-none-eabi/10.3.1/../../../../arm-none-eabi/lib/thumb/v7e-m+fp/hard\libg.a(lib_a-__atexit.o)
 .ARM.attributes
                0x00000a8f       0x34 h:/embedded/clion/gcc-arm-none-eabi-10.3-2021.10-win32/gcc-arm-none-eabi-10.3-2021.10/bin/../lib/gcc/arm-none-eabi/10.3.1/../../../../arm-none-eabi/lib/thumb/v7e-m+fp/hard\libg.a(lib_a-closer.o)
 .ARM.attributes
                0x00000ac3       0x34 h:/embedded/clion/gcc-arm-none-eabi-10.3-2021.10-win32/gcc-arm-none-eabi-10.3-2021.10/bin/../lib/gcc/arm-none-eabi/10.3.1/../../../../arm-none-eabi/lib/thumb/v7e-m+fp/hard\libg.a(lib_a-fclose.o)
 .ARM.attributes
                0x00000af7       0x34 h:/embedded/clion/gcc-arm-none-eabi-10.3-2021.10-win32/gcc-arm-none-eabi-10.3-2021.10/bin/../lib/gcc/arm-none-eabi/10.3.1/../../../../arm-none-eabi/lib/thumb/v7e-m+fp/hard\libg.a(lib_a-fflush.o)
 .ARM.attributes
                0x00000b2b       0x34 h:/embedded/clion/gcc-arm-none-eabi-10.3-2021.10-win32/gcc-arm-none-eabi-10.3-2021.10/bin/../lib/gcc/arm-none-eabi/10.3.1/../../../../arm-none-eabi/lib/thumb/v7e-m+fp/hard\libg.a(lib_a-freer.o)
 .ARM.attributes
                0x00000b5f       0x34 h:/embedded/clion/gcc-arm-none-eabi-10.3-2021.10-win32/gcc-arm-none-eabi-10.3-2021.10/bin/../lib/gcc/arm-none-eabi/10.3.1/../../../../arm-none-eabi/lib/thumb/v7e-m+fp/hard\libg.a(lib_a-lseekr.o)
 .ARM.attributes
                0x00000b93       0x34 h:/embedded/clion/gcc-arm-none-eabi-10.3-2021.10-win32/gcc-arm-none-eabi-10.3-2021.10/bin/../lib/gcc/arm-none-eabi/10.3.1/../../../../arm-none-eabi/lib/thumb/v7e-m+fp/hard\libg.a(lib_a-makebuf.o)
 .ARM.attributes
                0x00000bc7       0x34 h:/embedded/clion/gcc-arm-none-eabi-10.3-2021.10-win32/gcc-arm-none-eabi-10.3-2021.10/bin/../lib/gcc/arm-none-eabi/10.3.1/../../../../arm-none-eabi/lib/thumb/v7e-m+fp/hard\libg.a(lib_a-readr.o)
 .ARM.attributes
                0x00000bfb       0x34 h:/embedded/clion/gcc-arm-none-eabi-10.3-2021.10-win32/gcc-arm-none-eabi-10.3-2021.10/bin/../lib/gcc/arm-none-eabi/10.3.1/../../../../arm-none-eabi/lib/thumb/v7e-m+fp/hard\libg.a(lib_a-reent.o)
 .ARM.attributes
                0x00000c2f       0x34 h:/embedded/clion/gcc-arm-none-eabi-10.3-2021.10-win32/gcc-arm-none-eabi-10.3-2021.10/bin/../lib/gcc/arm-none-eabi/10.3.1/../../../../arm-none-eabi/lib/thumb/v7e-m+fp/hard\libg.a(lib_a-fstatr.o)
 .ARM.attributes
                0x00000c63       0x34 h:/embedded/clion/gcc-arm-none-eabi-10.3-2021.10-win32/gcc-arm-none-eabi-10.3-2021.10/bin/../lib/gcc/arm-none-eabi/10.3.1/../../../../arm-none-eabi/lib/thumb/v7e-m+fp/hard\libg.a(lib_a-isattyr.o)
 .ARM.attributes
                0x00000c97       0x1e h:/embedded/clion/gcc-arm-none-eabi-10.3-2021.10-win32/gcc-arm-none-eabi-10.3-2021.10/bin/../lib/gcc/arm-none-eabi/10.3.1/thumb/v7e-m+fp/hard/crtn.o
OUTPUT(G4FREERTOS3.elf elf32-littlearm)
LOAD linker stubs
LOAD h:/embedded/clion/gcc-arm-none-eabi-10.3-2021.10-win32/gcc-arm-none-eabi-10.3-2021.10/bin/../lib/gcc/arm-none-eabi/10.3.1/../../../../arm-none-eabi/lib/thumb/v7e-m+fp/hard\libc.a
LOAD h:/embedded/clion/gcc-arm-none-eabi-10.3-2021.10-win32/gcc-arm-none-eabi-10.3-2021.10/bin/../lib/gcc/arm-none-eabi/10.3.1/../../../../arm-none-eabi/lib/thumb/v7e-m+fp/hard\libm.a
LOAD h:/embedded/clion/gcc-arm-none-eabi-10.3-2021.10-win32/gcc-arm-none-eabi-10.3-2021.10/bin/../lib/gcc/arm-none-eabi/10.3.1/thumb/v7e-m+fp/hard\libgcc.a

.debug_info     0x00000000    0x1d24a
 .debug_info    0x00000000      0x419 CMakeFiles/G4FREERTOS3.elf.dir/Core/Src/app_freertos.c.obj
 .debug_info    0x00000419      0x4ea CMakeFiles/G4FREERTOS3.elf.dir/Core/Src/gpio.c.obj
 .debug_info    0x00000903     0x101a CMakeFiles/G4FREERTOS3.elf.dir/Core/Src/main.c.obj
 .debug_info    0x0000191d      0x60c CMakeFiles/G4FREERTOS3.elf.dir/Core/Src/stm32g4xx_hal_msp.c.obj
 .debug_info    0x00001f29      0xf0b CMakeFiles/G4FREERTOS3.elf.dir/Core/Src/stm32g4xx_hal_timebase_tim.c.obj
 .debug_info    0x00002e34      0x887 CMakeFiles/G4FREERTOS3.elf.dir/Core/Src/stm32g4xx_it.c.obj
 .debug_info    0x000036bb      0x7af CMakeFiles/G4FREERTOS3.elf.dir/Core/Src/syscalls.c.obj
 .debug_info    0x00003e6a      0x174 CMakeFiles/G4FREERTOS3.elf.dir/Core/Src/sysmem.c.obj
 .debug_info    0x00003fde      0x5b4 CMakeFiles/G4FREERTOS3.elf.dir/Core/Src/system_stm32g4xx.c.obj
 .debug_info    0x00004592      0xf62 CMakeFiles/G4FREERTOS3.elf.dir/Core/Src/usart.c.obj
 .debug_info    0x000054f4       0x22 CMakeFiles/G4FREERTOS3.elf.dir/Core/Startup/startup_stm32g474retx.s.obj
 .debug_info    0x00005516      0xc2d CMakeFiles/G4FREERTOS3.elf.dir/Drivers/STM32G4xx_HAL_Driver/Src/stm32g4xx_hal.c.obj
 .debug_info    0x00006143     0x10fb CMakeFiles/G4FREERTOS3.elf.dir/Drivers/STM32G4xx_HAL_Driver/Src/stm32g4xx_hal_cortex.c.obj
 .debug_info    0x0000723e      0x865 CMakeFiles/G4FREERTOS3.elf.dir/Drivers/STM32G4xx_HAL_Driver/Src/stm32g4xx_hal_gpio.c.obj
 .debug_info    0x00007aa3      0xa07 CMakeFiles/G4FREERTOS3.elf.dir/Drivers/STM32G4xx_HAL_Driver/Src/stm32g4xx_hal_pwr_ex.c.obj
 .debug_info    0x000084aa      0xefa CMakeFiles/G4FREERTOS3.elf.dir/Drivers/STM32G4xx_HAL_Driver/Src/stm32g4xx_hal_rcc.c.obj
 .debug_info    0x000093a4      0xf39 CMakeFiles/G4FREERTOS3.elf.dir/Drivers/STM32G4xx_HAL_Driver/Src/stm32g4xx_hal_rcc_ex.c.obj
 .debug_info    0x0000a2dd     0x40a4 CMakeFiles/G4FREERTOS3.elf.dir/Drivers/STM32G4xx_HAL_Driver/Src/stm32g4xx_hal_tim.c.obj
 .debug_info    0x0000e381     0x250e CMakeFiles/G4FREERTOS3.elf.dir/Drivers/STM32G4xx_HAL_Driver/Src/stm32g4xx_hal_tim_ex.c.obj
 .debug_info    0x0001088f     0x642f CMakeFiles/G4FREERTOS3.elf.dir/Drivers/STM32G4xx_HAL_Driver/Src/stm32g4xx_hal_uart.c.obj
 .debug_info    0x00016cbe     0x131e CMakeFiles/G4FREERTOS3.elf.dir/Drivers/STM32G4xx_HAL_Driver/Src/stm32g4xx_hal_uart_ex.c.obj
 .debug_info    0x00017fdc     0x1dce CMakeFiles/G4FREERTOS3.elf.dir/Middlewares/Third_Party/FreeRTOS/Source/CMSIS_RTOS/cmsis_os.c.obj
 .debug_info    0x00019daa      0x2e0 CMakeFiles/G4FREERTOS3.elf.dir/Middlewares/Third_Party/FreeRTOS/Source/list.c.obj
 .debug_info    0x0001a08a      0x587 CMakeFiles/G4FREERTOS3.elf.dir/Middlewares/Third_Party/FreeRTOS/Source/portable/GCC/ARM_CM4F/port.c.obj
 .debug_info    0x0001a611      0x5d9 CMakeFiles/G4FREERTOS3.elf.dir/Middlewares/Third_Party/FreeRTOS/Source/portable/MemMang/heap_4.c.obj
 .debug_info    0x0001abea     0x2660 CMakeFiles/G4FREERTOS3.elf.dir/Middlewares/Third_Party/FreeRTOS/Source/tasks.c.obj

.debug_abbrev   0x00000000     0x3584
 .debug_abbrev  0x00000000      0x1aa CMakeFiles/G4FREERTOS3.elf.dir/Core/Src/app_freertos.c.obj
 .debug_abbrev  0x000001aa      0x14e CMakeFiles/G4FREERTOS3.elf.dir/Core/Src/gpio.c.obj
 .debug_abbrev  0x000002f8      0x26e CMakeFiles/G4FREERTOS3.elf.dir/Core/Src/main.c.obj
 .debug_abbrev  0x00000566      0x114 CMakeFiles/G4FREERTOS3.elf.dir/Core/Src/stm32g4xx_hal_msp.c.obj
 .debug_abbrev  0x0000067a      0x230 CMakeFiles/G4FREERTOS3.elf.dir/Core/Src/stm32g4xx_hal_timebase_tim.c.obj
 .debug_abbrev  0x000008aa      0x1aa CMakeFiles/G4FREERTOS3.elf.dir/Core/Src/stm32g4xx_it.c.obj
 .debug_abbrev  0x00000a54      0x1a3 CMakeFiles/G4FREERTOS3.elf.dir/Core/Src/syscalls.c.obj
 .debug_abbrev  0x00000bf7       0xe7 CMakeFiles/G4FREERTOS3.elf.dir/Core/Src/sysmem.c.obj
 .debug_abbrev  0x00000cde      0x119 CMakeFiles/G4FREERTOS3.elf.dir/Core/Src/system_stm32g4xx.c.obj
 .debug_abbrev  0x00000df7      0x1eb CMakeFiles/G4FREERTOS3.elf.dir/Core/Src/usart.c.obj
 .debug_abbrev  0x00000fe2       0x12 CMakeFiles/G4FREERTOS3.elf.dir/Core/Startup/startup_stm32g474retx.s.obj
 .debug_abbrev  0x00000ff4      0x23e CMakeFiles/G4FREERTOS3.elf.dir/Drivers/STM32G4xx_HAL_Driver/Src/stm32g4xx_hal.c.obj
 .debug_abbrev  0x00001232      0x361 CMakeFiles/G4FREERTOS3.elf.dir/Drivers/STM32G4xx_HAL_Driver/Src/stm32g4xx_hal_cortex.c.obj
 .debug_abbrev  0x00001593      0x1e6 CMakeFiles/G4FREERTOS3.elf.dir/Drivers/STM32G4xx_HAL_Driver/Src/stm32g4xx_hal_gpio.c.obj
 .debug_abbrev  0x00001779      0x245 CMakeFiles/G4FREERTOS3.elf.dir/Drivers/STM32G4xx_HAL_Driver/Src/stm32g4xx_hal_pwr_ex.c.obj
 .debug_abbrev  0x000019be      0x26f CMakeFiles/G4FREERTOS3.elf.dir/Drivers/STM32G4xx_HAL_Driver/Src/stm32g4xx_hal_rcc.c.obj
 .debug_abbrev  0x00001c2d      0x243 CMakeFiles/G4FREERTOS3.elf.dir/Drivers/STM32G4xx_HAL_Driver/Src/stm32g4xx_hal_rcc_ex.c.obj
 .debug_abbrev  0x00001e70      0x25c CMakeFiles/G4FREERTOS3.elf.dir/Drivers/STM32G4xx_HAL_Driver/Src/stm32g4xx_hal_tim.c.obj
 .debug_abbrev  0x000020cc      0x272 CMakeFiles/G4FREERTOS3.elf.dir/Drivers/STM32G4xx_HAL_Driver/Src/stm32g4xx_hal_tim_ex.c.obj
 .debug_abbrev  0x0000233e      0x329 CMakeFiles/G4FREERTOS3.elf.dir/Drivers/STM32G4xx_HAL_Driver/Src/stm32g4xx_hal_uart.c.obj
 .debug_abbrev  0x00002667      0x2f2 CMakeFiles/G4FREERTOS3.elf.dir/Drivers/STM32G4xx_HAL_Driver/Src/stm32g4xx_hal_uart_ex.c.obj
 .debug_abbrev  0x00002959      0x36d CMakeFiles/G4FREERTOS3.elf.dir/Middlewares/Third_Party/FreeRTOS/Source/CMSIS_RTOS/cmsis_os.c.obj
 .debug_abbrev  0x00002cc6      0x106 CMakeFiles/G4FREERTOS3.elf.dir/Middlewares/Third_Party/FreeRTOS/Source/list.c.obj
 .debug_abbrev  0x00002dcc      0x26b CMakeFiles/G4FREERTOS3.elf.dir/Middlewares/Third_Party/FreeRTOS/Source/portable/GCC/ARM_CM4F/port.c.obj
 .debug_abbrev  0x00003037      0x24b CMakeFiles/G4FREERTOS3.elf.dir/Middlewares/Third_Party/FreeRTOS/Source/portable/MemMang/heap_4.c.obj
 .debug_abbrev  0x00003282      0x302 CMakeFiles/G4FREERTOS3.elf.dir/Middlewares/Third_Party/FreeRTOS/Source/tasks.c.obj

.debug_loc      0x00000000    0x162a3
 .debug_loc     0x00000000       0x4a CMakeFiles/G4FREERTOS3.elf.dir/Core/Src/app_freertos.c.obj
 .debug_loc     0x0000004a       0x65 CMakeFiles/G4FREERTOS3.elf.dir/Core/Src/main.c.obj
 .debug_loc     0x000000af       0xd0 CMakeFiles/G4FREERTOS3.elf.dir/Core/Src/stm32g4xx_hal_timebase_tim.c.obj
 .debug_loc     0x0000017f      0x3c5 CMakeFiles/G4FREERTOS3.elf.dir/Core/Src/syscalls.c.obj
 .debug_loc     0x00000544       0x64 CMakeFiles/G4FREERTOS3.elf.dir/Core/Src/sysmem.c.obj
 .debug_loc     0x000005a8       0x9d CMakeFiles/G4FREERTOS3.elf.dir/Core/Src/system_stm32g4xx.c.obj
 .debug_loc     0x00000645       0x64 CMakeFiles/G4FREERTOS3.elf.dir/Core/Src/usart.c.obj
 .debug_loc     0x000006a9      0x1ef CMakeFiles/G4FREERTOS3.elf.dir/Drivers/STM32G4xx_HAL_Driver/Src/stm32g4xx_hal.c.obj
 .debug_loc     0x00000898      0x736 CMakeFiles/G4FREERTOS3.elf.dir/Drivers/STM32G4xx_HAL_Driver/Src/stm32g4xx_hal_cortex.c.obj
 .debug_loc     0x00000fce      0x3b3 CMakeFiles/G4FREERTOS3.elf.dir/Drivers/STM32G4xx_HAL_Driver/Src/stm32g4xx_hal_gpio.c.obj
 .debug_loc     0x00001381      0xa23 CMakeFiles/G4FREERTOS3.elf.dir/Drivers/STM32G4xx_HAL_Driver/Src/stm32g4xx_hal_pwr_ex.c.obj
 .debug_loc     0x00001da4      0x84d CMakeFiles/G4FREERTOS3.elf.dir/Drivers/STM32G4xx_HAL_Driver/Src/stm32g4xx_hal_rcc.c.obj
 .debug_loc     0x000025f1     0x1523 CMakeFiles/G4FREERTOS3.elf.dir/Drivers/STM32G4xx_HAL_Driver/Src/stm32g4xx_hal_rcc_ex.c.obj
 .debug_loc     0x00003b14     0x5825 CMakeFiles/G4FREERTOS3.elf.dir/Drivers/STM32G4xx_HAL_Driver/Src/stm32g4xx_hal_tim.c.obj
 .debug_loc     0x00009339     0x2b38 CMakeFiles/G4FREERTOS3.elf.dir/Drivers/STM32G4xx_HAL_Driver/Src/stm32g4xx_hal_tim_ex.c.obj
 .debug_loc     0x0000be71     0x6245 CMakeFiles/G4FREERTOS3.elf.dir/Drivers/STM32G4xx_HAL_Driver/Src/stm32g4xx_hal_uart.c.obj
 .debug_loc     0x000120b6      0xc43 CMakeFiles/G4FREERTOS3.elf.dir/Drivers/STM32G4xx_HAL_Driver/Src/stm32g4xx_hal_uart_ex.c.obj
 .debug_loc     0x00012cf9     0x1224 CMakeFiles/G4FREERTOS3.elf.dir/Middlewares/Third_Party/FreeRTOS/Source/CMSIS_RTOS/cmsis_os.c.obj
 .debug_loc     0x00013f1d       0xad CMakeFiles/G4FREERTOS3.elf.dir/Middlewares/Third_Party/FreeRTOS/Source/list.c.obj
 .debug_loc     0x00013fca      0x124 CMakeFiles/G4FREERTOS3.elf.dir/Middlewares/Third_Party/FreeRTOS/Source/portable/GCC/ARM_CM4F/port.c.obj
 .debug_loc     0x000140ee      0x434 CMakeFiles/G4FREERTOS3.elf.dir/Middlewares/Third_Party/FreeRTOS/Source/portable/MemMang/heap_4.c.obj
 .debug_loc     0x00014522     0x1d81 CMakeFiles/G4FREERTOS3.elf.dir/Middlewares/Third_Party/FreeRTOS/Source/tasks.c.obj

.debug_aranges  0x00000000     0x1500
 .debug_aranges
                0x00000000       0x30 CMakeFiles/G4FREERTOS3.elf.dir/Core/Src/app_freertos.c.obj
 .debug_aranges